03-23 18:43:45.738  5378  5378 D FloatingIconView2: update, progress=0.16686463, floatingIconViewRect=RectF(228.17517, 485.5686, 1753.0154, 2664.7712)
03-23 18:43:45.738  5378  5378 D FloatingIconView2: update, getX=193.61914, getY=416.60413 , width=151, height=219, alpha=0.0
03-23 18:43:45.738  5378  5378 D FloatingIconView2: updateTranslation, rect=RectF(229.17517, 486.5686, 1752.0154, 2663.7712), transX=-1127.8248 , transY=-1672.4314
03-23 18:43:45.738  5378  5378 D FloatingIconView2: updateScale, rect=RectF(229.17517, 486.5686, 1752.0154, 2663.7712), scaleX=10.085034, scaleY=10.085035, mFloatingIconViewScale=10.085034
03-23 18:43:45.738  5378  5378 D FloatingIconView2: updateClipPath: width = 151 lp.width = 151.0 height = 219 lp.height = 215.88449
03-23 18:43:45.738  5378  5378 D ClipAnimationHelper: initCropFromCalculateSurfaceParams: Rect(0, 0 - 1800, 2880)
03-23 18:43:45.738  5378  5378 D ClipAnimationHelper: initCropFromCalculateSurfaceParams: Rect(0, 0 - 1800, 2880)
03-23 18:43:45.739  5378  5378 D FloatingIconView2: drawBadge
03-23 18:43:45.741  2646  5582 D MiuiRefreshRatePolicy: reset
03-23 18:43:45.742  1615  1857 D RenderEngine: drawLayersInternal layername:Floating Dock#92 regionblurRadius:100 blurInput:1800x2880 blurRect:1800x448
03-23 18:43:45.743  1413  1882 W SDM-histogram: Discarding event blob-id: B6
03-23 18:43:45.744  5378  5378 D GestureTouchEventTracker: mTriggeringGesture = true
03-23 18:43:45.744  5378  5378 D GestureTouchEventTracker: calculateAnimVelocityTaskPosition    animVelocityPer=0.42708334   mAnimVelocityCurTaskWidth=697.6167   mAnimVelocityCurTaskX=-66.639465   mAnimVelocityCurTaskY=674.7927   mTaskViewInitRect=Rect(0, 0 - 1800, 2880)
03-23 18:43:45.744  5378  5378 D GestureAnimVelocityTracker: animToButNotReady, params=RectFParams(targetApps=null, startRect=null, targetRect=RectF(-66.639465, 674.7927, 630.97723, 1790.9795), startRadius=17.827982, endRadius=17.827982, startAlpha=1.0, endAlpha=1.0, animType=CLOSE_TO_DRAG, ignoreIcon=false, showTask=false, isQuickSwitchMode=false, targetView=null, animListener=null, clipAnimationHelper=null, clearLastListener=false, currentDisplayRotation=0, homeRotation=0, needFinishOnAnimEnd=true, currentTaskIndex=0, isSplitModeBack=false, isGestureHalf=false, runningTaskIndex=-1, isUseTranslucentAnim=false, taskFormHome=false, taskFromApp=false, startRadii=[17.827982, 17.827982, 17.827982, 17.827982], endRadii=[17.827982, 17.827982, 17.827982, 17.827982], isCloseToCenter=false, needUnsetPauseUserLeaving=false)
03-23 18:43:45.745  5378  5378 I Launcher.DeviceConfig: isSupportHotSeatsBlurV2 version = 2
03-23 18:43:45.745  5378  5378 D Launcher.Launcher.MiShadowUtils: applyViewShadow com.miui.home.launcher.hotseats.HotSeatsListContentBlurBackground2{260fd83 V.E...... ........ 47,9-1752,191 #7f0a0221 app:id/hotseat_background}, color = 0X24000000, offsetX = 0.0, offsetY = 23.0, radius = 105.0, dispersion = 1.0
03-23 18:43:45.745  5378  5378 I RectFSpringAnim: onUpdate mCurrentRect mCurrentRatio init = 1.4059663
03-23 18:43:45.745  5378  5378 D FloatingIconView2: update, progress=0.19364083, floatingIconViewRect=RectF(264.94067, 556.188, 1745.627, 2637.983)
03-23 18:43:45.745  5378  5378 D FloatingIconView2: update, getX=229.17517, getY=486.5686 , width=151, height=216, alpha=0.0
03-23 18:43:45.745  5378  5378 D FloatingIconView2: updateTranslation, rect=RectF(265.94067, 557.188, 1744.627, 2636.983), transX=-1091.0593 , transY=-1601.812
03-23 18:43:45.745  5378  5378 D FloatingIconView2: updateScale, rect=RectF(265.94067, 557.188, 1744.627, 2636.983), scaleX=9.792624, scaleY=9.792624, mFloatingIconViewScale=9.792624
03-23 18:43:45.745  5378  5378 D FloatingIconView2: updateClipPath: width = 151 lp.width = 151.0 height = 216 lp.height = 212.38382
03-23 18:43:45.745  5378  5378 D ClipAnimationHelper: initCropFromCalculateSurfaceParams: Rect(0, 0 - 1800, 2880)
03-23 18:43:45.745  5378  5378 D ClipAnimationHelper: initCropFromCalculateSurfaceParams: Rect(0, 0 - 1800, 2880)
03-23 18:43:45.746  5378  5378 D FloatingIconView2: drawBadge
03-23 18:43:45.749  1615  1857 D RenderEngine: drawLayersInternal layername:Floating Dock#92 regionblurRadius:100 blurInput:1800x2880 blurRect:1800x448
03-23 18:43:45.750  1413  1882 W SDM-histogram: Discarding event blob-id: B6
03-23 18:43:45.751  5378  5378 D GestureTouchEventTracker: mTriggeringGesture = true
03-23 18:43:45.751  5378  5378 D GestureTouchEventTracker: calculateAnimVelocityTaskPosition    animVelocityPer=0.42708334   mAnimVelocityCurTaskWidth=697.6167   mAnimVelocityCurTaskX=-66.639465   mAnimVelocityCurTaskY=674.7927   mTaskViewInitRect=Rect(0, 0 - 1800, 2880)
03-23 18:43:45.751  5378  5378 D GestureAnimVelocityTracker: animToButNotReady, params=RectFParams(targetApps=null, startRect=null, targetRect=RectF(-66.639465, 674.7927, 630.97723, 1790.9795), startRadius=17.827982, endRadius=17.827982, startAlpha=1.0, endAlpha=1.0, animType=CLOSE_TO_DRAG, ignoreIcon=false, showTask=false, isQuickSwitchMode=false, targetView=null, animListener=null, clipAnimationHelper=null, clearLastListener=false, currentDisplayRotation=0, homeRotation=0, needFinishOnAnimEnd=true, currentTaskIndex=0, isSplitModeBack=false, isGestureHalf=false, runningTaskIndex=-1, isUseTranslucentAnim=false, taskFormHome=false, taskFromApp=false, startRadii=[17.827982, 17.827982, 17.827982, 17.827982], endRadii=[17.827982, 17.827982, 17.827982, 17.827982], isCloseToCenter=false, needUnsetPauseUserLeaving=false)
03-23 18:43:45.751  2646  7995 D MiuiRefreshRatePolicy: reset
03-23 18:43:45.752  5378  5378 I Launcher.DeviceConfig: isSupportHotSeatsBlurV2 version = 2
03-23 18:43:45.752  5378  5378 D Launcher.Launcher.MiShadowUtils: applyViewShadow com.miui.home.launcher.hotseats.HotSeatsListContentBlurBackground2{260fd83 V.E...... ........ 47,9-1752,191 #7f0a0221 app:id/hotseat_background}, color = 0X27000000, offsetX = 0.0, offsetY = 23.0, radius = 105.0, dispersion = 1.0
03-23 18:43:45.752  5378  5378 I RectFSpringAnim: onUpdate mCurrentRect mCurrentRatio init = 1.3831319
03-23 18:43:45.752  5378  5378 D FloatingIconView2: update, progress=0.22104447, floatingIconViewRect=RectF(302.5968, 626.8167, 1738.0945, 2612.2993)
03-23 18:43:45.752  5378  5378 D FloatingIconView2: update, getX=265.94067, getY=557.188 , width=151, height=212, alpha=0.0
03-23 18:43:45.752  5378  5378 D FloatingIconView2: updateTranslation, rect=RectF(303.5968, 627.8167, 1737.0945, 2611.2993), transX=-1053.4032 , transY=-1531.1833
03-23 18:43:45.752  5378  5378 D FloatingIconView2: updateScale, rect=RectF(303.5968, 627.8167, 1737.0945, 2611.2993), scaleX=9.493362, scaleY=9.493362, mFloatingIconViewScale=9.493362
03-23 18:43:45.752  5378  5378 D FloatingIconView2: updateClipPath: width = 151 lp.width = 151.0 height = 212 lp.height = 208.93362
03-23 18:43:45.752  5378  5378 D ClipAnimationHelper: initCropFromCalculateSurfaceParams: Rect(0, 0 - 1800, 2880)
03-23 18:43:45.752  5378  5378 D ClipAnimationHelper: initCropFromCalculateSurfaceParams: Rect(0, 0 - 1800, 2880)
03-23 18:43:45.753  5378  5378 D FloatingIconView2: drawBadge
03-23 18:43:45.756  1615  1857 D RenderEngine: drawLayersInternal layername:Floating Dock#92 regionblurRadius:100 blurInput:1800x2880 blurRect:1800x448
03-23 18:43:45.756  2646  5582 D MiuiRefreshRatePolicy: reset
03-23 18:43:45.757  1413  1882 W SDM-histogram: Discarding event blob-id: B6
03-23 18:43:45.758  5378  5378 D GestureTouchEventTracker: mTriggeringGesture = true
03-23 18:43:45.758  5378  5378 D GestureTouchEventTracker: calculateAnimVelocityTaskPosition    animVelocityPer=0.42708334   mAnimVelocityCurTaskWidth=697.6167   mAnimVelocityCurTaskX=-66.639465   mAnimVelocityCurTaskY=674.7927   mTaskViewInitRect=Rect(0, 0 - 1800, 2880)
03-23 18:43:45.758  5378  5378 D GestureAnimVelocityTracker: animToButNotReady, params=RectFParams(targetApps=null, startRect=null, targetRect=RectF(-66.639465, 674.7927, 630.97723, 1790.9795), startRadius=17.827982, endRadius=17.827982, startAlpha=1.0, endAlpha=1.0, animType=CLOSE_TO_DRAG, ignoreIcon=false, showTask=false, isQuickSwitchMode=false, targetView=null, animListener=null, clipAnimationHelper=null, clearLastListener=false, currentDisplayRotation=0, homeRotation=0, needFinishOnAnimEnd=true, currentTaskIndex=0, isSplitModeBack=false, isGestureHalf=false, runningTaskIndex=-1, isUseTranslucentAnim=false, taskFormHome=false, taskFromApp=false, startRadii=[17.827982, 17.827982, 17.827982, 17.827982], endRadii=[17.827982, 17.827982, 17.827982, 17.827982], isCloseToCenter=false, needUnsetPauseUserLeaving=false)
03-23 18:43:45.759  5378  5378 I Launcher.DeviceConfig: isSupportHotSeatsBlurV2 version = 2
03-23 18:43:45.759  5378  5378 D Launcher.Launcher.MiShadowUtils: applyViewShadow com.miui.home.launcher.hotseats.HotSeatsListContentBlurBackground2{260fd83 V.E...... ........ 47,9-1752,191 #7f0a0221 app:id/hotseat_background}, color = 0X29000000, offsetX = 0.0, offsetY = 23.0, radius = 105.0, dispersion = 1.0
03-23 18:43:45.759  5378  5378 I RectFSpringAnim: onUpdate mCurrentRect mCurrentRatio init = 1.3607975
03-23 18:43:45.759  5378  5378 D FloatingIconView2: update, progress=0.24886887, floatingIconViewRect=RectF(340.85828, 696.9235, 1730.4735, 2587.9084)
03-23 18:43:45.759  5378  5378 D FloatingIconView2: update, getX=303.5968, getY=627.81665 , width=151, height=209, alpha=0.0
03-23 18:43:45.759  5378  5378 D FloatingIconView2: updateTranslation, rect=RectF(341.85828, 697.9235, 1729.4735, 2586.9084), transX=-1015.1417 , transY=-1461.0764
03-23 18:43:45.759  5378  5378 D FloatingIconView2: updateScale, rect=RectF(341.85828, 697.9235, 1729.4735, 2586.9084), scaleX=9.189505, scaleY=9.189505, mFloatingIconViewScale=9.189505
03-23 18:43:45.759  5378  5378 D FloatingIconView2: updateClipPath: width = 151 lp.width = 151.0 height = 209 lp.height = 205.55894
03-23 18:43:45.759  5378  5378 D ClipAnimationHelper: initCropFromCalculateSurfaceParams: Rect(0, 0 - 1800, 2880)
03-23 18:43:45.759  5378  5378 D ClipAnimationHelper: initCropFromCalculateSurfaceParams: Rect(0, 0 - 1800, 2880)
03-23 18:43:45.760  5378  5378 D FloatingIconView2: drawBadge
03-23 18:43:45.763  2646  7995 D MiuiRefreshRatePolicy: reset
03-23 18:43:45.763  1615  1857 D RenderEngine: drawLayersInternal layername:Floating Dock#92 regionblurRadius:100 blurInput:1800x2880 blurRect:1800x448
03-23 18:43:45.764  1413  1882 W SDM-histogram: Discarding event blob-id: B6
03-23 18:43:45.765  5378  5378 D GestureTouchEventTracker: mTriggeringGesture = true
03-23 18:43:45.765  5378  5378 D GestureTouchEventTracker: calculateAnimVelocityTaskPosition    animVelocityPer=0.42708334   mAnimVelocityCurTaskWidth=697.6167   mAnimVelocityCurTaskX=-66.639465   mAnimVelocityCurTaskY=674.7927   mTaskViewInitRect=Rect(0, 0 - 1800, 2880)
03-23 18:43:45.765  5378  5378 D GestureAnimVelocityTracker: animToButNotReady, params=RectFParams(targetApps=null, startRect=null, targetRect=RectF(-66.639465, 674.7927, 630.97723, 1790.9795), startRadius=17.827982, endRadius=17.827982, startAlpha=1.0, endAlpha=1.0, animType=CLOSE_TO_DRAG, ignoreIcon=false, showTask=false, isQuickSwitchMode=false, targetView=null, animListener=null, clipAnimationHelper=null, clearLastListener=false, currentDisplayRotation=0, homeRotation=0, needFinishOnAnimEnd=true, currentTaskIndex=0, isSplitModeBack=false, isGestureHalf=false, runningTaskIndex=-1, isUseTranslucentAnim=false, taskFormHome=false, taskFromApp=false, startRadii=[17.827982, 17.827982, 17.827982, 17.827982], endRadii=[17.827982, 17.827982, 17.827982, 17.827982], isCloseToCenter=false, needUnsetPauseUserLeaving=false)
03-23 18:43:45.766  5378  5378 I Launcher.DeviceConfig: isSupportHotSeatsBlurV2 version = 2
03-23 18:43:45.766  5378  5378 D Launcher.Launcher.MiShadowUtils: applyViewShadow com.miui.home.launcher.hotseats.HotSeatsListContentBlurBackground2{260fd83 V.E...... ........ 47,9-1752,191 #7f0a0221 app:id/hotseat_background}, color = 0X2B000000, offsetX = 0.0, offsetY = 23.0, radius = 105.0, dispersion = 1.0
03-23 18:43:45.766  5378  5378 I RectFSpringAnim: onUpdate mCurrentRect mCurrentRatio init = 1.3390923
03-23 18:43:45.766  5378  5378 D FloatingIconView2: update, progress=0.2769301, floatingIconViewRect=RectF(379.47034, 766.07623, 1722.8126, 2564.9355)
03-23 18:43:45.766  5378  5378 D FloatingIconView2: update, getX=341.85828, getY=697.9236 , width=151, height=206, alpha=0.0
03-23 18:43:45.766  5378  5378 D FloatingIconView2: updateTranslation, rect=RectF(380.47034, 767.07623, 1721.8126, 2563.9355), transX=-976.52966 , transY=-1391.9238
03-23 18:43:45.766  5378  5378 D FloatingIconView2: updateScale, rect=RectF(380.47034, 767.07623, 1721.8126, 2563.9355), scaleX=8.883061, scaleY=8.883061, mFloatingIconViewScale=8.883061
03-23 18:43:45.766  5378  5378 D FloatingIconView2: updateClipPath: width = 151 lp.width = 151.0 height = 206 lp.height = 202.27928
03-23 18:43:45.766  5378  5378 D ClipAnimationHelper: initCropFromCalculateSurfaceParams: Rect(0, 0 - 1800, 2880)
03-23 18:43:45.766  5378  5378 D ClipAnimationHelper: initCropFromCalculateSurfaceParams: Rect(0, 0 - 1800, 2880)
03-23 18:43:45.767  5378  5378 D FloatingIconView2: drawBadge
03-23 18:43:45.770  1615  1857 D RenderEngine: drawLayersInternal layername:Floating Dock#92 regionblurRadius:100 blurInput:1800x2880 blurRect:1800x448
03-23 18:43:45.770  2646  7995 D MiuiRefreshRatePolicy: reset
03-23 18:43:45.771  1413  1882 W SDM-histogram: Discarding event blob-id: B6
03-23 18:43:45.772  5378  5378 D GestureTouchEventTracker: mTriggeringGesture = true
03-23 18:43:45.773  5378  5378 D GestureTouchEventTracker: calculateAnimVelocityTaskPosition    animVelocityPer=0.42708334   mAnimVelocityCurTaskWidth=697.6167   mAnimVelocityCurTaskX=-66.639465   mAnimVelocityCurTaskY=674.7927   mTaskViewInitRect=Rect(0, 0 - 1800, 2880)
03-23 18:43:45.773  5378  5378 D GestureAnimVelocityTracker: animToButNotReady, params=RectFParams(targetApps=null, startRect=null, targetRect=RectF(-66.639465, 674.7927, 630.97723, 1790.9795), startRadius=17.827982, endRadius=17.827982, startAlpha=1.0, endAlpha=1.0, animType=CLOSE_TO_DRAG, ignoreIcon=false, showTask=false, isQuickSwitchMode=false, targetView=null, animListener=null, clipAnimationHelper=null, clearLastListener=false, currentDisplayRotation=0, homeRotation=0, needFinishOnAnimEnd=true, currentTaskIndex=0, isSplitModeBack=false, isGestureHalf=false, runningTaskIndex=-1, isUseTranslucentAnim=false, taskFormHome=false, taskFromApp=false, startRadii=[17.827982, 17.827982, 17.827982, 17.827982], endRadii=[17.827982, 17.827982, 17.827982, 17.827982], isCloseToCenter=false, needUnsetPauseUserLeaving=false)
03-23 18:43:45.773  5378  5378 I Launcher.DeviceConfig: isSupportHotSeatsBlurV2 version = 2
03-23 18:43:45.773  5378  5378 D Launcher.Launcher.MiShadowUtils: applyViewShadow com.miui.home.launcher.hotseats.HotSeatsListContentBlurBackground2{260fd83 V.E...... ........ 47,9-1752,191 #7f0a0221 app:id/hotseat_background}, color = 0X2E000000, offsetX = 0.0, offsetY = 23.0, radius = 105.0, dispersion = 1.0
03-23 18:43:45.773  5378  5378 I RectFSpringAnim: onUpdate mCurrentRect mCurrentRatio init = 1.3181143
03-23 18:43:45.774  5378  5378 D FloatingIconView2: update, progress=0.3050654, floatingIconViewRect=RectF(418.20673, 833.9278, 1715.1538, 2543.4524)
03-23 18:43:45.774  5378  5378 D FloatingIconView2: update, getX=380.47034, getY=767.0762 , width=151, height=202, alpha=0.0
03-23 18:43:45.774  5378  5378 D FloatingIconView2: updateTranslation, rect=RectF(419.20673, 834.9278, 1714.1538, 2542.4524), transX=-937.7933 , transY=-1324.0723
03-23 18:43:45.774  5378  5378 D FloatingIconView2: updateScale, rect=RectF(419.20673, 834.9278, 1714.1538, 2542.4524), scaleX=8.575809, scaleY=8.575809, mFloatingIconViewScale=8.575809
03-23 18:43:45.774  5378  5378 D FloatingIconView2: updateClipPath: width = 151 lp.width = 151.0 height = 202 lp.height = 199.10947
03-23 18:43:45.774  5378  5378 D ClipAnimationHelper: initCropFromCalculateSurfaceParams: Rect(0, 0 - 1800, 2880)
03-23 18:43:45.774  5378  5378 D ClipAnimationHelper: initCropFromCalculateSurfaceParams: Rect(0, 0 - 1800, 2880)
03-23 18:43:45.775  5378  5378 D FloatingIconView2: drawBadge
03-23 18:43:45.777  1615  1857 D RenderEngine: drawLayersInternal layername:Floating Dock#92 regionblurRadius:100 blurInput:1800x2880 blurRect:1800x448
03-23 18:43:45.778  1413  1882 W SDM-histogram: Discarding event blob-id: B6
03-23 18:43:45.779  5378  5378 D GestureTouchEventTracker: mTriggeringGesture = true
03-23 18:43:45.780  5378  5378 D GestureTouchEventTracker: calculateAnimVelocityTaskPosition    animVelocityPer=0.42708334   mAnimVelocityCurTaskWidth=697.6167   mAnimVelocityCurTaskX=-66.639465   mAnimVelocityCurTaskY=674.7927   mTaskViewInitRect=Rect(0, 0 - 1800, 2880)
03-23 18:43:45.780  5378  5378 D GestureAnimVelocityTracker: animToButNotReady, params=RectFParams(targetApps=null, startRect=null, targetRect=RectF(-66.639465, 674.7927, 630.97723, 1790.9795), startRadius=17.827982, endRadius=17.827982, startAlpha=1.0, endAlpha=1.0, animType=CLOSE_TO_DRAG, ignoreIcon=false, showTask=false, isQuickSwitchMode=false, targetView=null, animListener=null, clipAnimationHelper=null, clearLastListener=false, currentDisplayRotation=0, homeRotation=0, needFinishOnAnimEnd=true, currentTaskIndex=0, isSplitModeBack=false, isGestureHalf=false, runningTaskIndex=-1, isUseTranslucentAnim=false, taskFormHome=false, taskFromApp=false, startRadii=[17.827982, 17.827982, 17.827982, 17.827982], endRadii=[17.827982, 17.827982, 17.827982, 17.827982], isCloseToCenter=false, needUnsetPauseUserLeaving=false)
03-23 18:43:45.780  2646  7995 D MiuiRefreshRatePolicy: reset
03-23 18:43:45.780  5378  5378 I Launcher.DeviceConfig: isSupportHotSeatsBlurV2 version = 2
03-23 18:43:45.780  5378  5378 D Launcher.Launcher.MiShadowUtils: applyViewShadow com.miui.home.launcher.hotseats.HotSeatsListContentBlurBackground2{260fd83 V.E...... ........ 47,9-1752,191 #7f0a0221 app:id/hotseat_background}, color = 0X30000000, offsetX = 0.0, offsetY = 23.0, radius = 105.0, dispersion = 1.0
03-23 18:43:45.780  5378  5378 I RectFSpringAnim: onUpdate mCurrentRect mCurrentRatio init = 1.2979357
03-23 18:43:45.780  5378  5378 D FloatingIconView2: update, progress=0.33313122, floatingIconViewRect=RectF(456.86725, 900.2041, 1707.5339, 2523.489)
03-23 18:43:45.780  5378  5378 D FloatingIconView2: update, getX=419.20673, getY=834.92773 , width=151, height=199, alpha=0.0
03-23 18:43:45.780  5378  5378 D FloatingIconView2: updateTranslation, rect=RectF(457.86725, 901.2041, 1706.5339, 2522.489), transX=-899.13275 , transY=-1257.7959
03-23 18:43:45.780  5378  5378 D FloatingIconView2: updateScale, rect=RectF(457.86725, 901.2041, 1706.5339, 2522.489), scaleX=8.269317, scaleY=8.269317, mFloatingIconViewScale=8.269317
03-23 18:43:45.780  5378  5378 D FloatingIconView2: updateClipPath: width = 151 lp.width = 151.0 height = 199 lp.height = 196.06033
03-23 18:43:45.780  5378  5378 D ClipAnimationHelper: initCropFromCalculateSurfaceParams: Rect(0, 0 - 1800, 2880)
03-23 18:43:45.780  5378  5378 D ClipAnimationHelper: initCropFromCalculateSurfaceParams: Rect(0, 0 - 1800, 2880)
03-23 18:43:45.781  5378  5378 D FloatingIconView2: drawBadge
03-23 18:43:45.781 11960 12176 I HeavyPackageIdentify: splitMode: false, splitPackages: null, foregroundPkg: com.miui.home
03-23 18:43:45.784  2646  5582 D MiuiRefreshRatePolicy: reset
03-23 18:43:45.784  1615  1857 D RenderEngine: drawLayersInternal layername:Floating Dock#92 regionblurRadius:100 blurInput:1800x2880 blurRect:1800x448
03-23 18:43:45.785  1413  1882 W SDM-histogram: Discarding event blob-id: B6
03-23 18:43:45.786  5378  5378 D GestureTouchEventTracker: mTriggeringGesture = true
03-23 18:43:45.786  5378  5378 D GestureTouchEventTracker: calculateAnimVelocityTaskPosition    animVelocityPer=0.42708334   mAnimVelocityCurTaskWidth=697.6167   mAnimVelocityCurTaskX=-66.639465   mAnimVelocityCurTaskY=674.7927   mTaskViewInitRect=Rect(0, 0 - 1800, 2880)
03-23 18:43:45.786  5378  5378 D GestureAnimVelocityTracker: animToButNotReady, params=RectFParams(targetApps=null, startRect=null, targetRect=RectF(-66.639465, 674.7927, 630.97723, 1790.9795), startRadius=17.827982, endRadius=17.827982, startAlpha=1.0, endAlpha=1.0, animType=CLOSE_TO_DRAG, ignoreIcon=false, showTask=false, isQuickSwitchMode=false, targetView=null, animListener=null, clipAnimationHelper=null, clearLastListener=false, currentDisplayRotation=0, homeRotation=0, needFinishOnAnimEnd=true, currentTaskIndex=0, isSplitModeBack=false, isGestureHalf=false, runningTaskIndex=-1, isUseTranslucentAnim=false, taskFormHome=false, taskFromApp=false, startRadii=[17.827982, 17.827982, 17.827982, 17.827982], endRadii=[17.827982, 17.827982, 17.827982, 17.827982], isCloseToCenter=false, needUnsetPauseUserLeaving=false)
03-23 18:43:45.787  5378  5378 I Launcher.DeviceConfig: isSupportHotSeatsBlurV2 version = 2
03-23 18:43:45.787  5378  5378 D Launcher.Launcher.MiShadowUtils: applyViewShadow com.miui.home.launcher.hotseats.HotSeatsListContentBlurBackground2{260fd83 V.E...... ........ 47,9-1752,191 #7f0a0221 app:id/hotseat_background}, color = 0X32000000, offsetX = 0.0, offsetY = 23.0, radius = 105.0, dispersion = 1.0
03-23 18:43:45.787  5378  5378 I RectFSpringAnim: onUpdate mCurrentRect mCurrentRatio init = 1.278607
03-23 18:43:45.787  5378  5378 D FloatingIconView2: update, progress=0.36100167, floatingIconViewRect=RectF(495.27576, 964.69324, 1699.984, 2505.0415)
03-23 18:43:45.787  5378  5378 D FloatingIconView2: update, getX=457.86725, getY=901.2041 , width=151, height=196, alpha=0.0
03-23 18:43:45.787  5378  5378 D FloatingIconView2: updateTranslation, rect=RectF(496.27576, 965.69324, 1698.984, 2504.0415), transX=-860.72424 , transY=-1193.3068
03-23 18:43:45.787  5378  5378 D FloatingIconView2: updateScale, rect=RectF(496.27576, 965.69324, 1698.984, 2504.0415), scaleX=7.9649553, scaleY=7.9649553, mFloatingIconViewScale=7.9649553
03-23 18:43:45.787  5378  5378 D FloatingIconView2: updateClipPath: width = 151 lp.width = 151.0 height = 196 lp.height = 193.1396
03-23 18:43:45.787  5378  5378 D ClipAnimationHelper: initCropFromCalculateSurfaceParams: Rect(0, 0 - 1800, 2880)
03-23 18:43:45.787  5378  5378 D ClipAnimationHelper: initCropFromCalculateSurfaceParams: Rect(0, 0 - 1800, 2880)
03-23 18:43:45.788  5378  5378 D FloatingIconView2: drawBadge
03-23 18:43:45.790  2646  5582 D MiuiRefreshRatePolicy: reset
03-23 18:43:45.791  1615  1857 D RenderEngine: drawLayersInternal layername:Floating Dock#92 regionblurRadius:100 blurInput:1800x2880 blurRect:1800x448
03-23 18:43:45.792  1413  1882 W SDM-histogram: Discarding event blob-id: B6
03-23 18:43:45.793  5378  5378 D GestureTouchEventTracker: mTriggeringGesture = true
03-23 18:43:45.794  5378  5378 D GestureTouchEventTracker: calculateAnimVelocityTaskPosition    animVelocityPer=0.42708334   mAnimVelocityCurTaskWidth=697.6167   mAnimVelocityCurTaskX=-66.639465   mAnimVelocityCurTaskY=674.7927   mTaskViewInitRect=Rect(0, 0 - 1800, 2880)
03-23 18:43:45.794  5378  5378 D GestureAnimVelocityTracker: animToButNotReady, params=RectFParams(targetApps=null, startRect=null, targetRect=RectF(-66.639465, 674.7927, 630.97723, 1790.9795), startRadius=17.827982, endRadius=17.827982, startAlpha=1.0, endAlpha=1.0, animType=CLOSE_TO_DRAG, ignoreIcon=false, showTask=false, isQuickSwitchMode=false, targetView=null, animListener=null, clipAnimationHelper=null, clearLastListener=false, currentDisplayRotation=0, homeRotation=0, needFinishOnAnimEnd=true, currentTaskIndex=0, isSplitModeBack=false, isGestureHalf=false, runningTaskIndex=-1, isUseTranslucentAnim=false, taskFormHome=false, taskFromApp=false, startRadii=[17.827982, 17.827982, 17.827982, 17.827982], endRadii=[17.827982, 17.827982, 17.827982, 17.827982], isCloseToCenter=false, needUnsetPauseUserLeaving=false)
03-23 18:43:45.794  5378  5378 I Launcher.DeviceConfig: isSupportHotSeatsBlurV2 version = 2
03-23 18:43:45.794  5378  5378 D Launcher.Launcher.MiShadowUtils: applyViewShadow com.miui.home.launcher.hotseats.HotSeatsListContentBlurBackground2{260fd83 V.E...... ........ 47,9-1752,191 #7f0a0221 app:id/hotseat_background}, color = 0X34000000, offsetX = 0.0, offsetY = 23.0, radius = 105.0, dispersion = 1.0
03-23 18:43:45.794  5378  5378 I RectFSpringAnim: onUpdate mCurrentRect mCurrentRatio init = 1.2601604
03-23 18:43:45.794  5378  5378 D FloatingIconView2: update, progress=0.38856706, floatingIconViewRect=RectF(533.2782, 1027.2352, 1692.5311, 2488.08)
03-23 18:43:45.795  5378  5378 D FloatingIconView2: update, getX=496.27576, getY=965.69324 , width=151, height=193, alpha=0.0
03-23 18:43:45.795  5378  5378 D FloatingIconView2: updateTranslation, rect=RectF(534.2782, 1028.2352, 1691.5311, 2487.08), transX=-822.7218 , transY=-1130.7648
03-23 18:43:45.795  5378  5378 D FloatingIconView2: updateScale, rect=RectF(534.2782, 1028.2352, 1691.5311, 2487.08), scaleX=7.6639266, scaleY=7.6639266, mFloatingIconViewScale=7.6639266
03-23 18:43:45.795  5378  5378 D FloatingIconView2: updateClipPath: width = 151 lp.width = 151.0 height = 193 lp.height = 190.35214
03-23 18:43:45.795  5378  5378 D ClipAnimationHelper: initCropFromCalculateSurfaceParams: Rect(0, 0 - 1800, 2880)
03-23 18:43:45.795  5378  5378 D ClipAnimationHelper: initCropFromCalculateSurfaceParams: Rect(0, 0 - 1800, 2880)
03-23 18:43:45.795  5378  5378 D FloatingIconView2: drawBadge
03-23 18:43:45.797  2220  2247 E MiuiBooster: "pri is changed by others, after_pri=-19,requested level=2!!!"
03-23 18:43:45.798  1615  1857 D RenderEngine: drawLayersInternal layername:Floating Dock#92 regionblurRadius:100 blurInput:1800x2880 blurRect:1800x448
03-23 18:43:45.799  1413  1882 W SDM-histogram: Discarding event blob-id: B6
03-23 18:43:45.799  2646  5582 D MiuiRefreshRatePolicy: reset
03-23 18:43:45.800  5378  5378 D GestureTouchEventTracker: mTriggeringGesture = true
03-23 18:43:45.800  5378  5378 D GestureTouchEventTracker: calculateAnimVelocityTaskPosition    animVelocityPer=0.42708334   mAnimVelocityCurTaskWidth=697.6167   mAnimVelocityCurTaskX=-66.639465   mAnimVelocityCurTaskY=674.7927   mTaskViewInitRect=Rect(0, 0 - 1800, 2880)
03-23 18:43:45.800  5378  5378 D GestureAnimVelocityTracker: animToButNotReady, params=RectFParams(targetApps=null, startRect=null, targetRect=RectF(-66.639465, 674.7927, 630.97723, 1790.9795), startRadius=17.827982, endRadius=17.827982, startAlpha=1.0, endAlpha=1.0, animType=CLOSE_TO_DRAG, ignoreIcon=false, showTask=false, isQuickSwitchMode=false, targetView=null, animListener=null, clipAnimationHelper=null, clearLastListener=false, currentDisplayRotation=0, homeRotation=0, needFinishOnAnimEnd=true, currentTaskIndex=0, isSplitModeBack=false, isGestureHalf=false, runningTaskIndex=-1, isUseTranslucentAnim=false, taskFormHome=false, taskFromApp=false, startRadii=[17.827982, 17.827982, 17.827982, 17.827982], endRadii=[17.827982, 17.827982, 17.827982, 17.827982], isCloseToCenter=false, needUnsetPauseUserLeaving=false)
03-23 18:43:45.800  5378  5378 I Launcher.DeviceConfig: isSupportHotSeatsBlurV2 version = 2
03-23 18:43:45.800  5378  5378 D Launcher.Launcher.MiShadowUtils: applyViewShadow com.miui.home.launcher.hotseats.HotSeatsListContentBlurBackground2{260fd83 V.E...... ........ 47,9-1752,191 #7f0a0221 app:id/hotseat_background}, color = 0X36000000, offsetX = 0.0, offsetY = 23.0, radius = 105.0, dispersion = 1.0
03-23 18:43:45.801  5378  5378 I RectFSpringAnim: onUpdate mCurrentRect mCurrentRatio init = 1.2426133
03-23 18:43:45.801  5378  5378 D FloatingIconView2: update, progress=0.41573226, floatingIconViewRect=RectF(570.74036, 1087.7141, 1685.1979, 2472.5537)
03-23 18:43:45.801  5378  5378 D FloatingIconView2: update, getX=534.2782, getY=1028.2352 , width=151, height=190, alpha=0.0
03-23 18:43:45.801  5378  5378 D FloatingIconView2: updateTranslation, rect=RectF(571.74036, 1088.7141, 1684.1979, 2471.5537), transX=-785.25964 , transY=-1070.2859
03-23 18:43:45.801  5378  5378 D FloatingIconView2: updateScale, rect=RectF(571.74036, 1088.7141, 1684.1979, 2471.5537), scaleX=7.3672686, scaleY=7.367268, mFloatingIconViewScale=7.367268
03-23 18:43:45.801  5378  5378 D FloatingIconView2: updateClipPath: width = 151 lp.width = 151.0 height = 190 lp.height = 187.70045
03-23 18:43:45.801  5378  5378 D ClipAnimationHelper: initCropFromCalculateSurfaceParams: Rect(0, 0 - 1800, 2880)
03-23 18:43:45.801  5378  5378 D ClipAnimationHelper: initCropFromCalculateSurfaceParams: Rect(0, 0 - 1800, 2880)
03-23 18:43:45.802  5378  5378 D FloatingIconView2: drawBadge
03-23 18:43:45.805  1615  1857 D RenderEngine: drawLayersInternal layername:Floating Dock#92 regionblurRadius:100 blurInput:1800x2880 blurRect:1800x448
03-23 18:43:45.805  5858  6078 D MiuiPeriodicallyMoveHelper: periodicallyMoveUpFirst taskId=156, windowingMode=fullscreen caller=Sampling
03-23 18:43:45.805  1413  1882 W SDM-histogram: Discarding event blob-id: B6
03-23 18:43:45.806  2646  5582 D MiuiRefreshRatePolicy: reset
03-23 18:43:45.807  5378  5378 D GestureTouchEventTracker: mTriggeringGesture = true
03-23 18:43:45.807  5378  5378 D GestureTouchEventTracker: calculateAnimVelocityTaskPosition    animVelocityPer=0.42708334   mAnimVelocityCurTaskWidth=697.6167   mAnimVelocityCurTaskX=-66.639465   mAnimVelocityCurTaskY=674.7927   mTaskViewInitRect=Rect(0, 0 - 1800, 2880)
03-23 18:43:45.807  5378  5378 D GestureAnimVelocityTracker: animToButNotReady, params=RectFParams(targetApps=null, startRect=null, targetRect=RectF(-66.639465, 674.7927, 630.97723, 1790.9795), startRadius=17.827982, endRadius=17.827982, startAlpha=1.0, endAlpha=1.0, animType=CLOSE_TO_DRAG, ignoreIcon=false, showTask=false, isQuickSwitchMode=false, targetView=null, animListener=null, clipAnimationHelper=null, clearLastListener=false, currentDisplayRotation=0, homeRotation=0, needFinishOnAnimEnd=true, currentTaskIndex=0, isSplitModeBack=false, isGestureHalf=false, runningTaskIndex=-1, isUseTranslucentAnim=false, taskFormHome=false, taskFromApp=false, startRadii=[17.827982, 17.827982, 17.827982, 17.827982], endRadii=[17.827982, 17.827982, 17.827982, 17.827982], isCloseToCenter=false, needUnsetPauseUserLeaving=false)
03-23 18:43:45.808  5378  5378 I Launcher.DeviceConfig: isSupportHotSeatsBlurV2 version = 2
03-23 18:43:45.808  5378  5378 D Launcher.Launcher.MiShadowUtils: applyViewShadow com.miui.home.launcher.hotseats.HotSeatsListContentBlurBackground2{260fd83 V.E...... ........ 47,9-1752,191 #7f0a0221 app:id/hotseat_background}, color = 0X38000000, offsetX = 0.0, offsetY = 23.0, radius = 105.0, dispersion = 1.0
03-23 18:43:45.808  5378  5378 I RectFSpringAnim: onUpdate mCurrentRect mCurrentRatio init = 1.2259706
03-23 18:43:45.808  5378  5378 D FloatingIconView2: update, progress=0.4424156, floatingIconViewRect=RectF(607.5466, 1146.0504, 1678.0032, 2458.399)
03-23 18:43:45.808  5378  5378 D FloatingIconView2: update, getX=571.74036, getY=1088.7141 , width=151, height=188, alpha=0.0
03-23 18:43:45.808  5378  5378 D FloatingIconView2: updateTranslation, rect=RectF(608.5466, 1147.0504, 1677.0032, 2457.399), transX=-748.4534 , transY=-1011.9496
03-23 18:43:45.808  5378  5378 D FloatingIconView2: updateScale, rect=RectF(608.5466, 1147.0504, 1677.0032, 2457.399), scaleX=7.075871, scaleY=7.075871, mFloatingIconViewScale=7.075871
03-23 18:43:45.808  5378  5378 D FloatingIconView2: updateClipPath: width = 151 lp.width = 151.0 height = 188 lp.height = 185.18547
03-23 18:43:45.808  5378  5378 D ClipAnimationHelper: initCropFromCalculateSurfaceParams: Rect(0, 0 - 1800, 2880)
03-23 18:43:45.808  5378  5378 D ClipAnimationHelper: initCropFromCalculateSurfaceParams: Rect(0, 0 - 1800, 2880)
03-23 18:43:45.808  5378  5378 D FloatingIconView2: drawBadge
03-23 18:43:45.810  2646  7995 D MiuiRefreshRatePolicy: reset
03-23 18:43:45.812  1615  1857 D RenderEngine: drawLayersInternal layername:Floating Dock#92 regionblurRadius:100 blurInput:1800x2880 blurRect:1800x448
03-23 18:43:45.812  1413  1882 W SDM-histogram: Discarding event blob-id: B6
03-23 18:43:45.814  5378  5378 D GestureTouchEventTracker: mTriggeringGesture = true
03-23 18:43:45.814  5378  5378 D GestureTouchEventTracker: calculateAnimVelocityTaskPosition    animVelocityPer=0.42708334   mAnimVelocityCurTaskWidth=697.6167   mAnimVelocityCurTaskX=-66.639465   mAnimVelocityCurTaskY=674.7927   mTaskViewInitRect=Rect(0, 0 - 1800, 2880)
03-23 18:43:45.814  5378  5378 D GestureAnimVelocityTracker: animToButNotReady, params=RectFParams(targetApps=null, startRect=null, targetRect=RectF(-66.639465, 674.7927, 630.97723, 1790.9795), startRadius=17.827982, endRadius=17.827982, startAlpha=1.0, endAlpha=1.0, animType=CLOSE_TO_DRAG, ignoreIcon=false, showTask=false, isQuickSwitchMode=false, targetView=null, animListener=null, clipAnimationHelper=null, clearLastListener=false, currentDisplayRotation=0, homeRotation=0, needFinishOnAnimEnd=true, currentTaskIndex=0, isSplitModeBack=false, isGestureHalf=false, runningTaskIndex=-1, isUseTranslucentAnim=false, taskFormHome=false, taskFromApp=false, startRadii=[17.827982, 17.827982, 17.827982, 17.827982], endRadii=[17.827982, 17.827982, 17.827982, 17.827982], isCloseToCenter=false, needUnsetPauseUserLeaving=false)
03-23 18:43:45.815  5378  5378 I Launcher.DeviceConfig: isSupportHotSeatsBlurV2 version = 2
03-23 18:43:45.815  5378  5378 D Launcher.Launcher.MiShadowUtils: applyViewShadow com.miui.home.launcher.hotseats.HotSeatsListContentBlurBackground2{260fd83 V.E...... ........ 47,9-1752,191 #7f0a0221 app:id/hotseat_background}, color = 0X39000000, offsetX = 0.0, offsetY = 23.0, radius = 105.0, dispersion = 1.0
03-23 18:43:45.815  5378  5378 I RectFSpringAnim: onUpdate mCurrentRect mCurrentRatio init = 1.2102273
03-23 18:43:45.815  5378  5378 D FloatingIconView2: update, progress=0.46854752, floatingIconViewRect=RectF(643.5981, 1202.1948, 1670.9631, 2445.54)
03-23 18:43:45.815  5378  5378 D FloatingIconView2: update, getX=608.5466, getY=1147.0504 , width=151, height=185, alpha=0.0
03-23 18:43:45.815  5378  5378 D FloatingIconView2: updateTranslation, rect=RectF(644.5981, 1203.1948, 1669.9631, 2444.54), transX=-712.4019 , transY=-955.8052
03-23 18:43:45.815  5378  5378 D FloatingIconView2: updateScale, rect=RectF(644.5981, 1203.1948, 1669.9631, 2444.54), scaleX=6.790497, scaleY=6.790497, mFloatingIconViewScale=6.790497
03-23 18:43:45.815  5378  5378 D FloatingIconView2: updateClipPath: width = 151 lp.width = 151.0 height = 185 lp.height = 182.80624
03-23 18:43:45.815  5378  5378 D ClipAnimationHelper: initCropFromCalculateSurfaceParams: Rect(0, 0 - 1800, 2880)
03-23 18:43:45.815  5378  5378 D ClipAnimationHelper: initCropFromCalculateSurfaceParams: Rect(0, 0 - 1800, 2880)
03-23 18:43:45.816  5378  5378 D FloatingIconView2: drawBadge
03-23 18:43:45.818  2646  7995 D MiuiRefreshRatePolicy: reset
03-23 18:43:45.819  1615  1857 D RenderEngine: drawLayersInternal layername:Floating Dock#92 regionblurRadius:100 blurInput:1800x2880 blurRect:1800x448
03-23 18:43:45.819  1413  1882 W SDM-histogram: Discarding event blob-id: B6
03-23 18:43:45.821  5378  5378 D GestureTouchEventTracker: mTriggeringGesture = true
03-23 18:43:45.821  5378  5378 D GestureTouchEventTracker: calculateAnimVelocityTaskPosition    animVelocityPer=0.42708334   mAnimVelocityCurTaskWidth=697.6167   mAnimVelocityCurTaskX=-66.639465   mAnimVelocityCurTaskY=674.7927   mTaskViewInitRect=Rect(0, 0 - 1800, 2880)
03-23 18:43:45.821  5378  5378 D GestureAnimVelocityTracker: animToButNotReady, params=RectFParams(targetApps=null, startRect=null, targetRect=RectF(-66.639465, 674.7927, 630.97723, 1790.9795), startRadius=17.827982, endRadius=17.827982, startAlpha=1.0, endAlpha=1.0, animType=CLOSE_TO_DRAG, ignoreIcon=false, showTask=false, isQuickSwitchMode=false, targetView=null, animListener=null, clipAnimationHelper=null, clearLastListener=false, currentDisplayRotation=0, homeRotation=0, needFinishOnAnimEnd=true, currentTaskIndex=0, isSplitModeBack=false, isGestureHalf=false, runningTaskIndex=-1, isUseTranslucentAnim=false, taskFormHome=false, taskFromApp=false, startRadii=[17.827982, 17.827982, 17.827982, 17.827982], endRadii=[17.827982, 17.827982, 17.827982, 17.827982], isCloseToCenter=false, needUnsetPauseUserLeaving=false)
03-23 18:43:45.822  5378  5378 I Launcher.DeviceConfig: isSupportHotSeatsBlurV2 version = 2
03-23 18:43:45.822  5378  5378 D Launcher.Launcher.MiShadowUtils: applyViewShadow com.miui.home.launcher.hotseats.HotSeatsListContentBlurBackground2{260fd83 V.E...... ........ 47,9-1752,191 #7f0a0221 app:id/hotseat_background}, color = 0X3B000000, offsetX = 0.0, offsetY = 23.0, radius = 105.0, dispersion = 1.0
03-23 18:43:45.822  5378  5378 I RectFSpringAnim: onUpdate mCurrentRect mCurrentRatio init = 1.1953701
03-23 18:43:45.822  5378  5378 D FloatingIconView2: update, progress=0.49406964, floatingIconViewRect=RectF(678.8112, 1256.123, 1664.0903, 2433.8962)
03-23 18:43:45.822  5378  5378 D FloatingIconView2: update, getX=644.5981, getY=1203.1948 , width=151, height=183, alpha=0.029280603
03-23 18:43:45.822  5378  5378 D FloatingIconView2: updateTranslation, rect=RectF(679.8112, 1257.123, 1663.0903, 2432.8962), transX=-677.1888 , transY=-901.87695
03-23 18:43:45.822  5378  5378 D FloatingIconView2: updateScale, rect=RectF(679.8112, 1257.123, 1663.0903, 2432.8962), scaleX=6.511782, scaleY=6.5117826, mFloatingIconViewScale=6.511782
03-23 18:43:45.822  5378  5378 D FloatingIconView2: updateClipPath: width = 151 lp.width = 151.0 height = 183 lp.height = 180.56088
03-23 18:43:45.822  5378  5378 D ClipAnimationHelper: initCropFromCalculateSurfaceParams: Rect(0, 0 - 1800, 2880)
03-23 18:43:45.822  5378  5378 D ClipAnimationHelper: initCropFromCalculateSurfaceParams: Rect(0, 0 - 1800, 2880)
03-23 18:43:45.823  5378  5378 D FloatingIconView2: drawBadge
03-23 18:43:45.826  1615  1857 D RenderEngine: drawLayersInternal layername:Floating Dock#92 regionblurRadius:100 blurInput:1800x2880 blurRect:1800x448
03-23 18:43:45.826  1413  1882 W SDM-histogram: Discarding event blob-id: B6
03-23 18:43:45.827  2646  7995 D MiuiRefreshRatePolicy: reset
03-23 18:43:45.828  5378  5378 D GestureTouchEventTracker: mTriggeringGesture = true
03-23 18:43:45.828  5378  5378 D GestureTouchEventTracker: calculateAnimVelocityTaskPosition    animVelocityPer=0.42708334   mAnimVelocityCurTaskWidth=697.6167   mAnimVelocityCurTaskX=-66.639465   mAnimVelocityCurTaskY=674.7927   mTaskViewInitRect=Rect(0, 0 - 1800, 2880)
03-23 18:43:45.828  5378  5378 D GestureAnimVelocityTracker: animToButNotReady, params=RectFParams(targetApps=null, startRect=null, targetRect=RectF(-66.639465, 674.7927, 630.97723, 1790.9795), startRadius=17.827982, endRadius=17.827982, startAlpha=1.0, endAlpha=1.0, animType=CLOSE_TO_DRAG, ignoreIcon=false, showTask=false, isQuickSwitchMode=false, targetView=null, animListener=null, clipAnimationHelper=null, clearLastListener=false, currentDisplayRotation=0, homeRotation=0, needFinishOnAnimEnd=true, currentTaskIndex=0, isSplitModeBack=false, isGestureHalf=false, runningTaskIndex=-1, isUseTranslucentAnim=false, taskFormHome=false, taskFromApp=false, startRadii=[17.827982, 17.827982, 17.827982, 17.827982], endRadii=[17.827982, 17.827982, 17.827982, 17.827982], isCloseToCenter=false, needUnsetPauseUserLeaving=false)
03-23 18:43:45.828  5378  5378 I Launcher.DeviceConfig: isSupportHotSeatsBlurV2 version = 2
03-23 18:43:45.828  5378  5378 D Launcher.Launcher.MiShadowUtils: applyViewShadow com.miui.home.launcher.hotseats.HotSeatsListContentBlurBackground2{260fd83 V.E...... ........ 47,9-1752,191 #7f0a0221 app:id/hotseat_background}, color = 0X3C000000, offsetX = 0.0, offsetY = 23.0, radius = 105.0, dispersion = 1.0
03-23 18:43:45.828  5378  5378 I RectFSpringAnim: onUpdate mCurrentRect mCurrentRatio init = 1.1813796
03-23 18:43:45.829  5378  5378 D FloatingIconView2: update, progress=0.51893336, floatingIconViewRect=RectF(713.1164, 1307.831, 1657.3953, 2423.3828)
03-23 18:43:45.829  5378  5378 D FloatingIconView2: update, getX=679.8112, getY=1257.123 , width=151, height=181, alpha=0.10806638
03-23 18:43:45.829  5378  5378 D FloatingIconView2: updateTranslation, rect=RectF(714.1164, 1308.831, 1656.3953, 2422.3828), transX=-642.8836 , transY=-850.16895
03-23 18:43:45.829  5378  5378 D FloatingIconView2: updateScale, rect=RectF(714.1164, 1308.831, 1656.3953, 2422.3828), scaleX=6.2402573, scaleY=6.2402577, mFloatingIconViewScale=6.2402573
03-23 18:43:45.829  5378  5378 D FloatingIconView2: updateClipPath: width = 151 lp.width = 151.0 height = 181 lp.height = 178.44644
03-23 18:43:45.829  5378  5378 D ClipAnimationHelper: initCropFromCalculateSurfaceParams: Rect(0, 0 - 1800, 2880)
03-23 18:43:45.829  5378  5378 D ClipAnimationHelper: initCropFromCalculateSurfaceParams: Rect(0, 0 - 1800, 2880)
03-23 18:43:45.829  5378  5378 D FloatingIconView2: drawBadge
03-23 18:43:45.833  1615  1857 D RenderEngine: drawLayersInternal layername:Floating Dock#92 regionblurRadius:100 blurInput:1800x2880 blurRect:1800x448
03-23 18:43:45.833  1413  1882 W SDM-histogram: Discarding event blob-id: B6
03-23 18:43:45.834  5378  5378 D GestureTouchEventTracker: mTriggeringGesture = true
03-23 18:43:45.835  5378  5378 D GestureTouchEventTracker: calculateAnimVelocityTaskPosition    animVelocityPer=0.42708334   mAnimVelocityCurTaskWidth=697.6167   mAnimVelocityCurTaskX=-66.639465   mAnimVelocityCurTaskY=674.7927   mTaskViewInitRect=Rect(0, 0 - 1800, 2880)
03-23 18:43:45.835  5378  5378 D GestureAnimVelocityTracker: animToButNotReady, params=RectFParams(targetApps=null, startRect=null, targetRect=RectF(-66.639465, 674.7927, 630.97723, 1790.9795), startRadius=17.827982, endRadius=17.827982, startAlpha=1.0, endAlpha=1.0, animType=CLOSE_TO_DRAG, ignoreIcon=false, showTask=false, isQuickSwitchMode=false, targetView=null, animListener=null, clipAnimationHelper=null, clearLastListener=false, currentDisplayRotation=0, homeRotation=0, needFinishOnAnimEnd=true, currentTaskIndex=0, isSplitModeBack=false, isGestureHalf=false, runningTaskIndex=-1, isUseTranslucentAnim=false, taskFormHome=false, taskFromApp=false, startRadii=[17.827982, 17.827982, 17.827982, 17.827982], endRadii=[17.827982, 17.827982, 17.827982, 17.827982], isCloseToCenter=false, needUnsetPauseUserLeaving=false)
03-23 18:43:45.835  5378  5378 I Launcher.DeviceConfig: isSupportHotSeatsBlurV2 version = 2
03-23 18:43:45.835  5378  5378 D Launcher.Launcher.MiShadowUtils: applyViewShadow com.miui.home.launcher.hotseats.HotSeatsListContentBlurBackground2{260fd83 V.E...... ........ 47,9-1752,191 #7f0a0221 app:id/hotseat_background}, color = 0X3E000000, offsetX = 0.0, offsetY = 23.0, radius = 105.0, dispersion = 1.0
03-23 18:43:45.835  5378  5378 I RectFSpringAnim: onUpdate mCurrentRect mCurrentRatio init = 1.1682312
03-23 18:43:45.835  5378  5378 D FloatingIconView2: update, progress=0.5430991, floatingIconViewRect=RectF(746.45636, 1357.3313, 1650.886, 2413.914)
03-23 18:43:45.835  2646  7995 D MiuiRefreshRatePolicy: reset
03-23 18:43:45.835  5378  5378 D FloatingIconView2: update, getX=714.1164, getY=1308.831 , width=151, height=178, alpha=0.18421298
03-23 18:43:45.835  5378  5378 D FloatingIconView2: updateTranslation, rect=RectF(747.45636, 1358.3313, 1649.886, 2412.914), transX=-609.54364 , transY=-800.6687
03-23 18:43:45.835  5378  5378 D FloatingIconView2: updateScale, rect=RectF(747.45636, 1358.3313, 1649.886, 2412.914), scaleX=5.976355, scaleY=5.976355, mFloatingIconViewScale=5.976355
03-23 18:43:45.835  5378  5378 D FloatingIconView2: updateClipPath: width = 151 lp.width = 151.0 height = 178 lp.height = 176.45918
03-23 18:43:45.836  5378  5378 D ClipAnimationHelper: initCropFromCalculateSurfaceParams: Rect(0, 0 - 1800, 2880)
03-23 18:43:45.836  5378  5378 D ClipAnimationHelper: initCropFromCalculateSurfaceParams: Rect(0, 0 - 1800, 2880)
03-23 18:43:45.836  5378  5378 D FloatingIconView2: drawBadge
03-23 18:43:45.838  2646  7995 D MiuiRefreshRatePolicy: reset
03-23 18:43:45.840  1615  1857 D RenderEngine: drawLayersInternal layername:Floating Dock#92 regionblurRadius:100 blurInput:1800x2880 blurRect:1800x448
03-23 18:43:45.840  1413  1882 W SDM-histogram: Discarding event blob-id: B6
03-23 18:43:45.842  5378  5378 D GestureTouchEventTracker: mTriggeringGesture = true
03-23 18:43:45.842  5378  5378 D GestureTouchEventTracker: calculateAnimVelocityTaskPosition    animVelocityPer=0.42708334   mAnimVelocityCurTaskWidth=697.6167   mAnimVelocityCurTaskX=-66.639465   mAnimVelocityCurTaskY=674.7927   mTaskViewInitRect=Rect(0, 0 - 1800, 2880)
03-23 18:43:45.842  5378  5378 D GestureAnimVelocityTracker: animToButNotReady, params=RectFParams(targetApps=null, startRect=null, targetRect=RectF(-66.639465, 674.7927, 630.97723, 1790.9795), startRadius=17.827982, endRadius=17.827982, startAlpha=1.0, endAlpha=1.0, animType=CLOSE_TO_DRAG, ignoreIcon=false, showTask=false, isQuickSwitchMode=false, targetView=null, animListener=null, clipAnimationHelper=null, clearLastListener=false, currentDisplayRotation=0, homeRotation=0, needFinishOnAnimEnd=true, currentTaskIndex=0, isSplitModeBack=false, isGestureHalf=false, runningTaskIndex=-1, isUseTranslucentAnim=false, taskFormHome=false, taskFromApp=false, startRadii=[17.827982, 17.827982, 17.827982, 17.827982], endRadii=[17.827982, 17.827982, 17.827982, 17.827982], isCloseToCenter=false, needUnsetPauseUserLeaving=false)
03-23 18:43:45.843  5378  5378 I Launcher.DeviceConfig: isSupportHotSeatsBlurV2 version = 2
03-23 18:43:45.843  5378  5378 D Launcher.Launcher.MiShadowUtils: applyViewShadow com.miui.home.launcher.hotseats.HotSeatsListContentBlurBackground2{260fd83 V.E...... ........ 47,9-1752,191 #7f0a0221 app:id/hotseat_background}, color = 0X3F000000, offsetX = 0.0, offsetY = 23.0, radius = 105.0, dispersion = 1.0
03-23 18:43:45.843  5378  5378 I RectFSpringAnim: onUpdate mCurrentRect mCurrentRatio init = 1.1558968
03-23 18:43:45.843  5378  5378 D FloatingIconView2: update, progress=0.56653553, floatingIconViewRect=RectF(778.7853, 1404.6494, 1644.5681, 2405.405)
03-23 18:43:45.843  5378  5378 D FloatingIconView2: update, getX=747.45636, getY=1358.3313 , width=151, height=176, alpha=0.2576754
03-23 18:43:45.843  5378  5378 D FloatingIconView2: updateTranslation, rect=RectF(779.7853, 1405.6494, 1643.5681, 2404.405), transX=-577.2147 , transY=-753.3506
03-23 18:43:45.843  5378  5378 D FloatingIconView2: updateScale, rect=RectF(779.7853, 1405.6494, 1643.5681, 2404.405), scaleX=5.720416, scaleY=5.720416, mFloatingIconViewScale=5.720416
03-23 18:43:45.843  5378  5378 D FloatingIconView2: updateClipPath: width = 151 lp.width = 151.0 height = 176 lp.height = 174.59492
03-23 18:43:45.843  5378  5378 D ClipAnimationHelper: initCropFromCalculateSurfaceParams: Rect(0, 0 - 1800, 2880)
03-23 18:43:45.843  5378  5378 D ClipAnimationHelper: initCropFromCalculateSurfaceParams: Rect(0, 0 - 1800, 2880)
03-23 18:43:45.844  5378  5378 D FloatingIconView2: drawBadge
03-23 18:43:45.846  2646  7995 D MiuiRefreshRatePolicy: reset
03-23 18:43:45.846  1615  1857 D RenderEngine: drawLayersInternal layername:Floating Dock#92 regionblurRadius:100 blurInput:1800x2880 blurRect:1800x448
03-23 18:43:45.847  1413  1882 W SDM-histogram: Discarding event blob-id: B6
03-23 18:43:45.848  5378  5378 D GestureTouchEventTracker: mTriggeringGesture = true
03-23 18:43:45.848  5378  5378 D GestureTouchEventTracker: calculateAnimVelocityTaskPosition    animVelocityPer=0.42708334   mAnimVelocityCurTaskWidth=697.6167   mAnimVelocityCurTaskX=-66.639465   mAnimVelocityCurTaskY=674.7927   mTaskViewInitRect=Rect(0, 0 - 1800, 2880)
03-23 18:43:45.848  5378  5378 D GestureAnimVelocityTracker: animToButNotReady, params=RectFParams(targetApps=null, startRect=null, targetRect=RectF(-66.639465, 674.7927, 630.97723, 1790.9795), startRadius=17.827982, endRadius=17.827982, startAlpha=1.0, endAlpha=1.0, animType=CLOSE_TO_DRAG, ignoreIcon=false, showTask=false, isQuickSwitchMode=false, targetView=null, animListener=null, clipAnimationHelper=null, clearLastListener=false, currentDisplayRotation=0, homeRotation=0, needFinishOnAnimEnd=true, currentTaskIndex=0, isSplitModeBack=false, isGestureHalf=false, runningTaskIndex=-1, isUseTranslucentAnim=false, taskFormHome=false, taskFromApp=false, startRadii=[17.827982, 17.827982, 17.827982, 17.827982], endRadii=[17.827982, 17.827982, 17.827982, 17.827982], isCloseToCenter=false, needUnsetPauseUserLeaving=false)
03-23 18:43:45.849  5378  5378 I Launcher.DeviceConfig: isSupportHotSeatsBlurV2 version = 2
03-23 18:43:45.849  5378  5378 D Launcher.Launcher.MiShadowUtils: applyViewShadow com.miui.home.launcher.hotseats.HotSeatsListContentBlurBackground2{260fd83 V.E...... ........ 47,9-1752,191 #7f0a0221 app:id/hotseat_background}, color = 0X40000000, offsetX = 0.0, offsetY = 23.0, radius = 105.0, dispersion = 1.0
03-23 18:43:45.849  5378  5378 I RectFSpringAnim: onUpdate mCurrentRect mCurrentRatio init = 1.144345
03-23 18:43:45.849  5378  5378 D FloatingIconView2: update, progress=0.5892185, floatingIconViewRect=RectF(810.06775, 1449.8218, 1638.4464, 2397.7727)
03-23 18:43:45.849  5378  5378 D FloatingIconView2: update, getX=779.7853, getY=1405.6494 , width=151, height=175, alpha=0.32843018
03-23 18:43:45.849  5378  5378 D FloatingIconView2: updateTranslation, rect=RectF(811.06775, 1450.8218, 1637.4464, 2396.7727), transX=-545.93225 , transY=-708.1782
03-23 18:43:45.849  5378  5378 D FloatingIconView2: updateScale, rect=RectF(811.06775, 1450.8218, 1637.4464, 2396.7727), scaleX=5.4727063, scaleY=5.472706, mFloatingIconViewScale=5.472706
03-23 18:43:45.849  5378  5378 D FloatingIconView2: updateClipPath: width = 151 lp.width = 151.0 height = 175 lp.height = 172.84885
03-23 18:43:45.849  5378  5378 D ClipAnimationHelper: initCropFromCalculateSurfaceParams: Rect(0, 0 - 1800, 2880)
03-23 18:43:45.850  5378  5378 D ClipAnimationHelper: initCropFromCalculateSurfaceParams: Rect(0, 0 - 1800, 2880)
03-23 18:43:45.850  5378  5378 D FloatingIconView2: drawBadge
03-23 18:43:45.853  2646  5582 D MiuiRefreshRatePolicy: reset
