03-23 18:43:43.088  2646  4891 E GreezeManager: 	at android.net.connectivity.com.android.server.ConnectivityService.setUidFirewallRule(ConnectivityService.java:14185)
03-23 18:43:43.088  2646  4891 E GreezeManager: 	... 11 more
03-23 18:43:43.088  2646  4891 E GreezeManager: setUidFirewallRule chain=7 uid=10111 rule=1
03-23 18:43:43.088  2646  4891 E GreezeManager: java.lang.IllegalStateException: android.os.ServiceSpecificException: sUidOwnerMap does not have entry for uid: 10111 (code 2)
03-23 18:43:43.088  2646  4891 E GreezeManager: 	at android.net.connectivity.com.android.server.ConnectivityService.setUidFirewallRule(ConnectivityService.java:14187)
03-23 18:43:43.088  2646  4891 E GreezeManager: 	at android.net.ConnectivityManager.setUidFirewallRule(ConnectivityManager.java:6336)
03-23 18:43:43.088  2646  4891 E GreezeManager: 	at com.miui.server.greeze.GreezeManagerService.setUidFirewallRule(GreezeManagerService.java:2369)
03-23 18:43:43.088  2646  4891 E GreezeManager: 	at com.miui.server.greeze.GreezeManagerService.lambda$updateAurogonUidRule$0(GreezeManagerService.java:2382)
03-23 18:43:43.088  2646  4891 E GreezeManager: 	at com.miui.server.greeze.GreezeManagerService.$r8$lambda$68HNlmnbDnr31lh81epo6klhEcw(Unknown Source:0)
03-23 18:43:43.088  2646  4891 E GreezeManager: 	at com.miui.server.greeze.GreezeManagerService$$ExternalSyntheticLambda0.run(D8$$SyntheticClass:0)
03-23 18:43:43.088  2646  4891 E GreezeManager: 	at android.os.Handler.handleCallback(Handler.java:959)
03-23 18:43:43.088  2646  4891 E GreezeManager: 	at android.os.Handler.dispatchMessage(Handler.java:100)
03-23 18:43:43.088  2646  4891 E GreezeManager: 	at android.os.Looper.loopOnce(Looper.java:249)
03-23 18:43:43.088  2646  4891 E GreezeManager: 	at android.os.Looper.loop(Looper.java:337)
03-23 18:43:43.088  2646  4891 E GreezeManager: 	at android.os.HandlerThread.run(HandlerThread.java:85)
03-23 18:43:43.088  2646  4891 E GreezeManager: 	at com.android.server.ServiceThread.run(ServiceThread.java:46)
03-23 18:43:43.088  2646  4891 E GreezeManager: Caused by: android.os.ServiceSpecificException: sUidOwnerMap does not have entry for uid: 10111 (code 2)
03-23 18:43:43.088  2646  4891 E GreezeManager: 	at android.net.connectivity.com.android.server.BpfNetMaps.removeRule(BpfNetMaps.java:402)
03-23 18:43:43.088  2646  4891 E GreezeManager: 	at android.net.connectivity.com.android.server.BpfNetMaps.setUidRule(BpfNetMaps.java:575)
03-23 18:43:43.088  2646  4891 E GreezeManager: 	at android.net.connectivity.com.android.server.ConnectivityService.setUidFirewallRule(ConnectivityService.java:14185)
03-23 18:43:43.088  2646  4891 E GreezeManager: 	... 11 more
03-23 18:43:43.089 10175 11833 D AppPredictService: start doPredict com.visiongenieapp
03-23 18:43:43.090 10175 11833 I AppPredictManager: predict: recentApps size = 5
03-23 18:43:43.094 23258 23399 I AdapterProperties: getBondedDevices: length=2
03-23 18:43:43.094 10175 11444 I AppPredictPrivacyLaunchManager: getLauncherHomeAppList size: 81
03-23 18:43:43.095 10175 11444 I AppPredictResultHelper: updatePreferenceStore: size = 17
03-23 18:43:43.095 23258 23399 D BtGatt.GattService: getDeviceType() - device=XX:XX:XX:XX:19:DA, type=3
03-23 18:43:43.095 23258 23399 D BtGatt.GattService: getDeviceType() - device=XX:XX:XX:XX:01:FD, type=2
03-23 18:43:43.095 23258 23399 I AdapterProperties: getBondedDevices: length=2
03-23 18:43:43.095 23258 23399 D BtGatt.GattService: getDeviceType() - device=XX:XX:XX:XX:19:DA, type=3
03-23 18:43:43.096 23258 23399 D BtGatt.GattService: getDeviceType() - device=XX:XX:XX:XX:01:FD, type=2
03-23 18:43:43.096 23258 23399 I AdapterProperties: getBondedDevices: length=2
03-23 18:43:43.096 23258 23399 D BtGatt.GattService: getDeviceType() - device=XX:XX:XX:XX:19:DA, type=3
03-23 18:43:43.096 23258 23399 D BtGatt.GattService: getDeviceType() - device=XX:XX:XX:XX:01:FD, type=2
03-23 18:43:43.140 11936 13200 I libc    : kill: send 15 to pid 20541
03-23 18:43:43.140 11936 13200 I libc    : debug pid reuse, real pid 20541
03-23 18:43:43.140 11936 13200 E PowerKeeper.Thermal: ProcessInfo java.lang.NumberFormatException: For input string: "CPU usage from 476309ms to 176183ms ago (2026-03-23 18"
03-23 18:43:43.147  2646  3353 I MiSensorServiceImpl: user found in check list, getPackageName  android.view.OrientationEventListener
03-23 18:43:43.148  2646  3353 I MiSensorServiceImpl: user found in check list, getPackageName  android.view.OrientationEventListener
03-23 18:43:43.188  2646  3353 I MiSensorServiceImpl: user found in check list, getPackageName  android.view.OrientationEventListener
03-23 18:43:43.188  2646  3353 I MiSensorServiceImpl: user found in check list, getPackageName  android.view.OrientationEventListener
03-23 18:43:43.200  5378  5378 D Launcher.Dock_GlobalGestureDispatcher: set isRecognizing=false
03-23 18:43:43.268  2646  3353 I MiSensorServiceImpl: user found in check list, getPackageName  android.view.OrientationEventListener
03-23 18:43:43.268  2646  3353 I MiSensorServiceImpl: user found in check list, getPackageName  android.view.OrientationEventListener
03-23 18:43:43.307  2646  3353 I MiSensorServiceImpl: user found in check list, getPackageName  android.view.OrientationEventListener
03-23 18:43:43.307  2646  3353 I MiSensorServiceImpl: user found in check list, getPackageName  android.view.OrientationEventListener
03-23 18:43:43.388  2646  3353 I MiSensorServiceImpl: user found in check list, getPackageName  android.view.OrientationEventListener
03-23 18:43:43.389  2646  3353 I MiSensorServiceImpl: user found in check list, getPackageName  android.view.OrientationEventListener
03-23 18:43:43.428  2646  3353 I MiSensorServiceImpl: user found in check list, getPackageName  android.view.OrientationEventListener
03-23 18:43:43.429  2646  3353 I MiSensorServiceImpl: user found in check list, getPackageName  android.view.OrientationEventListener
03-23 18:43:43.508  2646  3353 I MiSensorServiceImpl: user found in check list, getPackageName  android.view.OrientationEventListener
03-23 18:43:43.508  2646  3353 I MiSensorServiceImpl: user found in check list, getPackageName  android.view.OrientationEventListener
03-23 18:43:43.547  2646  3353 I MiSensorServiceImpl: user found in check list, getPackageName  android.view.OrientationEventListener
03-23 18:43:43.547  2646  3353 I MiSensorServiceImpl: user found in check list, getPackageName  android.view.OrientationEventListener
03-23 18:43:43.627  2646  3353 I MiSensorServiceImpl: user found in check list, getPackageName  android.view.OrientationEventListener
03-23 18:43:43.628  2646  3353 I MiSensorServiceImpl: user found in check list, getPackageName  android.view.OrientationEventListener
03-23 18:43:43.667  2646  3353 I MiSensorServiceImpl: user found in check list, getPackageName  android.view.OrientationEventListener
03-23 18:43:43.667  2646  3353 I MiSensorServiceImpl: user found in check list, getPackageName  android.view.OrientationEventListener
03-23 18:43:43.746  2646  3353 I MiSensorServiceImpl: user found in check list, getPackageName  android.view.OrientationEventListener
03-23 18:43:43.747  2646  3353 I MiSensorServiceImpl: user found in check list, getPackageName  android.view.OrientationEventListener
03-23 18:43:43.787  2646  3353 I MiSensorServiceImpl: user found in check list, getPackageName  android.view.OrientationEventListener
03-23 18:43:43.788  2646  3353 I MiSensorServiceImpl: user found in check list, getPackageName  android.view.OrientationEventListener
03-23 18:43:43.867  2646  3353 I MiSensorServiceImpl: user found in check list, getPackageName  android.view.OrientationEventListener
03-23 18:43:43.868  2646  3353 I MiSensorServiceImpl: user found in check list, getPackageName  android.view.OrientationEventListener
03-23 18:43:43.907  2646  3353 I MiSensorServiceImpl: user found in check list, getPackageName  android.view.OrientationEventListener
03-23 18:43:43.907  2646  3353 I MiSensorServiceImpl: user found in check list, getPackageName  android.view.OrientationEventListener
03-23 18:43:43.986  2646  3353 I MiSensorServiceImpl: user found in check list, getPackageName  android.view.OrientationEventListener
03-23 18:43:43.987  2646  3353 I MiSensorServiceImpl: user found in check list, getPackageName  android.view.OrientationEventListener
03-23 18:43:44.026  2646  3353 I MiSensorServiceImpl: user found in check list, getPackageName  android.view.OrientationEventListener
03-23 18:43:44.027  2646  3353 I MiSensorServiceImpl: user found in check list, getPackageName  android.view.OrientationEventListener
03-23 18:43:44.030  1448  1527 E ANDR-PERF-RESOURCEQS: Failed to apply optimization [11, 8]
03-23 18:43:44.046  1413  1882 W SDM-histogram: Discarding event blob-id: B6
03-23 18:43:44.052  1413  1888 I SDM     : HWEventsDRM::SetEventState: Setup vsync event for CRTC 156, Connector 57
03-23 18:43:44.053  1413  1882 W SDM-histogram: Discarding event blob-id: B6
03-23 18:43:44.061  1413  1882 W SDM-histogram: Discarding event blob-id: B6
03-23 18:43:44.067  1413  1882 W SDM-histogram: Discarding event blob-id: B6
03-23 18:43:44.075  1413  1882 W SDM-histogram: Discarding event blob-id: B6
03-23 18:43:44.081  1413  1882 W SDM-histogram: Discarding event blob-id: B6
03-23 18:43:44.088  1413  1882 W SDM-histogram: Discarding event blob-id: B6
03-23 18:43:44.095  1413  1882 W SDM-histogram: Discarding event blob-id: B6
03-23 18:43:44.101  1413  1882 W SDM-histogram: Discarding event blob-id: B6
03-23 18:43:44.105  2646  3353 I MiSensorServiceImpl: user found in check list, getPackageName  android.view.OrientationEventListener
03-23 18:43:44.106  2646  3353 I MiSensorServiceImpl: user found in check list, getPackageName  android.view.OrientationEventListener
03-23 18:43:44.108  1413  1882 W SDM-histogram: Discarding event blob-id: B6
03-23 18:43:44.115  1413  1882 W SDM-histogram: Discarding event blob-id: B6
03-23 18:43:44.122  1413  1882 W SDM-histogram: Discarding event blob-id: B6
03-23 18:43:44.129  1413  1882 W SDM-histogram: Discarding event blob-id: B6
03-23 18:43:44.136  1413  1882 W SDM-histogram: Discarding event blob-id: B6
03-23 18:43:44.143  1413  1882 W SDM-histogram: Discarding event blob-id: B6
03-23 18:43:44.145  2646  3353 I MiSensorServiceImpl: user found in check list, getPackageName  android.view.OrientationEventListener
03-23 18:43:44.146  2646  3353 I MiSensorServiceImpl: user found in check list, getPackageName  android.view.OrientationEventListener
03-23 18:43:44.150  1413  1882 W SDM-histogram: Discarding event blob-id: B6
03-23 18:43:44.157  1413  1882 W SDM-histogram: Discarding event blob-id: B6
03-23 18:43:44.164  1413  1882 W SDM-histogram: Discarding event blob-id: B6
03-23 18:43:44.171  1413  1882 W SDM-histogram: Discarding event blob-id: B6
03-23 18:43:44.178  1413  1882 W SDM-histogram: Discarding event blob-id: B6
03-23 18:43:44.185  1413  1882 W SDM-histogram: Discarding event blob-id: B6
03-23 18:43:44.192  1413  1882 W SDM-histogram: Discarding event blob-id: B6
03-23 18:43:44.199  1413  1882 W SDM-histogram: Discarding event blob-id: B6
03-23 18:43:44.206  1413  1882 W SDM-histogram: Discarding event blob-id: B6
03-23 18:43:44.213  1413  1882 W SDM-histogram: Discarding event blob-id: B6
03-23 18:43:44.220  1413  1882 W SDM-histogram: Discarding event blob-id: B6
03-23 18:43:44.225  2646  3353 I MiSensorServiceImpl: user found in check list, getPackageName  android.view.OrientationEventListener
03-23 18:43:44.226  2646  3353 I MiSensorServiceImpl: user found in check list, getPackageName  android.view.OrientationEventListener
03-23 18:43:44.227  1413  1882 W SDM-histogram: Discarding event blob-id: B6
03-23 18:43:44.234  1413  1882 W SDM-histogram: Discarding event blob-id: B6
03-23 18:43:44.241  1413  1882 W SDM-histogram: Discarding event blob-id: B6
03-23 18:43:44.248  1413  1882 W SDM-histogram: Discarding event blob-id: B6
03-23 18:43:44.254  1413  1882 W SDM-histogram: Discarding event blob-id: B6
03-23 18:43:44.261  1413  1882 W SDM-histogram: Discarding event blob-id: B6
03-23 18:43:44.265  2646  3353 I MiSensorServiceImpl: user found in check list, getPackageName  android.view.OrientationEventListener
03-23 18:43:44.266  2646  3353 I MiSensorServiceImpl: user found in check list, getPackageName  android.view.OrientationEventListener
03-23 18:43:44.268  1413  1882 W SDM-histogram: Discarding event blob-id: B6
03-23 18:43:44.275  1413  1882 W SDM-histogram: Discarding event blob-id: B6
03-23 18:43:44.282  1413  1882 W SDM-histogram: Discarding event blob-id: B6
03-23 18:43:44.289  1413  1882 W SDM-histogram: Discarding event blob-id: B6
03-23 18:43:44.296  1413  1882 W SDM-histogram: Discarding event blob-id: B6
03-23 18:43:44.303  1413  1882 W SDM-histogram: Discarding event blob-id: B6
03-23 18:43:44.330  5590  7884 D JavaheapMonitor: Java heap used=10M max=256M, proc: com.android.networkstack.process
03-23 18:43:44.330  5590  7884 V JavaheapMonitor: Check java heap usage finished! Next check delay: 300000
03-23 18:43:44.345  2646  3353 I MiSensorServiceImpl: user found in check list, getPackageName  android.view.OrientationEventListener
03-23 18:43:44.345  2646  3353 W SensorService: Dropping 1 cached events (10000/10000) to save 1/1 new events. 33 events previously dropped
03-23 18:43:44.346  2646  3353 I MiSensorServiceImpl: user found in check list, getPackageName  android.view.OrientationEventListener
03-23 18:43:44.346  2646  3353 W SensorService: Dropping 1 cached events (10000/10000) to save 1/1 new events. 33 events previously dropped
03-23 18:43:44.387  2646  3353 I MiSensorServiceImpl: user found in check list, getPackageName  android.view.OrientationEventListener
03-23 18:43:44.387  2646  3353 I MiSensorServiceImpl: user found in check list, getPackageName  android.view.OrientationEventListener
03-23 18:43:44.393 23936 24088 D JavaheapMonitor: Java heap used=11M max=256M, proc: com.android.settings
03-23 18:43:44.393 23936 24088 V JavaheapMonitor: Check java heap usage finished! Next check delay: 300000
03-23 18:43:44.465  2646  3353 I MiSensorServiceImpl: user found in check list, getPackageName  android.view.OrientationEventListener
03-23 18:43:44.466  2646  3353 I MiSensorServiceImpl: user found in check list, getPackageName  android.view.OrientationEventListener
03-23 18:43:44.506  2646  3353 I MiSensorServiceImpl: user found in check list, getPackageName  android.view.OrientationEventListener
03-23 18:43:44.506  2646  3353 I MiSensorServiceImpl: user found in check list, getPackageName  android.view.OrientationEventListener
03-23 18:43:44.586  2646  3353 I MiSensorServiceImpl: user found in check list, getPackageName  android.view.OrientationEventListener
03-23 18:43:44.586  2646  3353 I MiSensorServiceImpl: user found in check list, getPackageName  android.view.OrientationEventListener
03-23 18:43:44.627  2646  3353 I MiSensorServiceImpl: user found in check list, getPackageName  android.view.OrientationEventListener
03-23 18:43:44.627  2646  3353 I MiSensorServiceImpl: user found in check list, getPackageName  android.view.OrientationEventListener
03-23 18:43:44.641 21658 24900 D JavaheapMonitor: Java heap used=10M max=256M, proc: com.milink.service:audio
03-23 18:43:44.641 21658 24900 V JavaheapMonitor: Check java heap usage finished! Next check delay: 300000
03-23 18:43:44.706  2646  3353 I MiSensorServiceImpl: user found in check list, getPackageName  android.view.OrientationEventListener
03-23 18:43:44.706  2646  3353 I MiSensorServiceImpl: user found in check list, getPackageName  android.view.OrientationEventListener
03-23 18:43:44.745  2646  3353 I MiSensorServiceImpl: user found in check list, getPackageName  android.view.OrientationEventListener
03-23 18:43:44.746  2646  3353 I MiSensorServiceImpl: user found in check list, getPackageName  android.view.OrientationEventListener
03-23 18:43:44.826  2646  3353 I MiSensorServiceImpl: user found in check list, getPackageName  android.view.OrientationEventListener
03-23 18:43:44.827  2646  3353 I MiSensorServiceImpl: user found in check list, getPackageName  android.view.OrientationEventListener
03-23 18:43:44.852  2646  6185 D SLM-SRV-SLAService: checktemp temperature = 28980 temperature_average = 29059 isPerformanceMode = false thermal_enable_slm = true
03-23 18:43:44.865  2646  3353 I MiSensorServiceImpl: user found in check list, getPackageName  android.view.OrientationEventListener
03-23 18:43:44.865  2646  3353 I MiSensorServiceImpl: user found in check list, getPackageName  android.view.OrientationEventListener
03-23 18:43:44.945  2646  3353 I MiSensorServiceImpl: user found in check list, getPackageName  android.view.OrientationEventListener
03-23 18:43:44.945  2646  3353 I MiSensorServiceImpl: user found in check list, getPackageName  android.view.OrientationEventListener
03-23 18:43:44.985  2646  3353 I MiSensorServiceImpl: user found in check list, getPackageName  android.view.OrientationEventListener
03-23 18:43:44.986  2646  3353 I MiSensorServiceImpl: user found in check list, getPackageName  android.view.OrientationEventListener
03-23 18:43:45.025  2116  2116 I adbd    : in ShellService: input swipe 500 1650 500 1650 1200
03-23 18:43:45.053  2646  8001 W MIUIInput: Input event injection from package: null action ACTION_DOWN
03-23 18:43:45.055  2646  3595 I MIUIInput: [MotionEvent] publisher action=0x0, deviceId=-1, 445322527, channel '548aac2 com.visiongenieapp/com.visiongenieapp.MainActivity (server)'
03-23 18:43:45.055  2646  3595 I MIUIInput: [MotionEvent] publisher action=0x0, deviceId=-1, 445322527, channel '[Gesture Monitor] caption-touch (server)'
03-23 18:43:45.055  2646  3595 I MIUIInput: [MotionEvent] publisher action=0x0, deviceId=-1, 445322527, channel '[Gesture Monitor] swipe-up (server)'
03-23 18:43:45.055  2646  3595 I MIUIInput: [MotionEvent] publisher action=0x0, deviceId=-1, 445322527, channel '[Gesture Monitor] miui-gesture (server)'
03-23 18:43:45.055  5858  6078 D MiuiFreeformModeGestureHandler: start handle MotionEvents:(500.0,1650.0)
03-23 18:43:45.055  5858  6078 D MiuiFreeformModeGestureHandler: handleMotionEvents mActiveMiuiFreeformTask null x: 500.0 y: 1650.0 current miuiFreeformModeTaskInfo: 
03-23 18:43:45.055  5858  6078 D MultiTaskingTaskRepository: getTopFullscreenTaskInfo: taskId=156, windowingMode=1, isVisible=true, isTopActivityTransparent=false
03-23 18:43:45.055 16757 16757 I MIUIInput: [MotionEvent] ViewRootImpl windowName 'com.visiongenieapp/com.visiongenieapp.MainActivity', { action=ACTION_DOWN, id[0]=0, pointerCount=1, eventTime=445322527, downTime=445322527, phoneEventTime=18:43:45.053 } moveCount:0
03-23 18:43:45.055  5858  6078 D MiuiTopDecoration: isTouchedInTopCaption: taskId=156, point not in view, inputPoint=PointF(-323.0, 1650.0), viewBounds=Rect(0, 0 - 155, 75), isSplitTask=false, eventX=500.0, eventY=1650.0
03-23 18:43:45.055  5858  6078 D MulWinSwitchDecorViewModel: handleReceivedMotionEvent: touchedTaskId=-1
03-23 18:43:45.056  5858  6078 D MulWinSwitchDecorViewModel: handleReceivedMotionEvent: mTouchedBottomTaskId=-1
03-23 18:43:45.056 16757 16757 D VRI[MainActivity]: getMiuiFreeformStackInfo mTmpFrames.miuiFreeFormStackInfo: null
03-23 18:43:45.057  5378  5378 D MiuiPadHome_GestureInputHelper: onInputEvent action=ACTION_DOWN
03-23 18:43:45.057  5378  5378 W RecentsModel: getRunningTaskContainHome containHome : true
03-23 18:43:45.058 10383 10383 D EventBus: No subscribers registered for event class com.xiaomi.xms.event.msg.SystemTouchMsg
03-23 18:43:45.058 10383 10383 D EventBus: No subscribers registered for event class ld.h
03-23 18:43:45.061  5378  5378 W RecentsModel: getRunningTask return tasks.get(0)= TaskInfo{userId=0 taskId=156 displayId=0 isRunning=true baseIntent=Intent { flg=0x10000000 cmp=com.visiongenieapp/.MainActivity } baseActivity=ComponentInfo{com.visiongenieapp/com.visiongenieapp.MainActivity} topActivity=ComponentInfo{com.visiongenieapp/com.visiongenieapp.MainActivity} origActivity=null realActivity=ComponentInfo{com.visiongenieapp/com.visiongenieapp.MainActivity} numActivities=1 lastActiveTime=988685660 supportsSplitScreenMultiWindow=true mSoScDisplayMode=-1 supportsMultiWindow=true resizeMode=1 isResizeable=true minWidth=-1 minHeight=-1 defaultMinSize=200 token=WCT{android.window.IWindowContainerToken$Stub$Proxy@2e0a466} topActivityType=1 pictureInPictureParams=null shouldDockBigOverlays=false launchIntoPipHostTaskId=-1 lastParentTaskIdBeforePip=-1 displayCutoutSafeInsets=null topActivityInfo=ActivityInfo{8a143a7 com.visiongenieapp.MainActivity} launchCookies=[] positionInParent=Point(0, 0) parentTaskId=-1 isFocused=false isVisible=true isVisibleRequested=true isSleeping=false locusId=null displayAreaFeatureId=1 isTopActivityTransparent=false appCompatTaskInfo=AppCompatTaskInfo { topActivityInSizeCompat=false topActivityInMiuiSizeCompat=false topActivityEligibleForLetterboxEducation= falseisLetterboxEducationEnabled= false isLetterboxDoubleTapEnabled= false topActivityEligibleForUserAspectRatioButton= false topActivityBoundsLetterboxed= false isFromLetterboxDoubleTap= false topActivityLetterboxVerticalPosition= -1 topActivityLetterboxHorizontalPosition= -1 topActivityLetterboxWidth=1800 topActivityLetterboxHeight=2880 isUserFullscreenOverrideEnabled=false isSystemFullscreenOverrideEnabled=false cameraCompatTaskInfo=CameraCompatTaskInfo { cameraCompatControlState=hidden freeformCameraCompatMode=inactive}} isImmersive=false mTopActivityRequestOrientation=-1 mBehindAppLockPkg=null mOriginatingUid=0 isEmbedded=false shouldBeVisible=true isCreatedByOrganizer=false mIsCastMode=false mTopActivityMediaSize=Rect(0, 0 - 0, 0) mTopActivityRecordName=ActivityRecord{e2c1b8e u0 com.visiongenieapp/.MainActivity t156} mTopActivityOrientation=-1}
03-23 18:43:45.061  5378  5378 D MiuiPadHome_GestureModeApp: isReadyToQuickSwitch11Mode: 1
03-23 18:43:45.062  5378  5378 D GestureModeHelper: isGoogleOverlay=false   process=-1.0   isUseGoogleMinusScreenMode=false
03-23 18:43:45.062  5378  5378 D MiuiPadHome_GestureModeApp: isReadyToQuickSwitch11Mode: 1
03-23 18:43:45.062  5378  5378 D GestureModeHelper: createGes11tureMode: false===false===false===false===false===false
03-23 18:43:45.062  5378  5378 D MiuiPadHome_GestureModeApp: isReadyToQuickSwitch11Mode: 1
03-23 18:43:45.062  5378  5378 D MiuiPadHome_GestureInputHelper: onInputEvent, lastGestureMode=com.miui.home.recents.GestureModeApp@403aeec, newGestureMode=com.miui.home.recents.GestureModeApp@403aeec
03-23 18:43:45.062  5378  5378 D MiuiPadHome_GestureMode: setGestureTouchE1ventTracker: com.miui.home.recents.GestureTouchEventTracker@9da733a
03-23 18:43:45.064  5378  5378 D GestureTouchEventTracker: use Rotation : displayRotation = 1
03-23 18:43:45.064  5378  5378 I GestureTouchEventTracker: initValues: isDockNeedFollowGesture=true
03-23 18:43:45.064  5378  5378 D Dock_MainStateManager: appState onDown
03-23 18:43:45.064  5378  5378 D MiuiPadHome_GestureModeApp: WithoutDock, runningTaskTopActivityComponentName=com.visiongenieapp.MainActivity, withoutDock=false
03-23 18:43:45.064  2646  3353 I MiSensorServiceImpl: user found in check list, getPackageName  android.view.OrientationEventListener
03-23 18:43:45.064  5378  5378 I MiuiPadHome_GestureInputHelper: onInputEvent: mIsUseNewDock = true getDockController =  +true
03-23 18:43:45.064  2646  3353 I MiSensorServiceImpl: user found in check list, getPackageName  android.view.OrientationEventListener
03-23 18:43:45.065  5378  5378 D MiuiPadHome_GestureInputHelper: mIsStartGesture is false, mIsUseNewDock is true, isTouchCountAndHotSeatSupport is truemGestureMode = com.miui.home.recents.GestureModeApp@403aeec
03-23 18:43:45.069  5378  5378 D GestureTouchEventTracker: mTriggeringGesture = true
03-23 18:43:45.070  5378  5378 D GestureTouchEventTracker: calculateAnimVelocityTaskPosition    animVelocityPer=0.42708334   mAnimVelocityCurTaskWidth=697.6167   mAnimVelocityCurTaskX=-66.639465   mAnimVelocityCurTaskY=674.7927   mTaskViewInitRect=Rect(0, 0 - 1800, 2880)
03-23 18:43:45.070  5378  5378 D GestureAnimVelocityTracker: animToButNotReady, params=RectFParams(targetApps=null, startRect=null, targetRect=RectF(-66.639465, 674.7927, 630.97723, 1790.9795), startRadius=17.827982, endRadius=17.827982, startAlpha=1.0, endAlpha=1.0, animType=CLOSE_TO_DRAG, ignoreIcon=false, showTask=false, isQuickSwitchMode=false, targetView=null, animListener=null, clipAnimationHelper=null, clearLastListener=false, currentDisplayRotation=0, homeRotation=0, needFinishOnAnimEnd=true, currentTaskIndex=0, isSplitModeBack=false, isGestureHalf=false, runningTaskIndex=-1, isUseTranslucentAnim=false, taskFormHome=false, taskFromApp=false, startRadii=[17.827982, 17.827982, 17.827982, 17.827982], endRadii=[17.827982, 17.827982, 17.827982, 17.827982], isCloseToCenter=false, needUnsetPauseUserLeaving=false)
03-23 18:43:45.076  5378  5378 D GestureTouchEventTracker: mTriggeringGesture = true
03-23 18:43:45.077  5378  5378 D GestureTouchEventTracker: calculateAnimVelocityTaskPosition    animVelocityPer=0.42708334   mAnimVelocityCurTaskWidth=697.6167   mAnimVelocityCurTaskX=-66.639465   mAnimVelocityCurTaskY=674.7927   mTaskViewInitRect=Rect(0, 0 - 1800, 2880)
03-23 18:43:45.077  5378  5378 D GestureAnimVelocityTracker: animToButNotReady, params=RectFParams(targetApps=null, startRect=null, targetRect=RectF(-66.639465, 674.7927, 630.97723, 1790.9795), startRadius=17.827982, endRadius=17.827982, startAlpha=1.0, endAlpha=1.0, animType=CLOSE_TO_DRAG, ignoreIcon=false, showTask=false, isQuickSwitchMode=false, targetView=null, animListener=null, clipAnimationHelper=null, clearLastListener=false, currentDisplayRotation=0, homeRotation=0, needFinishOnAnimEnd=true, currentTaskIndex=0, isSplitModeBack=false, isGestureHalf=false, runningTaskIndex=-1, isUseTranslucentAnim=false, taskFormHome=false, taskFromApp=false, startRadii=[17.827982, 17.827982, 17.827982, 17.827982], endRadii=[17.827982, 17.827982, 17.827982, 17.827982], isCloseToCenter=false, needUnsetPauseUserLeaving=false)
03-23 18:43:45.086 16757 16757 W libc    : Access denied finding property "ro.hardware.chipname"
03-23 18:43:45.089 16757 16757 D nativeloader: Load /data/app/~~uzs6kuFpQE7K7fjdiMdbWg==/com.visiongenieapp-vkEiTC1y6t5sebWfPvitlA==/base.apk!/lib/arm64-v8a/libsherpa-onnx-jni.so using ns clns-8 from class loader (caller=/data/app/~~uzs6kuFpQE7K7fjdiMdbWg==/com.visiongenieapp-vkEiTC1y6t5sebWfPvitlA==/base.apk): ok
03-23 18:43:45.104  2646  3353 I MiSensorServiceImpl: user found in check list, getPackageName  android.view.OrientationEventListener
03-23 18:43:45.105  2646  3353 I MiSensorServiceImpl: user found in check list, getPackageName  android.view.OrientationEventListener
03-23 18:43:45.128  9854 11721 D JavaheapMonitor: Java heap used=7M max=256M, proc: com.miui.securitycenter:ui
03-23 18:43:45.128  9854 11721 V JavaheapMonitor: Check java heap usage finished! Next check delay: 300000
03-23 18:43:45.128 11816 15510 D JavaheapMonitor: Java heap used=8M max=256M, proc: com.xiaomi.account
03-23 18:43:45.128 11816 15510 V JavaheapMonitor: Check java heap usage finished! Next check delay: 300000
03-23 18:43:45.184  2646  3353 I MiSensorServiceImpl: user found in check list, getPackageName  android.view.OrientationEventListener
03-23 18:43:45.184  2646  3353 I MiSensorServiceImpl: user found in check list, getPackageName  android.view.OrientationEventListener
03-23 18:43:45.191 16757 16757 E libc++abi: terminating due to uncaught exception of type Ort::Exception: Failed to load model because protobuf parsing failed.
03-23 18:43:45.191 16757 16757 I libc    : handling signal: 6
--------- beginning of crash
03-23 18:43:45.191 16757 16757 F libc    : Fatal signal 6 (SIGABRT), code -1 (SI_QUEUE) in tid 16757 (.visiongenieapp), pid 16757 (.visiongenieapp)
03-23 18:43:45.192 16757 16757 I libc    : debuggerd_dispatch_pseudothread start. crashing tid: 16757
03-23 18:43:45.224 16757 16757 I libc    : crash_dump pid: 20551
03-23 18:43:45.224  2646  3353 I MiSensorServiceImpl: user found in check list, getPackageName  android.view.OrientationEventListener
03-23 18:43:45.225  2646  3353 I MiSensorServiceImpl: user found in check list, getPackageName  android.view.OrientationEventListener
03-23 18:43:45.253 20551 20551 W libc    : Access denied finding property "persist.vendor.track.malloc.enable"
03-23 18:43:45.253 20551 20551 W libc    : Access denied finding property "persist.vendor.fd.monitor.enable"
03-23 18:43:45.254 20551 20551 I crash_dump64: crash_dump start
03-23 18:43:45.254 20551 20551 I crash_dump64: Fork in crash_dump. child pid: 20552
03-23 18:43:45.257 20552 20552 E crash_dump64: failed to get the guest state header for thread 16757: Bad address
03-23 18:43:45.257 20552 20552 E crash_dump64: failed to get the guest state header for thread 20419: Bad address
03-23 18:43:45.257 20552 20552 E crash_dump64: failed to get the guest state header for thread 20420: Bad address
03-23 18:43:45.257 20552 20552 E crash_dump64: failed to get the guest state header for thread 20421: Bad address
03-23 18:43:45.257 20552 20552 E crash_dump64: failed to get the guest state header for thread 20422: Bad address
03-23 18:43:45.258 20552 20552 E crash_dump64: failed to get the guest state header for thread 20424: Bad address
03-23 18:43:45.258 20552 20552 E crash_dump64: failed to get the guest state header for thread 20425: Bad address
03-23 18:43:45.258 20552 20552 E crash_dump64: failed to get the guest state header for thread 20426: Bad address
03-23 18:43:45.258 20552 20552 E crash_dump64: failed to get the guest state header for thread 20427: Bad address
03-23 18:43:45.258 20552 20552 E crash_dump64: failed to get the guest state header for thread 20434: Bad address
03-23 18:43:45.258 20552 20552 E crash_dump64: failed to get the guest state header for thread 20437: Bad address
03-23 18:43:45.258 20552 20552 E crash_dump64: failed to get the guest state header for thread 20438: Bad address
03-23 18:43:45.258 20552 20552 E crash_dump64: failed to get the guest state header for thread 20442: Bad address
03-23 18:43:45.258 20552 20552 E crash_dump64: failed to get the guest state header for thread 20443: Bad address
03-23 18:43:45.258 20552 20552 E crash_dump64: failed to get the guest state header for thread 20444: Bad address
03-23 18:43:45.258 20552 20552 E crash_dump64: failed to get the guest state header for thread 20445: Bad address
03-23 18:43:45.258 20552 20552 E crash_dump64: failed to get the guest state header for thread 20446: Bad address
03-23 18:43:45.259 20552 20552 E crash_dump64: failed to get the guest state header for thread 20448: Bad address
03-23 18:43:45.259 20552 20552 E crash_dump64: failed to get the guest state header for thread 20449: Bad address
03-23 18:43:45.259 20552 20552 E crash_dump64: failed to get the guest state header for thread 20451: Bad address
03-23 18:43:45.259 20552 20552 E crash_dump64: failed to get the guest state header for thread 20461: Bad address
03-23 18:43:45.259 20552 20552 E crash_dump64: failed to get the guest state header for thread 20462: Bad address
03-23 18:43:45.259 20552 20552 E crash_dump64: failed to get the guest state header for thread 20463: Bad address
03-23 18:43:45.259 20552 20552 E crash_dump64: failed to get the guest state header for thread 20464: Bad address
03-23 18:43:45.259 20552 20552 E crash_dump64: failed to get the guest state header for thread 20465: Bad address
03-23 18:43:45.259 20552 20552 E crash_dump64: failed to get the guest state header for thread 20468: Bad address
03-23 18:43:45.259 20552 20552 E crash_dump64: failed to get the guest state header for thread 20470: Bad address
03-23 18:43:45.259 20552 20552 E crash_dump64: failed to get the guest state header for thread 20471: Bad address
03-23 18:43:45.259 20552 20552 E crash_dump64: failed to get the guest state header for thread 20473: Bad address
03-23 18:43:45.259 20552 20552 E crash_dump64: failed to get the guest state header for thread 20474: Bad address
03-23 18:43:45.259 20552 20552 E crash_dump64: failed to get the guest state header for thread 20475: Bad address
03-23 18:43:45.260 20552 20552 E crash_dump64: failed to get the guest state header for thread 20478: Bad address
03-23 18:43:45.260 20552 20552 E crash_dump64: failed to get the guest state header for thread 20479: Bad address
03-23 18:43:45.260 20552 20552 E crash_dump64: failed to get the guest state header for thread 20480: Bad address
03-23 18:43:45.260 20552 20552 E crash_dump64: failed to get the guest state header for thread 20481: Bad address
03-23 18:43:45.260 20552 20552 E crash_dump64: failed to get the guest state header for thread 20485: Bad address
03-23 18:43:45.260 20552 20552 E crash_dump64: failed to get the guest state header for thread 20487: Bad address
03-23 18:43:45.260 20552 20552 E crash_dump64: failed to get the guest state header for thread 20488: Bad address
03-23 18:43:45.260 20552 20552 E crash_dump64: failed to get the guest state header for thread 20489: Bad address
03-23 18:43:45.260 20552 20552 E crash_dump64: failed to get the guest state header for thread 20505: Bad address
03-23 18:43:45.260 20552 20552 E crash_dump64: failed to get the guest state header for thread 20506: Bad address
03-23 18:43:45.260 20552 20552 E crash_dump64: failed to get the guest state header for thread 20507: Bad address
03-23 18:43:45.261 20552 20552 E crash_dump64: failed to get the guest state header for thread 20508: Bad address
03-23 18:43:45.261 20552 20552 E crash_dump64: failed to get the guest state header for thread 20511: Bad address
03-23 18:43:45.261 20552 20552 E crash_dump64: failed to get the guest state header for thread 20512: Bad address
03-23 18:43:45.261 20552 20552 E crash_dump64: failed to get the guest state header for thread 20513: Bad address
03-23 18:43:45.261 20552 20552 E crash_dump64: failed to get the guest state header for thread 20514: Bad address
03-23 18:43:45.261 20552 20552 E crash_dump64: failed to get the guest state header for thread 20515: Bad address
03-23 18:43:45.261 20552 20552 E crash_dump64: failed to get the guest state header for thread 20517: Bad address
03-23 18:43:45.261 20552 20552 E crash_dump64: failed to get the guest state header for thread 20518: Bad address
03-23 18:43:45.261 20552 20552 E crash_dump64: failed to get the guest state header for thread 20519: Bad address
03-23 18:43:45.261 20552 20552 E crash_dump64: failed to get the guest state header for thread 20521: Bad address
03-23 18:43:45.261 20552 20552 E crash_dump64: failed to get the guest state header for thread 20522: Bad address
03-23 18:43:45.261 20552 20552 E crash_dump64: failed to get the guest state header for thread 20523: Bad address
03-23 18:43:45.262 20552 20552 E crash_dump64: failed to get the guest state header for thread 20524: Bad address
03-23 18:43:45.262 20552 20552 E crash_dump64: failed to get the guest state header for thread 20525: Bad address
03-23 18:43:45.262 20552 20552 E crash_dump64: failed to get the guest state header for thread 20527: Bad address
03-23 18:43:45.262 20552 20552 E crash_dump64: failed to get the guest state header for thread 20528: Bad address
03-23 18:43:45.304  2646  3353 I MiSensorServiceImpl: user found in check list, getPackageName  android.view.OrientationEventListener
03-23 18:43:45.304  2646  3353 I MiSensorServiceImpl: user found in check list, getPackageName  android.view.OrientationEventListener
03-23 18:43:45.306 20552 20552 I crash_dump64: obtaining output fd from tombstoned, type: kDebuggerdTombstoneProto
03-23 18:43:45.306  1083  1083 I tombstoned: received crash request for pid 16757
03-23 18:43:45.307 20552 20552 I crash_dump64: performing dump of process 16757 (target tid = 16757)
03-23 18:43:45.344  2646  3353 I MiSensorServiceImpl: user found in check list, getPackageName  android.view.OrientationEventListener
03-23 18:43:45.344  2646  3353 I MiSensorServiceImpl: user found in check list, getPackageName  android.view.OrientationEventListener
03-23 18:43:45.424  2646  3353 I MiSensorServiceImpl: user found in check list, getPackageName  android.view.OrientationEventListener
03-23 18:43:45.424  2646  3353 I MiSensorServiceImpl: user found in check list, getPackageName  android.view.OrientationEventListener
03-23 18:43:45.444 20552 20552 F DEBUG   : *** *** *** *** *** *** *** *** *** *** *** *** *** *** *** ***
03-23 18:43:45.444 20552 20552 F DEBUG   : Build fingerprint: 'Xiaomi/liuqin/liuqin:15/AQ3A.250226.002/OS3.0.5.0.VMYCNXM:user/release-keys'
03-23 18:43:45.444 20552 20552 F DEBUG   : Revision: '0'
03-23 18:43:45.444 20552 20552 F DEBUG   : ABI: 'arm64'
03-23 18:43:45.444 20552 20552 F DEBUG   : Timestamp: 2026-03-23 18:43:45.314003928+0800
03-23 18:43:45.444 20552 20552 F DEBUG   : Process uptime: 1385s
03-23 18:43:45.444 20552 20552 F DEBUG   : Cmdline: com.visiongenieapp
03-23 18:43:45.444 20552 20552 F DEBUG   : pid: 16757, tid: 16757, name: .visiongenieapp  >>> com.visiongenieapp <<<
03-23 18:43:45.444 20552 20552 F DEBUG   : uid: 10343
03-23 18:43:45.444 20552 20552 F DEBUG   : tagged_addr_ctrl: 0000000000000001 (PR_TAGGED_ADDR_ENABLE)
03-23 18:43:45.444 20552 20552 F DEBUG   : pac_enabled_keys: 000000000000000f (PR_PAC_APIAKEY, PR_PAC_APIBKEY, PR_PAC_APDAKEY, PR_PAC_APDBKEY)
03-23 18:43:45.444 20552 20552 F DEBUG   : signal 6 (SIGABRT), code -1 (SI_QUEUE), fault addr --------
03-23 18:43:45.444 20552 20552 F DEBUG   : Abort message: 'terminating due to uncaught exception of type Ort::Exception: Failed to load model because protobuf parsing failed.'
03-23 18:43:45.444 20552 20552 F DEBUG   :     x0  0000000000000000  x1  0000000000004175  x2  0000000000000006  x3  0000007fd6245ed0
03-23 18:43:45.444 20552 20552 F DEBUG   :     x4  646277641f736766  x5  646277641f736766  x6  646277641f736766  x7  7f7f7f7f7f7f7f7f
03-23 18:43:45.444 20552 20552 F DEBUG   :     x8  00000000000000f0  x9  0000007a1d6eb708  x10 ffffff80fffffbdf  x11 0000000000000001
03-23 18:43:45.444 20552 20552 F DEBUG   :     x12 0000007a57646020  x13 000000007fffffff  x14 000000000895440a  x15 00001143d16c5237
03-23 18:43:45.444 20552 20552 F DEBUG   :     x16 0000007a1d7a0018  x17 0000007a1d78baa0  x18 0000007a56920000  x19 0000000000004175
03-23 18:43:45.444 20552 20552 F DEBUG   :     x20 0000000000004175  x21 00000000ffffffff  x22 0000007fd6246000  x23 0000007fd6246040
03-23 18:43:45.444 20552 20552 F DEBUG   :     x24 0000007fd62460f0  x25 0000007526104000  x26 0000007a5633fa80  x27 0000007526104000
03-23 18:43:45.444 20552 20552 F DEBUG   :     x28 b4000077d801cb08  x29 0000007fd6245f50
03-23 18:43:45.444 20552 20552 F DEBUG   :     lr  0000007a1d7267a8  sp  0000007fd6245eb0  pc  0000007a1d7267d8  pst 0000000000001000
03-23 18:43:45.444 20552 20552 F DEBUG   : 87 total frames
03-23 18:43:45.444 20552 20552 F DEBUG   : backtrace:
03-23 18:43:45.444 20552 20552 F DEBUG   :       #00 pc 000000000005e7d8  /apex/com.android.runtime/lib64/bionic/libc.so (abort+172) (BuildId: 8db058ad276c2076beda792e0a15f378)
03-23 18:43:45.444 20552 20552 F DEBUG   :       #01 pc 000000000016b814  /data/app/~~uzs6kuFpQE7K7fjdiMdbWg==/com.visiongenieapp-vkEiTC1y6t5sebWfPvitlA==/base.apk!libsherpa-onnx-jni.so (offset 0x57d0000) (BuildId: a3acb1442271559fa4fc7502b9fd576c1538845f)
03-23 18:43:45.444 20552 20552 F DEBUG   :       #02 pc 000000000016b360  /data/app/~~uzs6kuFpQE7K7fjdiMdbWg==/com.visiongenieapp-vkEiTC1y6t5sebWfPvitlA==/base.apk!libsherpa-onnx-jni.so (offset 0x57d0000) (BuildId: a3acb1442271559fa4fc7502b9fd576c1538845f)
03-23 18:43:45.444 20552 20552 F DEBUG   :       #03 pc 000000000016b234  /data/app/~~uzs6kuFpQE7K7fjdiMdbWg==/com.visiongenieapp-vkEiTC1y6t5sebWfPvitlA==/base.apk!libsherpa-onnx-jni.so (offset 0x57d0000) (BuildId: a3acb1442271559fa4fc7502b9fd576c1538845f)
03-23 18:43:45.444 20552 20552 F DEBUG   :       #04 pc 0000000000186528  /data/app/~~uzs6kuFpQE7K7fjdiMdbWg==/com.visiongenieapp-vkEiTC1y6t5sebWfPvitlA==/base.apk!libsherpa-onnx-jni.so (offset 0x57d0000) (BuildId: a3acb1442271559fa4fc7502b9fd576c1538845f)
03-23 18:43:45.444 20552 20552 F DEBUG   :       #05 pc 0000000000186504  /data/app/~~uzs6kuFpQE7K7fjdiMdbWg==/com.visiongenieapp-vkEiTC1y6t5sebWfPvitlA==/base.apk!libsherpa-onnx-jni.so (offset 0x57d0000) (BuildId: a3acb1442271559fa4fc7502b9fd576c1538845f)
03-23 18:43:45.444 20552 20552 F DEBUG   :       #06 pc 00000000001dd458  /data/app/~~uzs6kuFpQE7K7fjdiMdbWg==/com.visiongenieapp-vkEiTC1y6t5sebWfPvitlA==/base.apk!libsherpa-onnx-jni.so (offset 0x57d0000) (BuildId: a3acb1442271559fa4fc7502b9fd576c1538845f)
03-23 18:43:45.444 20552 20552 F DEBUG   :       #07 pc 00000000002b1fdc  /data/app/~~uzs6kuFpQE7K7fjdiMdbWg==/com.visiongenieapp-vkEiTC1y6t5sebWfPvitlA==/base.apk!libsherpa-onnx-jni.so (offset 0x57d0000) (BuildId: a3acb1442271559fa4fc7502b9fd576c1538845f)
03-23 18:43:45.444 20552 20552 F DEBUG   :       #08 pc 00000000002b1c08  /data/app/~~uzs6kuFpQE7K7fjdiMdbWg==/com.visiongenieapp-vkEiTC1y6t5sebWfPvitlA==/base.apk!libsherpa-onnx-jni.so (offset 0x57d0000) (BuildId: a3acb1442271559fa4fc7502b9fd576c1538845f)
03-23 18:43:45.444 20552 20552 F DEBUG   :       #09 pc 000000000029873c  /data/app/~~uzs6kuFpQE7K7fjdiMdbWg==/com.visiongenieapp-vkEiTC1y6t5sebWfPvitlA==/base.apk!libsherpa-onnx-jni.so (offset 0x57d0000) (BuildId: a3acb1442271559fa4fc7502b9fd576c1538845f)
03-23 18:43:45.444 20552 20552 F DEBUG   :       #10 pc 00000000002754d0  /data/app/~~uzs6kuFpQE7K7fjdiMdbWg==/com.visiongenieapp-vkEiTC1y6t5sebWfPvitlA==/base.apk!libsherpa-onnx-jni.so (offset 0x57d0000) (BuildId: a3acb1442271559fa4fc7502b9fd576c1538845f)
03-23 18:43:45.444 20552 20552 F DEBUG   :       #11 pc 00000000001a90ec  /data/app/~~uzs6kuFpQE7K7fjdiMdbWg==/com.visiongenieapp-vkEiTC1y6t5sebWfPvitlA==/base.apk!libsherpa-onnx-jni.so (offset 0x57d0000) (Java_com_k2fsa_sherpa_onnx_OnlineRecognizer_newFromAsset+804) (BuildId: a3acb1442271559fa4fc7502b9fd576c1538845f)
03-23 18:43:45.444 20552 20552 F DEBUG   :       #12 pc 0000000000226f70  /apex/com.android.art/lib64/libart.so (art_quick_generic_jni_trampoline+144) (BuildId: 7e0f54c1a3af240ecab90a8dbd11f478)
03-23 18:43:45.444 20552 20552 F DEBUG   :       #13 pc 0000000000210774  /apex/com.android.art/lib64/libart.so (art_quick_invoke_stub+612) (BuildId: 7e0f54c1a3af240ecab90a8dbd11f478)
03-23 18:43:45.444 20552 20552 F DEBUG   :       #14 pc 0000000000472028  /apex/com.android.art/lib64/libart.so (art::ArtMethod::Invoke(art::Thread*, unsigned int*, unsigned int, art::JValue*, char const*)+160) (BuildId: 7e0f54c1a3af240ecab90a8dbd11f478)
03-23 18:43:45.444 20552 20552 F DEBUG   :       #15 pc 00000000005dffe0  /apex/com.android.art/lib64/libart.so (bool art::interpreter::DoCall<false>(art::ArtMethod*, art::Thread*, art::ShadowFrame&, art::Instruction const*, unsigned short, bool, art::JValue*)+1920) (BuildId: 7e0f54c1a3af240ecab90a8dbd11f478)
03-23 18:43:45.444 20552 20552 F DEBUG   :       #16 pc 000000000022e240  /apex/com.android.art/lib64/libart.so (void art::interpreter::ExecuteSwitchImplCpp<false>(art::interpreter::SwitchImplContext*)+9400) (BuildId: 7e0f54c1a3af240ecab90a8dbd11f478)
03-23 18:43:45.444 20552 20552 F DEBUG   :       #17 pc 00000000002295d8  /apex/com.android.art/lib64/libart.so (ExecuteSwitchImplAsm+8) (BuildId: 7e0f54c1a3af240ecab90a8dbd11f478)
03-23 18:43:45.444 20552 20552 F DEBUG   :       #18 pc 0000000000486660  [anon:dalvik-classes.dex extracted in memory from /data/app/~~uzs6kuFpQE7K7fjdiMdbWg==/com.visiongenieapp-vkEiTC1y6t5sebWfPvitlA==/base.apk]
03-23 18:43:45.444 20552 20552 F DEBUG   :       #19 pc 00000000005d8d70  /apex/com.android.art/lib64/libart.so (art::interpreter::Execute(art::Thread*, art::CodeItemDataAccessor const&, art::ShadowFrame&, art::JValue, bool, bool) (.__uniq.112435418011751916792819755956732575238)+444) (BuildId: 7e0f54c1a3af240ecab90a8dbd11f478)
03-23 18:43:45.444 20552 20552 F DEBUG   :       #20 pc 00000000005df4a4  /apex/com.android.art/lib64/libart.so (art::interpreter::ArtInterpreterToInterpreterBridge(art::Thread*, art::CodeItemDataAccessor const&, art::ShadowFrame*, art::JValue*)+104) (BuildId: 7e0f54c1a3af240ecab90a8dbd11f478)
03-23 18:43:45.444 20552 20552 F DEBUG   :       #21 pc 00000000005dffc4  /apex/com.android.art/lib64/libart.so (bool art::interpreter::DoCall<false>(art::ArtMethod*, art::Thread*, art::ShadowFrame&, art::Instruction const*, unsigned short, bool, art::JValue*)+1892) (BuildId: 7e0f54c1a3af240ecab90a8dbd11f478)
03-23 18:43:45.444 20552 20552 F DEBUG   :       #22 pc 000000000022e240  /apex/com.android.art/lib64/libart.so (void art::interpreter::ExecuteSwitchImplCpp<false>(art::interpreter::SwitchImplContext*)+9400) (BuildId: 7e0f54c1a3af240ecab90a8dbd11f478)
03-23 18:43:45.444 20552 20552 F DEBUG   :       #23 pc 00000000002295d8  /apex/com.android.art/lib64/libart.so (ExecuteSwitchImplAsm+8) (BuildId: 7e0f54c1a3af240ecab90a8dbd11f478)
03-23 18:43:45.444 20552 20552 F DEBUG   :       #24 pc 0000000000001100  [anon:dalvik-classes18.dex extracted in memory from /data/app/~~uzs6kuFpQE7K7fjdiMdbWg==/com.visiongenieapp-vkEiTC1y6t5sebWfPvitlA==/base.apk] (com.visiongenieapp.voice.VoiceRecognitionModule.ensureRecognizer+0)
03-23 18:43:45.444 20552 20552 F DEBUG   :       #25 pc 00000000005d8d70  /apex/com.android.art/lib64/libart.so (art::interpreter::Execute(art::Thread*, art::CodeItemDataAccessor const&, art::ShadowFrame&, art::JValue, bool, bool) (.__uniq.112435418011751916792819755956732575238)+444) (BuildId: 7e0f54c1a3af240ecab90a8dbd11f478)
03-23 18:43:45.444 20552 20552 F DEBUG   :       #26 pc 00000000005df4a4  /apex/com.android.art/lib64/libart.so (art::interpreter::ArtInterpreterToInterpreterBridge(art::Thread*, art::CodeItemDataAccessor const&, art::ShadowFrame*, art::JValue*)+104) (BuildId: 7e0f54c1a3af240ecab90a8dbd11f478)
03-23 18:43:45.444 20552 20552 F DEBUG   :       #27 pc 00000000005dffc4  /apex/com.android.art/lib64/libart.so (bool art::interpreter::DoCall<false>(art::ArtMethod*, art::Thread*, art::ShadowFrame&, art::Instruction const*, unsigned short, bool, art::JValue*)+1892) (BuildId: 7e0f54c1a3af240ecab90a8dbd11f478)
03-23 18:43:45.444 20552 20552 F DEBUG   :       #28 pc 000000000022e240  /apex/com.android.art/lib64/libart.so (void art::interpreter::ExecuteSwitchImplCpp<false>(art::interpreter::SwitchImplContext*)+9400) (BuildId: 7e0f54c1a3af240ecab90a8dbd11f478)
03-23 18:43:45.444 20552 20552 F DEBUG   :       #29 pc 00000000002295d8  /apex/com.android.art/lib64/libart.so (ExecuteSwitchImplAsm+8) (BuildId: 7e0f54c1a3af240ecab90a8dbd11f478)
03-23 18:43:45.444 20552 20552 F DEBUG   :       #30 pc 0000000000001828  [anon:dalvik-classes18.dex extracted in memory from /data/app/~~uzs6kuFpQE7K7fjdiMdbWg==/com.visiongenieapp-vkEiTC1y6t5sebWfPvitlA==/base.apk] (com.visiongenieapp.voice.VoiceRecognitionModule.start$lambda$3+0)
03-23 18:43:45.444 20552 20552 F DEBUG   :       #31 pc 00000000005d8d70  /apex/com.android.art/lib64/libart.so (art::interpreter::Execute(art::Thread*, art::CodeItemDataAccessor const&, art::ShadowFrame&, art::JValue, bool, bool) (.__uniq.112435418011751916792819755956732575238)+444) (BuildId: 7e0f54c1a3af240ecab90a8dbd11f478)
03-23 18:43:45.444 20552 20552 F DEBUG   :       #32 pc 00000000005df4a4  /apex/com.android.art/lib64/libart.so (art::interpreter::ArtInterpreterToInterpreterBridge(art::Thread*, art::CodeItemDataAccessor const&, art::ShadowFrame*, art::JValue*)+104) (BuildId: 7e0f54c1a3af240ecab90a8dbd11f478)
03-23 18:43:45.444 20552 20552 F DEBUG   :       #33 pc 00000000005dffc4  /apex/com.android.art/lib64/libart.so (bool art::interpreter::DoCall<false>(art::ArtMethod*, art::Thread*, art::ShadowFrame&, art::Instruction const*, unsigned short, bool, art::JValue*)+1892) (BuildId: 7e0f54c1a3af240ecab90a8dbd11f478)
03-23 18:43:45.444 20552 20552 F DEBUG   :       #34 pc 000000000022f5c0  /apex/com.android.art/lib64/libart.so (void art::interpreter::ExecuteSwitchImplCpp<false>(art::interpreter::SwitchImplContext*)+14392) (BuildId: 7e0f54c1a3af240ecab90a8dbd11f478)
03-23 18:43:45.444 20552 20552 F DEBUG   :       #35 pc 00000000002295d8  /apex/com.android.art/lib64/libart.so (ExecuteSwitchImplAsm+8) (BuildId: 7e0f54c1a3af240ecab90a8dbd11f478)
03-23 18:43:45.444 20552 20552 F DEBUG   :       #36 pc 000000000000124c  [anon:dalvik-classes18.dex extracted in memory from /data/app/~~uzs6kuFpQE7K7fjdiMdbWg==/com.visiongenieapp-vkEiTC1y6t5sebWfPvitlA==/base.apk] (com.visiongenieapp.voice.VoiceRecognitionModule.$r8$lambda$-PubGVaDq-kRLXL2HP4l634faZ8+0)
03-23 18:43:45.445 20552 20552 F DEBUG   :       #37 pc 00000000005d8d70  /apex/com.android.art/lib64/libart.so (art::interpreter::Execute(art::Thread*, art::CodeItemDataAccessor const&, art::ShadowFrame&, art::JValue, bool, bool) (.__uniq.112435418011751916792819755956732575238)+444) (BuildId: 7e0f54c1a3af240ecab90a8dbd11f478)
03-23 18:43:45.445 20552 20552 F DEBUG   :       #38 pc 00000000005df4a4  /apex/com.android.art/lib64/libart.so (art::interpreter::ArtInterpreterToInterpreterBridge(art::Thread*, art::CodeItemDataAccessor const&, art::ShadowFrame*, art::JValue*)+104) (BuildId: 7e0f54c1a3af240ecab90a8dbd11f478)
03-23 18:43:45.445 20552 20552 F DEBUG   :       #39 pc 00000000005dffc4  /apex/com.android.art/lib64/libart.so (bool art::interpreter::DoCall<false>(art::ArtMethod*, art::Thread*, art::ShadowFrame&, art::Instruction const*, unsigned short, bool, art::JValue*)+1892) (BuildId: 7e0f54c1a3af240ecab90a8dbd11f478)
03-23 18:43:45.445 20552 20552 F DEBUG   :       #40 pc 000000000022f5c0  /apex/com.android.art/lib64/libart.so (void art::interpreter::ExecuteSwitchImplCpp<false>(art::interpreter::SwitchImplContext*)+14392) (BuildId: 7e0f54c1a3af240ecab90a8dbd11f478)
03-23 18:43:45.445 20552 20552 F DEBUG   :       #41 pc 00000000002295d8  /apex/com.android.art/lib64/libart.so (ExecuteSwitchImplAsm+8) (BuildId: 7e0f54c1a3af240ecab90a8dbd11f478)
