03-23 18:43:41.590  2646  3353 I MiSensorServiceImpl: user found in check list, getPackageName  android.view.OrientationEventListener
03-23 18:43:41.590  2646  3353 I MiSensorServiceImpl: user found in check list, getPackageName  android.view.OrientationEventListener
03-23 18:43:41.615 16757 20505 W unknown:ViewManagerPropertyUpdater: Could not find generated setter for class com.facebook.react.views.debuggingoverlay.DebuggingOverlayManager
03-23 18:43:41.619 16757 20505 W unknown:ViewManagerPropertyUpdater: Could not find generated setter for class com.swmansion.gesturehandler.react.RNGestureHandlerButtonViewManager
03-23 18:43:41.622 16757 20505 W unknown:ViewManagerPropertyUpdater: Could not find generated setter for class com.facebook.react.views.safeareaview.ReactSafeAreaViewManager
03-23 18:43:41.625 16757 20505 W unknown:ViewManagerPropertyUpdater: Could not find generated setter for class com.facebook.react.views.modal.ReactModalHostManager
03-23 18:43:41.628 16757 20505 W unknown:ViewManagerPropertyUpdater: Could not find generated setter for class com.facebook.react.views.text.frescosupport.FrescoBasedReactTextInlineImageViewManager
03-23 18:43:41.628 16757 20505 W unknown:ViewManagerPropertyUpdater: Could not find generated setter for class com.facebook.react.views.text.frescosupport.FrescoBasedReactTextInlineImageShadowNode
03-23 18:43:41.629  2646  3353 I MiSensorServiceImpl: user found in check list, getPackageName  android.view.OrientationEventListener
03-23 18:43:41.630  2646  3353 I MiSensorServiceImpl: user found in check list, getPackageName  android.view.OrientationEventListener
03-23 18:43:41.632 16757 20505 W unknown:ViewManagerPropertyUpdater: Could not find generated setter for class com.facebook.react.views.progressbar.ReactProgressBarViewManager
03-23 18:43:41.632 16757 20505 W unknown:ViewManagerPropertyUpdater: Could not find generated setter for class com.facebook.react.views.progressbar.ProgressBarShadowNode
03-23 18:43:41.635 16757 20505 W unknown:ViewManagerPropertyUpdater: Could not find generated setter for class com.facebook.react.views.scroll.ReactHorizontalScrollViewManager
03-23 18:43:41.640 16757 20505 W unknown:ViewManagerPropertyUpdater: Could not find generated setter for class com.facebook.react.views.image.ReactImageManager
03-23 18:43:41.644 16757 20505 W unknown:ViewManagerPropertyUpdater: Could not find generated setter for class com.facebook.react.views.text.ReactTextViewManager
03-23 18:43:41.644 16757 20505 W unknown:ViewManagerPropertyUpdater: Could not find generated setter for class com.facebook.react.views.text.ReactTextShadowNode
03-23 18:43:41.648 16757 20505 W unknown:ViewManagerPropertyUpdater: Could not find generated setter for class com.facebook.react.views.scroll.ReactHorizontalScrollContainerViewManager
03-23 18:43:41.652 16757 20505 W unknown:ViewManagerPropertyUpdater: Could not find generated setter for class com.facebook.react.views.unimplementedview.ReactUnimplementedViewManager
03-23 18:43:41.655 16757 20505 W unknown:ViewManagerPropertyUpdater: Could not find generated setter for class com.facebook.react.views.scroll.ReactScrollViewManager
03-23 18:43:41.659 16757 20505 W unknown:ViewManagerPropertyUpdater: Could not find generated setter for class com.facebook.react.views.view.ReactViewManager
03-23 18:43:41.662 16757 20505 W unknown:ViewManagerPropertyUpdater: Could not find generated setter for class com.facebook.react.views.drawer.ReactDrawerLayoutManager
03-23 18:43:41.663 10276 10669 D JavaheapMonitor: Java heap used=9M max=512M, proc: com.miui.voiceassist:widgetProvider
03-23 18:43:41.663 10276 10669 V JavaheapMonitor: Check java heap usage finished! Next check delay: 300000
03-23 18:43:41.666 16757 20505 W unknown:ViewManagerPropertyUpdater: Could not find generated setter for class com.facebook.react.views.switchview.ReactSwitchManager
03-23 18:43:41.666 16757 20505 W unknown:ViewManagerPropertyUpdater: Could not find generated setter for class com.facebook.react.views.switchview.ReactSwitchShadowNode
03-23 18:43:41.669 16757 20505 W unknown:ViewManagerPropertyUpdater: Could not find generated setter for class com.facebook.react.views.swiperefresh.SwipeRefreshLayoutManager
03-23 18:43:41.674 16757 20505 W unknown:ViewManagerPropertyUpdater: Could not find generated setter for class com.facebook.react.views.textinput.ReactTextInputManager
03-23 18:43:41.675 16757 20505 W unknown:ViewManagerPropertyUpdater: Could not find generated setter for class com.facebook.react.views.textinput.ReactTextInputShadowNode
03-23 18:43:41.679 16757 20505 W unknown:ViewManagerPropertyUpdater: Could not find generated setter for class com.swmansion.gesturehandler.react.RNGestureHandlerRootViewManager
03-23 18:43:41.709  2646  3353 I MiSensorServiceImpl: user found in check list, getPackageName  android.view.OrientationEventListener
03-23 18:43:41.710  2646  3353 I MiSensorServiceImpl: user found in check list, getPackageName  android.view.OrientationEventListener
03-23 18:43:41.749  2646  3353 I MiSensorServiceImpl: user found in check list, getPackageName  android.view.OrientationEventListener
03-23 18:43:41.749  2646  3353 I MiSensorServiceImpl: user found in check list, getPackageName  android.view.OrientationEventListener
03-23 18:43:41.778 22671 23019 D JavaheapMonitor: Java heap used=4M max=256M, proc: com.miui.notification:remote
03-23 18:43:41.778 22671 23019 V JavaheapMonitor: Check java heap usage finished! Next check delay: 300000
03-23 18:43:41.829  2646  3353 I MiSensorServiceImpl: user found in check list, getPackageName  android.view.OrientationEventListener
03-23 18:43:41.830  2646  3353 I MiSensorServiceImpl: user found in check list, getPackageName  android.view.OrientationEventListener
03-23 18:43:41.841 16757 20505 I ReactNativeJS: Running "VisionGenieApp" with {"rootTag":1,"initialProps":{},"fabric":true}
03-23 18:43:41.869  2646  3353 I MiSensorServiceImpl: user found in check list, getPackageName  android.view.OrientationEventListener
03-23 18:43:41.869  2646  3353 I MiSensorServiceImpl: user found in check list, getPackageName  android.view.OrientationEventListener
03-23 18:43:41.915 16757 20518 D TrafficStats: tagSocket(188) with statsTag=0xffffffff, statsUid=-1
03-23 18:43:41.949  2646  3353 I MiSensorServiceImpl: user found in check list, getPackageName  android.view.OrientationEventListener
03-23 18:43:41.949  2646  3353 I MiSensorServiceImpl: user found in check list, getPackageName  android.view.OrientationEventListener
03-23 18:43:41.989  2646  3353 I MiSensorServiceImpl: user found in check list, getPackageName  android.view.OrientationEventListener
03-23 18:43:41.989  2646  3353 I MiSensorServiceImpl: user found in check list, getPackageName  android.view.OrientationEventListener
03-23 18:43:42.069  2646  3353 I MiSensorServiceImpl: user found in check list, getPackageName  android.view.OrientationEventListener
03-23 18:43:42.069  2646  3353 I MiSensorServiceImpl: user found in check list, getPackageName  android.view.OrientationEventListener
03-23 18:43:42.108  2646  3353 I MiSensorServiceImpl: user found in check list, getPackageName  android.view.OrientationEventListener
03-23 18:43:42.109  2646  3353 I MiSensorServiceImpl: user found in check list, getPackageName  android.view.OrientationEventListener
03-23 18:43:42.176 16757 16757 I ReactNative: [GESTURE HANDLER] Initialize gesture handler for root view com.facebook.react.runtime.ReactSurfaceView{b8b81ba V.E...... ......ID 0,0-1800,2880 #1}
03-23 18:43:42.185 16757 20461 D .visiongenieapp: MWDF parse error: Try again
03-23 18:43:42.187  1448  1527 E ANDR-PERF-RESOURCEQS: Failed to apply optimization [11, 8]
03-23 18:43:42.189  2646  3353 I MiSensorServiceImpl: user found in check list, getPackageName  android.view.OrientationEventListener
03-23 18:43:42.189  2646  3353 I MiSensorServiceImpl: user found in check list, getPackageName  android.view.OrientationEventListener
03-23 18:43:42.202  1413  1882 W SDM-histogram: Discarding event blob-id: B6
03-23 18:43:42.229  2646  3353 I MiSensorServiceImpl: user found in check list, getPackageName  android.view.OrientationEventListener
03-23 18:43:42.229  2646  3353 I MiSensorServiceImpl: user found in check list, getPackageName  android.view.OrientationEventListener
03-23 18:43:42.239  2646  4936 E HyperSentinel: -------------------------------------------------------
03-23 18:43:42.240  2646  4936 E HyperSentinel: Event_ResidentSize
03-23 18:43:42.240  2646  4936 E HyperSentinel: ->pid:16757,processName:"com.visiongenieapp",Rss Memory Size Change 421740kb -> 512032kb
03-23 18:43:42.308  2646  3353 I MiSensorServiceImpl: user found in check list, getPackageName  android.view.OrientationEventListener
03-23 18:43:42.309  2646  3353 W SensorService: Dropping 1 cached events (10000/10000) to save 1/1 new events. 33 events previously dropped
03-23 18:43:42.309  2646  3353 I MiSensorServiceImpl: user found in check list, getPackageName  android.view.OrientationEventListener
03-23 18:43:42.309  2646  3353 W SensorService: Dropping 1 cached events (10000/10000) to save 1/1 new events. 33 events previously dropped
03-23 18:43:42.348  2646  3353 I MiSensorServiceImpl: user found in check list, getPackageName  android.view.OrientationEventListener
03-23 18:43:42.349  2646  3353 I MiSensorServiceImpl: user found in check list, getPackageName  android.view.OrientationEventListener
03-23 18:43:42.401 16757 16757 D ScrollerOptimizationManager: registerConfigChangedListener
03-23 18:43:42.401 16757 16757 W libc    : Access denied finding property "ro.vendor.mi_sf.new_dynamic_refresh_rate"
03-23 18:43:42.401 16757 16757 D SplineOverScroller: dynamic params is false
03-23 18:43:42.394 16757 16757 W .visiongenieapp: type=1400 audit(0.0:148846): avc:  denied  { read } for  name="u:object_r:vendor_displayfeature_prop:s0" dev="tmpfs" ino=468 scontext=u:r:untrusted_app:s0:c87,c257,c512,c768 tcontext=u:object_r:vendor_displayfeature_prop:s0 tclass=file permissive=0 app=com.visiongenieapp
03-23 18:43:42.402 16757 16757 W .visiongenieapp: Accessing hidden field Landroid/widget/ScrollView;->mScroller:Landroid/widget/OverScroller; (unsupported, reflection, allowed)
03-23 18:43:42.428  2646  3353 I MiSensorServiceImpl: user found in check list, getPackageName  android.view.OrientationEventListener
03-23 18:43:42.429  2646  3353 I MiSensorServiceImpl: user found in check list, getPackageName  android.view.OrientationEventListener
03-23 18:43:42.454 16757 20524 D nativeloader: Load /data/app/~~uzs6kuFpQE7K7fjdiMdbWg==/com.visiongenieapp-vkEiTC1y6t5sebWfPvitlA==/base.apk!/lib/arm64-v8a/libimagepipeline.so using ns clns-8 from class loader (caller=/data/app/~~uzs6kuFpQE7K7fjdiMdbWg==/com.visiongenieapp-vkEiTC1y6t5sebWfPvitlA==/base.apk): ok
03-23 18:43:42.458 16757 20524 I SkJpegCodec: [mId: 4] skia-debug SkJpegCodec::+SkJpegCodec
03-23 18:43:42.458 16757 20524 I SkJpegCodec: [mId: 4] skia-debug SkJpegCodec::ReadHeader: width = 800, height = 512, color = 10
03-23 18:43:42.458 16757 20524 I SkJpegCodec: [mId: 4] skia-debug SkJpegCodec::ReadHeader: progressive_mode = 0, streamType: SkStreamRewindable
03-23 18:43:42.464 16757 20524 D nativeloader: Load /data/app/~~uzs6kuFpQE7K7fjdiMdbWg==/com.visiongenieapp-vkEiTC1y6t5sebWfPvitlA==/base.apk!/lib/arm64-v8a/libnative-imagetranscoder.so using ns clns-8 from class loader (caller=/data/app/~~uzs6kuFpQE7K7fjdiMdbWg==/com.visiongenieapp-vkEiTC1y6t5sebWfPvitlA==/base.apk): ok
03-23 18:43:42.465 16757 20527 I SkJpegCodec: [mId: 5] skia-debug SkJpegCodec::+SkJpegCodec
03-23 18:43:42.465 16757 20527 I SkJpegCodec: [mId: 5] skia-debug SkJpegCodec::ReadHeader: width = 800, height = 512, color = 10
03-23 18:43:42.465 16757 20527 I SkJpegCodec: [mId: 5] skia-debug SkJpegCodec::ReadHeader: progressive_mode = 0, streamType: SkStreamRewindable
03-23 18:43:42.466 16757 20527 I SkJpegCodec: [mId: 6] skia-debug SkJpegCodec::+SkJpegCodec
03-23 18:43:42.466 16757 20527 I SkJpegCodec: [mId: 6] skia-debug SkJpegCodec::ReadHeader: width = 800, height = 512, color = 10
03-23 18:43:42.466 16757 20527 I SkJpegCodec: [mId: 6] skia-debug SkJpegCodec::ReadHeader: progressive_mode = 0, streamType: SkStreamRewindable
03-23 18:43:42.466 16757 20527 I SkJpegCodec: [mId: 6] skia-debug SkJpegCodec::onGetPixels: dstRowBytes = 3200, 
03-23 18:43:42.466 16757 20527 I SkJpegCodec: dstInfo: SkImageInfo: {IsRGB = 1, ColorType = 4, AlphaType = 1, Dimensions.width = 800, Dimensions.height = 512};
03-23 18:43:42.468  2646  3353 I MiSensorServiceImpl: user found in check list, getPackageName  android.view.OrientationEventListener
03-23 18:43:42.468 16757 20527 I SkJpegCodec: [mId: 6] skia-debug SkJpegCodec::onGetPixels ends with rowsDecodec = 512
03-23 18:43:42.468 16757 20527 I SkJpegCodec: [mId: 6] skia-debug onGetGainmapInfo returns false
03-23 18:43:42.468  2646  3353 I MiSensorServiceImpl: user found in check list, getPackageName  android.view.OrientationEventListener
03-23 18:43:42.508 16757 20505 D nativeloader: Load /data/app/~~uzs6kuFpQE7K7fjdiMdbWg==/com.visiongenieapp-vkEiTC1y6t5sebWfPvitlA==/base.apk!/lib/arm64-v8a/libgesturehandler.so using ns clns-8 from class loader (caller=/data/app/~~uzs6kuFpQE7K7fjdiMdbWg==/com.visiongenieapp-vkEiTC1y6t5sebWfPvitlA==/base.apk): ok
03-23 18:43:42.508 16757 20505 D jni_lib_merge: Entering merged library JNI_OnLoad.
03-23 18:43:42.508 16757 20505 D jni_lib_merge: Preparing 12 pre-merged libs (including stub)
03-23 18:43:42.508 16757 20505 D jni_lib_merge: Preparing to register libfabricjni_so.  onload_func: 0x76fa7b02ec
03-23 18:43:42.508 16757 20505 D jni_lib_merge: Preparing to register libreact_devsupportjni_so.  onload_func: 0x76fa9d60f8
03-23 18:43:42.508 16757 20505 D jni_lib_merge: Preparing to register libreact_featureflagsjni_so.  onload_func: 0x76fa9e8be4
03-23 18:43:42.508 16757 20505 D jni_lib_merge: Preparing to register libreact_newarchdefaults_so.  onload_func: 0x76faa87fc8
03-23 18:43:42.508 16757 20505 D jni_lib_merge: Preparing to register libreactnativeblob_so.  onload_func: 0x76fac9c668
03-23 18:43:42.508 16757 20505 D jni_lib_merge: Preparing to register libreactnativejni_so.  onload_func: 0x76facdacdc
03-23 18:43:42.508 16757 20505 D jni_lib_merge: Preparing to register libreactnativejni_common_so.  onload_func: 0x76face0a08
03-23 18:43:42.508 16757 20505 D jni_lib_merge: Preparing to register librninstance_so.  onload_func: 0x76fad2d2cc
03-23 18:43:42.508 16757 20505 D jni_lib_merge: Preparing to register libturbomodulejsijni_so.  onload_func: 0x76fae8ab34
03-23 18:43:42.508 16757 20505 D jni_lib_merge: Preparing to register libuimanagerjni_so.  onload_func: 0x76faea2454
03-23 18:43:42.508 16757 20505 D jni_lib_merge: Preparing to register libyoga_so.  onload_func: 0x76faeb1ed8
03-23 18:43:42.508 16757 20505 D jni_lib_merge: About to register 11 actual methods.
03-23 18:43:42.520 16757 20528 D TrafficStats: tagSocket(207) with statsTag=0xffffffff, statsUid=-1
03-23 18:43:42.520 16757 20525 D TrafficStats: tagSocket(201) with statsTag=0xffffffff, statsUid=-1
03-23 18:43:42.540  2187  2187 I zygote  : Delayed USAP Pool refill. New USAPs: 1
03-23 18:43:42.544 16757 16757 D VRI[MainActivity]: getMiuiFreeformStackInfo mTmpFrames.miuiFreeFormStackInfo: null
03-23 18:43:42.547  2646  8003 D MiuiRefreshRatePolicy: reset
03-23 18:43:42.548  2646  3353 I MiSensorServiceImpl: user found in check list, getPackageName  android.view.OrientationEventListener
03-23 18:43:42.548  2646  3353 I MiSensorServiceImpl: user found in check list, getPackageName  android.view.OrientationEventListener
03-23 18:43:42.550  1448  1527 E ANDR-PERF-RESOURCEQS: Failed to apply optimization [11, 8]
03-23 18:43:42.555  2187  2187 D Zygote  : Forked child process 20530
03-23 18:43:42.557  1413  1888 I SDM     : HWEventsDRM::SetEventState: Setup vsync event for CRTC 156, Connector 57
03-23 18:43:42.564  1413  1882 W SDM-histogram: Discarding event blob-id: B6
03-23 18:43:42.564  5858  6078 D MiuiPeriodicallyMoveHelper: periodicallyMoveUpFirst taskId=156, windowingMode=fullscreen caller=Sampling
03-23 18:43:42.571  1413  1882 W SDM-histogram: Discarding event blob-id: B6
03-23 18:43:42.578  1413  1882 W SDM-histogram: Discarding event blob-id: B6
03-23 18:43:42.586  1413  1882 W SDM-histogram: Discarding event blob-id: B6
03-23 18:43:42.588  2646  3353 I MiSensorServiceImpl: user found in check list, getPackageName  android.view.OrientationEventListener
03-23 18:43:42.588  2646  3353 I MiSensorServiceImpl: user found in check list, getPackageName  android.view.OrientationEventListener
03-23 18:43:42.592  1413  1882 W SDM-histogram: Discarding event blob-id: B6
03-23 18:43:42.599  1413  1882 W SDM-histogram: Discarding event blob-id: B6
03-23 18:43:42.606  1413  1882 W SDM-histogram: Discarding event blob-id: B6
03-23 18:43:42.613  1413  1882 W SDM-histogram: Discarding event blob-id: B6
03-23 18:43:42.620  1413  1882 W SDM-histogram: Discarding event blob-id: B6
03-23 18:43:42.627  1413  1882 W SDM-histogram: Discarding event blob-id: B6
03-23 18:43:42.634  1413  1882 W SDM-histogram: Discarding event blob-id: B6
03-23 18:43:42.641  1413  1882 W SDM-histogram: Discarding event blob-id: B6
03-23 18:43:42.648  1413  1882 W SDM-histogram: Discarding event blob-id: B6
03-23 18:43:42.655  1413  1882 W SDM-histogram: Discarding event blob-id: B6
03-23 18:43:42.662  1413  1882 W SDM-histogram: Discarding event blob-id: B6
03-23 18:43:42.668  1413  1882 W SDM-histogram: Discarding event blob-id: B6
03-23 18:43:42.668  2646  3353 I MiSensorServiceImpl: user found in check list, getPackageName  android.view.OrientationEventListener
03-23 18:43:42.669  2646  3353 I MiSensorServiceImpl: user found in check list, getPackageName  android.view.OrientationEventListener
03-23 18:43:42.675  1413  1882 W SDM-histogram: Discarding event blob-id: B6
03-23 18:43:42.682  1413  1882 W SDM-histogram: Discarding event blob-id: B6
03-23 18:43:42.689  1413  1882 W SDM-histogram: Discarding event blob-id: B6
03-23 18:43:42.696  1413  1882 W SDM-histogram: Discarding event blob-id: B6
03-23 18:43:42.698  5858  5858 I MiuiStatusBarHoverH: update bg,hover=0, light mode -> true
03-23 18:43:42.699  5858  5858 D SurfaceUtils: setStatusBarUpdateState: state: 1
03-23 18:43:42.703  1413  1882 W SDM-histogram: Discarding event blob-id: B6
03-23 18:43:42.708  2646  3353 I MiSensorServiceImpl: user found in check list, getPackageName  android.view.OrientationEventListener
03-23 18:43:42.708  2646  3353 I MiSensorServiceImpl: user found in check list, getPackageName  android.view.OrientationEventListener
03-23 18:43:42.710  1413  1882 W SDM-histogram: Discarding event blob-id: B6
03-23 18:43:42.710 11936 12183 D UidObserver: onUidIdle uid=10343 uidstate=100
03-23 18:43:42.717  1413  1882 W SDM-histogram: Discarding event blob-id: B6
03-23 18:43:42.724  1413  1882 W SDM-histogram: Discarding event blob-id: B6
03-23 18:43:42.731  1413  1882 W SDM-histogram: Discarding event blob-id: B6
03-23 18:43:42.738  1413  1882 W SDM-histogram: Discarding event blob-id: B6
03-23 18:43:42.745  1413  1882 W SDM-histogram: Discarding event blob-id: B6
03-23 18:43:42.752  1413  1882 W SDM-histogram: Discarding event blob-id: B6
03-23 18:43:42.759  1413  1882 W SDM-histogram: Discarding event blob-id: B6
03-23 18:43:42.766  1413  1882 W SDM-histogram: Discarding event blob-id: B6
03-23 18:43:42.772  1413  1882 W SDM-histogram: Discarding event blob-id: B6
03-23 18:43:42.779  1413  1882 W SDM-histogram: Discarding event blob-id: B6
03-23 18:43:42.787  1413  1882 W SDM-histogram: Discarding event blob-id: B6
03-23 18:43:42.788  2646  3353 I MiSensorServiceImpl: user found in check list, getPackageName  android.view.OrientationEventListener
03-23 18:43:42.788  2646  3353 I MiSensorServiceImpl: user found in check list, getPackageName  android.view.OrientationEventListener
03-23 18:43:42.794  1413  1882 W SDM-histogram: Discarding event blob-id: B6
03-23 18:43:42.800  1413  1882 W SDM-histogram: Discarding event blob-id: B6
03-23 18:43:42.807  1413  1882 W SDM-histogram: Discarding event blob-id: B6
03-23 18:43:42.814  1413  1882 W SDM-histogram: Discarding event blob-id: B6
03-23 18:43:42.815 16757 20425 I .visiongenieapp: This is non sticky GC, maxfree is 33554432 minfree is 8388608
03-23 18:43:42.821  1413  1882 W SDM-histogram: Discarding event blob-id: B6
03-23 18:43:42.828  2646  3353 I MiSensorServiceImpl: user found in check list, getPackageName  android.view.OrientationEventListener
03-23 18:43:42.828  1413  1882 W SDM-histogram: Discarding event blob-id: B6
03-23 18:43:42.828  2646  3353 I MiSensorServiceImpl: user found in check list, getPackageName  android.view.OrientationEventListener
03-23 18:43:42.822 16757 16757 W FinalizerDaemon: type=1400 audit(0.0:148847): avc:  denied  { getopt } for  path="/dev/socket/usap_pool_primary" scontext=u:r:untrusted_app:s0:c87,c257,c512,c768 tcontext=u:r:zygote:s0 tclass=unix_stream_socket permissive=0 app=com.visiongenieapp
03-23 18:43:42.829 16757 20427 W .visiongenieapp: ApkAssets: Deleting an ApkAssets object '<empty> and /product/app/ContentCatcherOS3/ContentCatcherOS3.apk' with 1 weak references
03-23 18:43:42.830 16757 20427 W .visiongenieapp: ApkAssets: Deleting an ApkAssets object '<empty> and /system_ext/priv-app/RtMiCloudSDK/RtMiCloudSDK.apk' with 1 weak references
03-23 18:43:42.830 16757 20427 W .visiongenieapp: ApkAssets: Deleting an ApkAssets object '<empty> and /system_ext/app/miuisystem/miuisystem.apk' with 1 weak references
03-23 18:43:42.832 16757 20427 W .visiongenieapp: ApkAssets: Deleting an ApkAssets object '<empty> and /product/app/WebViewGoogle64/WebViewGoogle64.apk' with 1 weak references
03-23 18:43:42.835  1413  1882 W SDM-histogram: Discarding event blob-id: B6
03-23 18:43:42.842  1413  1882 W SDM-histogram: Discarding event blob-id: B6
03-23 18:43:42.849  1413  1882 W SDM-histogram: Discarding event blob-id: B6
03-23 18:43:42.856  1413  1882 W SDM-histogram: Discarding event blob-id: B6
03-23 18:43:42.863  1413  1882 W SDM-histogram: Discarding event blob-id: B6
03-23 18:43:42.870  1413  1882 W SDM-histogram: Discarding event blob-id: B6
03-23 18:43:42.871  2646  2685 I ThermalObserver: Temperature control has been released.
03-23 18:43:42.877  1413  1882 W SDM-histogram: Discarding event blob-id: B6
03-23 18:43:42.884  1413  1882 W SDM-histogram: Discarding event blob-id: B6
03-23 18:43:42.908  2646  3353 I MiSensorServiceImpl: user found in check list, getPackageName  android.view.OrientationEventListener
03-23 18:43:42.908  2646  3353 I MiSensorServiceImpl: user found in check list, getPackageName  android.view.OrientationEventListener
03-23 18:43:42.914  2116  2116 I adbd    : in ShellService: input tap 146 1733
03-23 18:43:42.937  2646  8003 W MIUIInput: Input event injection from package: null action ACTION_DOWN
03-23 18:43:42.939  2646  3595 I MIUIInput: [MotionEvent] publisher action=0x0, deviceId=-1, 445320411, channel '548aac2 com.visiongenieapp/com.visiongenieapp.MainActivity (server)'
03-23 18:43:42.939  2646  3595 I MIUIInput: [MotionEvent] publisher action=0x0, deviceId=-1, 445320411, channel '[Gesture Monitor] caption-touch (server)'
03-23 18:43:42.939  2646  3595 I MIUIInput: [MotionEvent] publisher action=0x0, deviceId=-1, 445320411, channel '[Gesture Monitor] swipe-up (server)'
03-23 18:43:42.939  2646  3595 I MIUIInput: [MotionEvent] publisher action=0x0, deviceId=-1, 445320411, channel '[Gesture Monitor] miui-gesture (server)'
03-23 18:43:42.940 16757 16757 I MIUIInput: [MotionEvent] ViewRootImpl windowName 'com.visiongenieapp/com.visiongenieapp.MainActivity', { action=ACTION_DOWN, id[0]=0, pointerCount=1, eventTime=445320411, downTime=445320411, phoneEventTime=18:43:42.937 } moveCount:0
03-23 18:43:42.940 16757 16757 D VRI[MainActivity]: getMiuiFreeformStackInfo mTmpFrames.miuiFreeFormStackInfo: null
03-23 18:43:42.941 10383 10383 D EventBus: No subscribers registered for event class com.xiaomi.xms.event.msg.SystemTouchMsg
03-23 18:43:42.941 10383 10383 D EventBus: No subscribers registered for event class ld.h
03-23 18:43:42.941  5378  5378 D MiuiPadHome_GestureInputHelper: onInputEvent action=ACTION_DOWN
03-23 18:43:42.942  5858  6078 D MiuiFreeformModeGestureHandler: start handle MotionEvents:(146.0,1733.0)
03-23 18:43:42.942  5858  6078 D MiuiFreeformModeGestureHandler: handleMotionEvents mActiveMiuiFreeformTask null x: 146.0 y: 1733.0 current miuiFreeformModeTaskInfo: 
03-23 18:43:42.942  5858  6078 D MultiTaskingTaskRepository: getTopFullscreenTaskInfo: taskId=156, windowingMode=1, isVisible=true, isTopActivityTransparent=false
03-23 18:43:42.942  5858  6078 D MiuiTopDecoration: isTouchedInTopCaption: taskId=156, point not in view, inputPoint=PointF(-677.0, 1733.0), viewBounds=Rect(0, 0 - 155, 75), isSplitTask=false, eventX=146.0, eventY=1733.0
03-23 18:43:42.942  5858  6078 D MulWinSwitchDecorViewModel: handleReceivedMotionEvent: touchedTaskId=-1
03-23 18:43:42.942  5858  6078 D MulWinSwitchDecorViewModel: handleReceivedMotionEvent: mTouchedBottomTaskId=-1
03-23 18:43:42.942  5378  5378 W RecentsModel: getRunningTaskContainHome containHome : true
03-23 18:43:42.944  5378  5378 W RecentsModel: getRunningTask return tasks.get(0)= TaskInfo{userId=0 taskId=156 displayId=0 isRunning=true baseIntent=Intent { flg=0x10000000 cmp=com.visiongenieapp/.MainActivity } baseActivity=ComponentInfo{com.visiongenieapp/com.visiongenieapp.MainActivity} topActivity=ComponentInfo{com.visiongenieapp/com.visiongenieapp.MainActivity} origActivity=null realActivity=ComponentInfo{com.visiongenieapp/com.visiongenieapp.MainActivity} numActivities=1 lastActiveTime=988685660 supportsSplitScreenMultiWindow=true mSoScDisplayMode=-1 supportsMultiWindow=true resizeMode=1 isResizeable=true minWidth=-1 minHeight=-1 defaultMinSize=200 token=WCT{android.window.IWindowContainerToken$Stub$Proxy@f5451a8} topActivityType=1 pictureInPictureParams=null shouldDockBigOverlays=false launchIntoPipHostTaskId=-1 lastParentTaskIdBeforePip=-1 displayCutoutSafeInsets=null topActivityInfo=ActivityInfo{7b824c1 com.visiongenieapp.MainActivity} launchCookies=[] positionInParent=Point(0, 0) parentTaskId=-1 isFocused=false isVisible=true isVisibleRequested=true isSleeping=false locusId=null displayAreaFeatureId=1 isTopActivityTransparent=false appCompatTaskInfo=AppCompatTaskInfo { topActivityInSizeCompat=false topActivityInMiuiSizeCompat=false topActivityEligibleForLetterboxEducation= falseisLetterboxEducationEnabled= false isLetterboxDoubleTapEnabled= false topActivityEligibleForUserAspectRatioButton= false topActivityBoundsLetterboxed= false isFromLetterboxDoubleTap= false topActivityLetterboxVerticalPosition= -1 topActivityLetterboxHorizontalPosition= -1 topActivityLetterboxWidth=1800 topActivityLetterboxHeight=2880 isUserFullscreenOverrideEnabled=false isSystemFullscreenOverrideEnabled=false cameraCompatTaskInfo=CameraCompatTaskInfo { cameraCompatControlState=hidden freeformCameraCompatMode=inactive}} isImmersive=false mTopActivityRequestOrientation=-1 mBehindAppLockPkg=null mOriginatingUid=0 isEmbedded=false shouldBeVisible=true isCreatedByOrganizer=false mIsCastMode=false mTopActivityMediaSize=Rect(0, 0 - 0, 0) mTopActivityRecordName=ActivityRecord{e2c1b8e u0 com.visiongenieapp/.MainActivity t156} mTopActivityOrientation=-1}
03-23 18:43:42.945  5378  5378 D MiuiPadHome_GestureModeApp: isReadyToQuickSwitch11Mode: 1
03-23 18:43:42.945  2646  8003 W MIUIInput: Input event injection from package: null action ACTION_UP
03-23 18:43:42.946  5378  5378 D GestureModeHelper: isGoogleOverlay=false   process=-1.0   isUseGoogleMinusScreenMode=false
03-23 18:43:42.946  5378  5378 D MiuiPadHome_GestureModeApp: isReadyToQuickSwitch11Mode: 1
03-23 18:43:42.946  5378  5378 D GestureModeHelper: createGes11tureMode: false===false===false===false===false===false
03-23 18:43:42.946  5378  5378 D MiuiPadHome_GestureModeApp: isReadyToQuickSwitch11Mode: 1
03-23 18:43:42.946  2646  3595 I MIUIInput: [MotionEvent] publisher action=0x1, deviceId=-1, 445320411, channel '548aac2 com.visiongenieapp/com.visiongenieapp.MainActivity (server)'
03-23 18:43:42.946  5378  5378 D MiuiPadHome_GestureInputHelper: onInputEvent, lastGestureMode=com.miui.home.recents.GestureModeApp@403aeec, newGestureMode=com.miui.home.recents.GestureModeApp@403aeec
03-23 18:43:42.946  5378  5378 D MiuiPadHome_GestureMode: setGestureTouchE1ventTracker: com.miui.home.recents.GestureTouchEventTracker@9da733a
03-23 18:43:42.946  2646  3595 I MIUIInput: [MotionEvent] publisher action=0x1, deviceId=-1, 445320411, channel '[Gesture Monitor] caption-touch (server)'
03-23 18:43:42.946  2646  3595 I MIUIInput: [MotionEvent] publisher action=0x1, deviceId=-1, 445320411, channel '[Gesture Monitor] swipe-up (server)'
03-23 18:43:42.946  2646  3595 I MIUIInput: [MotionEvent] publisher action=0x1, deviceId=-1, 445320411, channel '[Gesture Monitor] miui-gesture (server)'
03-23 18:43:42.946 16757 16757 I MIUIInput: [MotionEvent] ViewRootImpl windowName 'com.visiongenieapp/com.visiongenieapp.MainActivity', { action=ACTION_UP, id[0]=0, pointerCount=1, eventTime=445320411, downTime=445320411, phoneEventTime=18:43:42.937 } moveCount:0
03-23 18:43:42.948  2646  3353 I MiSensorServiceImpl: user found in check list, getPackageName  android.view.OrientationEventListener
03-23 18:43:42.948  2646  3353 I MiSensorServiceImpl: user found in check list, getPackageName  android.view.OrientationEventListener
03-23 18:43:42.948  5378  5378 D GestureTouchEventTracker: use Rotation : displayRotation = 1
03-23 18:43:42.948  5378  5378 I GestureTouchEventTracker: initValues: isDockNeedFollowGesture=true
03-23 18:43:42.948  5378  5378 D Dock_MainStateManager: appState onDown
03-23 18:43:42.948  5378  5378 D MiuiPadHome_GestureModeApp: WithoutDock, runningTaskTopActivityComponentName=com.visiongenieapp.MainActivity, withoutDock=false
03-23 18:43:42.948  5378  5378 I MiuiPadHome_GestureInputHelper: onInputEvent: mIsUseNewDock = true getDockController =  +true
03-23 18:43:42.948  5378  5378 D MiuiPadHome_GestureInputHelper: mIsStartGesture is false, mIsUseNewDock is true, isTouchCountAndHotSeatSupport is truemGestureMode = com.miui.home.recents.GestureModeApp@403aeec
03-23 18:43:42.949  5378  5378 D MiuiPadHome_GestureInputHelper: onInputEvent action=ACTION_UP
03-23 18:43:42.949  5378  5378 D Dock_GlobalGestureDispatcher: dispatchUp 10
03-23 18:43:42.949  5378  5378 D LauncherOrientationController: requestedOrientation -1 post delay=1000
03-23 18:43:42.949  5378  5378 D GestureTouchEventTracker: stopTailCatcher
03-23 18:43:42.949  5378  5378 I GestureTouchEventTracker: onTouchEvent: ACTION_UP
03-23 18:43:42.949  5378  5378 I GestureTouchEventTracker: mPivotLocX=900	mFollowTailX=900.0	deltaTailX=0.0
03-23 18:43:42.949  5378  5378 I GestureTouchEventTracker: mPivotLocY=2880	mFollowTailY=2880.0	deltaTailY=0.0
03-23 18:43:42.949  5378  5378 I GestureTouchEventTracker: mVelocityPxPerMs=PointF(0.0, 0.0)	XY=0.0
03-23 18:43:42.949  5378  5378 I GestureTouchEventTracker: mDownY=1733.0	mWindowMoveStartY=1733.0	mCurrentY=1650.0
03-23 18:43:42.949  5378  5378 I GestureTouchEventTracker: mDownX=146.0	mWindowMoveStartX=146.0	mCurrentX=500.0
03-23 18:43:42.949  5378  5378 I GestureTouchEventTracker: isSafeArea=true
03-23 18:43:42.949  5378  5378 I GestureTouchEventTracker: isSafeArea(mWindowMoveStartY - mCurrentY)=83.0
03-23 18:43:42.949  5378  5378 I GestureTouchEventTracker: isSafeArea2(mDownY - mCurrentY)=83.0
03-23 18:43:42.949  5378  5378 I GestureTouchEventTracker: isDockNotShowedInApp=false
03-23 18:43:42.949  5378  5378 I GestureTouchEventTracker: isLeaveSafeArea=true
03-23 18:43:42.949  5378  5378 I GestureTouchEventTracker: mUpType=10
03-23 18:43:42.949  5378  5378 D MiuiPadHome_GestureInputHelper: mIsStartGesture is false, mIsUseNewDock is true, isTouchCountAndHotSeatSupport is truemGestureMode = com.miui.home.recents.GestureModeApp@403aeec
03-23 18:43:42.950 10383 10383 D EventBus: No subscribers registered for event class com.xiaomi.xms.event.msg.SystemTouchMsg
03-23 18:43:42.950 10383 10383 D EventBus: No subscribers registered for event class ld.h
03-23 18:43:43.027  2646  3353 I MiSensorServiceImpl: user found in check list, getPackageName  android.view.OrientationEventListener
03-23 18:43:43.028  2646  3353 I MiSensorServiceImpl: user found in check list, getPackageName  android.view.OrientationEventListener
03-23 18:43:43.067  2646  3353 I MiSensorServiceImpl: user found in check list, getPackageName  android.view.OrientationEventListener
03-23 18:43:43.068  2646  3353 I MiSensorServiceImpl: user found in check list, getPackageName  android.view.OrientationEventListener
03-23 18:43:43.070 27389   303 D JavaheapMonitor: Java heap used=3M max=256M, proc: com.miui.packageinstaller
03-23 18:43:43.070 27389   303 V JavaheapMonitor: Check java heap usage finished! Next check delay: 300000
03-23 18:43:43.085  2646  4891 D GreezeManager: iso uid:10111 p:{25126} :false
03-23 18:43:43.086  2646  4891 E GreezeManager: setUidFirewallRule chain=7 uid=10114 rule=1
03-23 18:43:43.086  2646  4891 E GreezeManager: java.lang.IllegalStateException: android.os.ServiceSpecificException: sUidOwnerMap does not have entry for uid: 10114 (code 2)
03-23 18:43:43.086  2646  4891 E GreezeManager: 	at android.net.connectivity.com.android.server.ConnectivityService.setUidFirewallRule(ConnectivityService.java:14187)
03-23 18:43:43.086  2646  4891 E GreezeManager: 	at android.net.ConnectivityManager.setUidFirewallRule(ConnectivityManager.java:6336)
03-23 18:43:43.086  2646  4891 E GreezeManager: 	at com.miui.server.greeze.GreezeManagerService.setUidFirewallRule(GreezeManagerService.java:2369)
03-23 18:43:43.086  2646  4891 E GreezeManager: 	at com.miui.server.greeze.GreezeManagerService.lambda$updateAurogonUidRule$0(GreezeManagerService.java:2382)
03-23 18:43:43.086  2646  4891 E GreezeManager: 	at com.miui.server.greeze.GreezeManagerService.$r8$lambda$68HNlmnbDnr31lh81epo6klhEcw(Unknown Source:0)
03-23 18:43:43.086  2646  4891 E GreezeManager: 	at com.miui.server.greeze.GreezeManagerService$$ExternalSyntheticLambda0.run(D8$$SyntheticClass:0)
03-23 18:43:43.086  2646  4891 E GreezeManager: 	at android.os.Handler.handleCallback(Handler.java:959)
03-23 18:43:43.086  2646  4891 E GreezeManager: 	at android.os.Handler.dispatchMessage(Handler.java:100)
03-23 18:43:43.086  2646  4891 E GreezeManager: 	at android.os.Looper.loopOnce(Looper.java:249)
03-23 18:43:43.086  2646  4891 E GreezeManager: 	at android.os.Looper.loop(Looper.java:337)
03-23 18:43:43.086  2646  4891 E GreezeManager: 	at android.os.HandlerThread.run(HandlerThread.java:85)
03-23 18:43:43.086  2646  4891 E GreezeManager: 	at com.android.server.ServiceThread.run(ServiceThread.java:46)
03-23 18:43:43.086  2646  4891 E GreezeManager: Caused by: android.os.ServiceSpecificException: sUidOwnerMap does not have entry for uid: 10114 (code 2)
03-23 18:43:43.086  2646  4891 E GreezeManager: 	at android.net.connectivity.com.android.server.BpfNetMaps.removeRule(BpfNetMaps.java:402)
03-23 18:43:43.086  2646  4891 E GreezeManager: 	at android.net.connectivity.com.android.server.BpfNetMaps.setUidRule(BpfNetMaps.java:575)
03-23 18:43:43.086  2646  4891 E GreezeManager: 	at android.net.connectivity.com.android.server.ConnectivityService.setUidFirewallRule(ConnectivityService.java:14185)
03-23 18:43:43.086  2646  4891 E GreezeManager: 	... 11 more
03-23 18:43:43.087  2646  4891 E GreezeManager: setUidFirewallRule chain=7 uid=10132 rule=1
03-23 18:43:43.087  2646  4891 E GreezeManager: java.lang.IllegalStateException: android.os.ServiceSpecificException: sUidOwnerMap does not have entry for uid: 10132 (code 2)
03-23 18:43:43.087  2646  4891 E GreezeManager: 	at android.net.connectivity.com.android.server.ConnectivityService.setUidFirewallRule(ConnectivityService.java:14187)
03-23 18:43:43.087  2646  4891 E GreezeManager: 	at android.net.ConnectivityManager.setUidFirewallRule(ConnectivityManager.java:6336)
03-23 18:43:43.087  2646  4891 E GreezeManager: 	at com.miui.server.greeze.GreezeManagerService.setUidFirewallRule(GreezeManagerService.java:2369)
03-23 18:43:43.087  2646  4891 E GreezeManager: 	at com.miui.server.greeze.GreezeManagerService.lambda$updateAurogonUidRule$0(GreezeManagerService.java:2382)
03-23 18:43:43.087  2646  4891 E GreezeManager: 	at com.miui.server.greeze.GreezeManagerService.$r8$lambda$68HNlmnbDnr31lh81epo6klhEcw(Unknown Source:0)
03-23 18:43:43.087  2646  4891 E GreezeManager: 	at com.miui.server.greeze.GreezeManagerService$$ExternalSyntheticLambda0.run(D8$$SyntheticClass:0)
03-23 18:43:43.087  2646  4891 E GreezeManager: 	at android.os.Handler.handleCallback(Handler.java:959)
03-23 18:43:43.087  2646  4891 E GreezeManager: 	at android.os.Handler.dispatchMessage(Handler.java:100)
03-23 18:43:43.087  2646  4891 E GreezeManager: 	at android.os.Looper.loopOnce(Looper.java:249)
03-23 18:43:43.087  2646  4891 E GreezeManager: 	at android.os.Looper.loop(Looper.java:337)
03-23 18:43:43.087  2646  4891 E GreezeManager: 	at android.os.HandlerThread.run(HandlerThread.java:85)
03-23 18:43:43.087  2646  4891 E GreezeManager: 	at com.android.server.ServiceThread.run(ServiceThread.java:46)
03-23 18:43:43.087  2646  4891 E GreezeManager: Caused by: android.os.ServiceSpecificException: sUidOwnerMap does not have entry for uid: 10132 (code 2)
03-23 18:43:43.087  2646  4891 E GreezeManager: 	at android.net.connectivity.com.android.server.BpfNetMaps.removeRule(BpfNetMaps.java:402)
03-23 18:43:43.087  2646  4891 E GreezeManager: 	at android.net.connectivity.com.android.server.BpfNetMaps.setUidRule(BpfNetMaps.java:575)
03-23 18:43:43.087  2646  4891 E GreezeManager: 	at android.net.connectivity.com.android.server.ConnectivityService.setUidFirewallRule(ConnectivityService.java:14185)
03-23 18:43:43.087  2646  4891 E GreezeManager: 	... 11 more
03-23 18:43:43.087  2646  4891 E GreezeManager: setUidFirewallRule chain=7 uid=10081 rule=1
03-23 18:43:43.087  2646  4891 E GreezeManager: java.lang.IllegalStateException: android.os.ServiceSpecificException: sUidOwnerMap does not have entry for uid: 10081 (code 2)
03-23 18:43:43.087  2646  4891 E GreezeManager: 	at android.net.connectivity.com.android.server.ConnectivityService.setUidFirewallRule(ConnectivityService.java:14187)
03-23 18:43:43.087  2646  4891 E GreezeManager: 	at android.net.ConnectivityManager.setUidFirewallRule(ConnectivityManager.java:6336)
03-23 18:43:43.087  2646  4891 E GreezeManager: 	at com.miui.server.greeze.GreezeManagerService.setUidFirewallRule(GreezeManagerService.java:2369)
03-23 18:43:43.087  2646  4891 E GreezeManager: 	at com.miui.server.greeze.GreezeManagerService.lambda$updateAurogonUidRule$0(GreezeManagerService.java:2382)
03-23 18:43:43.087  2646  4891 E GreezeManager: 	at com.miui.server.greeze.GreezeManagerService.$r8$lambda$68HNlmnbDnr31lh81epo6klhEcw(Unknown Source:0)
03-23 18:43:43.087  2646  4891 E GreezeManager: 	at com.miui.server.greeze.GreezeManagerService$$ExternalSyntheticLambda0.run(D8$$SyntheticClass:0)
03-23 18:43:43.087  2646  4891 E GreezeManager: 	at android.os.Handler.handleCallback(Handler.java:959)
03-23 18:43:43.087  2646  4891 E GreezeManager: 	at android.os.Handler.dispatchMessage(Handler.java:100)
03-23 18:43:43.087  2646  4891 E GreezeManager: 	at android.os.Looper.loopOnce(Looper.java:249)
03-23 18:43:43.087  2646  4891 E GreezeManager: 	at android.os.Looper.loop(Looper.java:337)
03-23 18:43:43.087  2646  4891 E GreezeManager: 	at android.os.HandlerThread.run(HandlerThread.java:85)
03-23 18:43:43.087  2646  4891 E GreezeManager: 	at com.android.server.ServiceThread.run(ServiceThread.java:46)
03-23 18:43:43.087  2646  4891 E GreezeManager: Caused by: android.os.ServiceSpecificException: sUidOwnerMap does not have entry for uid: 10081 (code 2)
03-23 18:43:43.087  2646  4891 E GreezeManager: 	at android.net.connectivity.com.android.server.BpfNetMaps.removeRule(BpfNetMaps.java:402)
03-23 18:43:43.087  2646  4891 E GreezeManager: 	at android.net.connectivity.com.android.server.BpfNetMaps.setUidRule(BpfNetMaps.java:575)
03-23 18:43:43.087  2646  4891 E GreezeManager: 	at android.net.connectivity.com.android.server.ConnectivityService.setUidFirewallRule(ConnectivityService.java:14185)
03-23 18:43:43.087  2646  4891 E GreezeManager: 	... 11 more
03-23 18:43:43.087  2646  4891 E GreezeManager: setUidFirewallRule chain=7 uid=10106 rule=1
03-23 18:43:43.087  2646  4891 E GreezeManager: java.lang.IllegalStateException: android.os.ServiceSpecificException: sUidOwnerMap does not have entry for uid: 10106 (code 2)
03-23 18:43:43.087  2646  4891 E GreezeManager: 	at android.net.connectivity.com.android.server.ConnectivityService.setUidFirewallRule(ConnectivityService.java:14187)
03-23 18:43:43.087  2646  4891 E GreezeManager: 	at android.net.ConnectivityManager.setUidFirewallRule(ConnectivityManager.java:6336)
03-23 18:43:43.087  2646  4891 E GreezeManager: 	at com.miui.server.greeze.GreezeManagerService.setUidFirewallRule(GreezeManagerService.java:2369)
03-23 18:43:43.087  2646  4891 E GreezeManager: 	at com.miui.server.greeze.GreezeManagerService.lambda$updateAurogonUidRule$0(GreezeManagerService.java:2382)
03-23 18:43:43.087  2646  4891 E GreezeManager: 	at com.miui.server.greeze.GreezeManagerService.$r8$lambda$68HNlmnbDnr31lh81epo6klhEcw(Unknown Source:0)
03-23 18:43:43.087  2646  4891 E GreezeManager: 	at com.miui.server.greeze.GreezeManagerService$$ExternalSyntheticLambda0.run(D8$$SyntheticClass:0)
03-23 18:43:43.087  2646  4891 E GreezeManager: 	at android.os.Handler.handleCallback(Handler.java:959)
03-23 18:43:43.087  2646  4891 E GreezeManager: 	at android.os.Handler.dispatchMessage(Handler.java:100)
03-23 18:43:43.087  2646  4891 E GreezeManager: 	at android.os.Looper.loopOnce(Looper.java:249)
03-23 18:43:43.087  2646  4891 E GreezeManager: 	at android.os.Looper.loop(Looper.java:337)
03-23 18:43:43.087  2646  4891 E GreezeManager: 	at android.os.HandlerThread.run(HandlerThread.java:85)
03-23 18:43:43.087  2646  4891 E GreezeManager: 	at com.android.server.ServiceThread.run(ServiceThread.java:46)
03-23 18:43:43.087  2646  4891 E GreezeManager: Caused by: android.os.ServiceSpecificException: sUidOwnerMap does not have entry for uid: 10106 (code 2)
03-23 18:43:43.087  2646  4891 E GreezeManager: 	at android.net.connectivity.com.android.server.BpfNetMaps.removeRule(BpfNetMaps.java:402)
03-23 18:43:43.087  2646  4891 E GreezeManager: 	at android.net.connectivity.com.android.server.BpfNetMaps.setUidRule(BpfNetMaps.java:575)
03-23 18:43:43.087  2646  4891 E GreezeManager: 	at android.net.connectivity.com.android.server.ConnectivityService.setUidFirewallRule(ConnectivityService.java:14185)
03-23 18:43:43.087  2646  4891 E GreezeManager: 	... 11 more
03-23 18:43:43.087  2646  4891 E GreezeManager: setUidFirewallRule chain=7 uid=10136 rule=1
03-23 18:43:43.087  2646  4891 E GreezeManager: java.lang.IllegalStateException: android.os.ServiceSpecificException: sUidOwnerMap does not have entry for uid: 10136 (code 2)
03-23 18:43:43.087  2646  4891 E GreezeManager: 	at android.net.connectivity.com.android.server.ConnectivityService.setUidFirewallRule(ConnectivityService.java:14187)
03-23 18:43:43.087  2646  4891 E GreezeManager: 	at android.net.ConnectivityManager.setUidFirewallRule(ConnectivityManager.java:6336)
03-23 18:43:43.087  2646  4891 E GreezeManager: 	at com.miui.server.greeze.GreezeManagerService.setUidFirewallRule(GreezeManagerService.java:2369)
03-23 18:43:43.087  2646  4891 E GreezeManager: 	at com.miui.server.greeze.GreezeManagerService.lambda$updateAurogonUidRule$0(GreezeManagerService.java:2382)
03-23 18:43:43.087  2646  4891 E GreezeManager: 	at com.miui.server.greeze.GreezeManagerService.$r8$lambda$68HNlmnbDnr31lh81epo6klhEcw(Unknown Source:0)
03-23 18:43:43.087  2646  4891 E GreezeManager: 	at com.miui.server.greeze.GreezeManagerService$$ExternalSyntheticLambda0.run(D8$$SyntheticClass:0)
03-23 18:43:43.087  2646  4891 E GreezeManager: 	at android.os.Handler.handleCallback(Handler.java:959)
03-23 18:43:43.087  2646  4891 E GreezeManager: 	at android.os.Handler.dispatchMessage(Handler.java:100)
03-23 18:43:43.087  2646  4891 E GreezeManager: 	at android.os.Looper.loopOnce(Looper.java:249)
03-23 18:43:43.087  2646  4891 E GreezeManager: 	at android.os.Looper.loop(Looper.java:337)
03-23 18:43:43.087  2646  4891 E GreezeManager: 	at android.os.HandlerThread.run(HandlerThread.java:85)
03-23 18:43:43.087  2646  4891 E GreezeManager: 	at com.android.server.ServiceThread.run(ServiceThread.java:46)
03-23 18:43:43.087  2646  4891 E GreezeManager: Caused by: android.os.ServiceSpecificException: sUidOwnerMap does not have entry for uid: 10136 (code 2)
03-23 18:43:43.087  2646  4891 E GreezeManager: 	at android.net.connectivity.com.android.server.BpfNetMaps.removeRule(BpfNetMaps.java:402)
03-23 18:43:43.087  2646  4891 E GreezeManager: 	at android.net.connectivity.com.android.server.BpfNetMaps.setUidRule(BpfNetMaps.java:575)
03-23 18:43:43.087  2646  4891 E GreezeManager: 	at android.net.connectivity.com.android.server.ConnectivityService.setUidFirewallRule(ConnectivityService.java:14185)
03-23 18:43:43.087  2646  4891 E GreezeManager: 	... 11 more
03-23 18:43:43.088  2646  4891 E GreezeManager: setUidFirewallRule chain=7 uid=10139 rule=1
03-23 18:43:43.088  2646  4891 E GreezeManager: java.lang.IllegalStateException: android.os.ServiceSpecificException: sUidOwnerMap does not have entry for uid: 10139 (code 2)
03-23 18:43:43.088  2646  4891 E GreezeManager: 	at android.net.connectivity.com.android.server.ConnectivityService.setUidFirewallRule(ConnectivityService.java:14187)
03-23 18:43:43.088  2646  4891 E GreezeManager: 	at android.net.ConnectivityManager.setUidFirewallRule(ConnectivityManager.java:6336)
03-23 18:43:43.088  2646  4891 E GreezeManager: 	at com.miui.server.greeze.GreezeManagerService.setUidFirewallRule(GreezeManagerService.java:2369)
03-23 18:43:43.088  2646  4891 E GreezeManager: 	at com.miui.server.greeze.GreezeManagerService.lambda$updateAurogonUidRule$0(GreezeManagerService.java:2382)
03-23 18:43:43.088  2646  4891 E GreezeManager: 	at com.miui.server.greeze.GreezeManagerService.$r8$lambda$68HNlmnbDnr31lh81epo6klhEcw(Unknown Source:0)
03-23 18:43:43.088  2646  4891 E GreezeManager: 	at com.miui.server.greeze.GreezeManagerService$$ExternalSyntheticLambda0.run(D8$$SyntheticClass:0)
03-23 18:43:43.088  2646  4891 E GreezeManager: 	at android.os.Handler.handleCallback(Handler.java:959)
03-23 18:43:43.088  2646  4891 E GreezeManager: 	at android.os.Handler.dispatchMessage(Handler.java:100)
03-23 18:43:43.088  2646  4891 E GreezeManager: 	at android.os.Looper.loopOnce(Looper.java:249)
03-23 18:43:43.088  2646  4891 E GreezeManager: 	at android.os.Looper.loop(Looper.java:337)
03-23 18:43:43.088  2646  4891 E GreezeManager: 	at android.os.HandlerThread.run(HandlerThread.java:85)
03-23 18:43:43.088  2646  4891 E GreezeManager: 	at com.android.server.ServiceThread.run(ServiceThread.java:46)
03-23 18:43:43.088  2646  4891 E GreezeManager: Caused by: android.os.ServiceSpecificException: sUidOwnerMap does not have entry for uid: 10139 (code 2)
03-23 18:43:43.088  2646  4891 E GreezeManager: 	at android.net.connectivity.com.android.server.BpfNetMaps.removeRule(BpfNetMaps.java:402)
03-23 18:43:43.088  2646  4891 E GreezeManager: 	at android.net.connectivity.com.android.server.BpfNetMaps.setUidRule(BpfNetMaps.java:575)
03-23 18:43:43.088  2646  4891 E GreezeManager: 	at android.net.connectivity.com.android.server.ConnectivityService.setUidFirewallRule(ConnectivityService.java:14185)
03-23 18:43:43.088  2646  4891 E GreezeManager: 	... 11 more
03-23 18:43:43.088  2646  4891 E GreezeManager: setUidFirewallRule chain=7 uid=10308 rule=1
03-23 18:43:43.088  2646  4891 E GreezeManager: java.lang.IllegalStateException: android.os.ServiceSpecificException: sUidOwnerMap does not have entry for uid: 10308 (code 2)
03-23 18:43:43.088  2646  4891 E GreezeManager: 	at android.net.connectivity.com.android.server.ConnectivityService.setUidFirewallRule(ConnectivityService.java:14187)
03-23 18:43:43.088  2646  4891 E GreezeManager: 	at android.net.ConnectivityManager.setUidFirewallRule(ConnectivityManager.java:6336)
03-23 18:43:43.088  2646  4891 E GreezeManager: 	at com.miui.server.greeze.GreezeManagerService.setUidFirewallRule(GreezeManagerService.java:2369)
03-23 18:43:43.088  2646  4891 E GreezeManager: 	at com.miui.server.greeze.GreezeManagerService.lambda$updateAurogonUidRule$0(GreezeManagerService.java:2382)
03-23 18:43:43.088  2646  4891 E GreezeManager: 	at com.miui.server.greeze.GreezeManagerService.$r8$lambda$68HNlmnbDnr31lh81epo6klhEcw(Unknown Source:0)
03-23 18:43:43.088  2646  4891 E GreezeManager: 	at com.miui.server.greeze.GreezeManagerService$$ExternalSyntheticLambda0.run(D8$$SyntheticClass:0)
03-23 18:43:43.088  2646  4891 E GreezeManager: 	at android.os.Handler.handleCallback(Handler.java:959)
03-23 18:43:43.088  2646  4891 E GreezeManager: 	at android.os.Handler.dispatchMessage(Handler.java:100)
03-23 18:43:43.088  2646  4891 E GreezeManager: 	at android.os.Looper.loopOnce(Looper.java:249)
03-23 18:43:43.088  2646  4891 E GreezeManager: 	at android.os.Looper.loop(Looper.java:337)
03-23 18:43:43.088  2646  4891 E GreezeManager: 	at android.os.HandlerThread.run(HandlerThread.java:85)
03-23 18:43:43.088  2646  4891 E GreezeManager: 	at com.android.server.ServiceThread.run(ServiceThread.java:46)
03-23 18:43:43.088  2646  4891 E GreezeManager: Caused by: android.os.ServiceSpecificException: sUidOwnerMap does not have entry for uid: 10308 (code 2)
03-23 18:43:43.088  2646  4891 E GreezeManager: 	at android.net.connectivity.com.android.server.BpfNetMaps.removeRule(BpfNetMaps.java:402)
03-23 18:43:43.088  2646  4891 E GreezeManager: 	at android.net.connectivity.com.android.server.BpfNetMaps.setUidRule(BpfNetMaps.java:575)
