03-23 18:43:45.445 20552 20552 F DEBUG   :       #42 pc 0000000000000f9c  [anon:dalvik-classes18.dex extracted in memory from /data/app/~~uzs6kuFpQE7K7fjdiMdbWg==/com.visiongenieapp-vkEiTC1y6t5sebWfPvitlA==/base.apk] (com.visiongenieapp.voice.VoiceRecognitionModule$$ExternalSyntheticLambda0.run+0)
03-23 18:43:45.445 20552 20552 F DEBUG   :       #43 pc 00000000005d8d70  /apex/com.android.art/lib64/libart.so (art::interpreter::Execute(art::Thread*, art::CodeItemDataAccessor const&, art::ShadowFrame&, art::JValue, bool, bool) (.__uniq.112435418011751916792819755956732575238)+444) (BuildId: 7e0f54c1a3af240ecab90a8dbd11f478)
03-23 18:43:45.445 20552 20552 F DEBUG   :       #44 pc 000000000093c99c  /apex/com.android.art/lib64/libart.so (artQuickToInterpreterBridge+672) (BuildId: 7e0f54c1a3af240ecab90a8dbd11f478)
03-23 18:43:45.445 20552 20552 F DEBUG   :       #45 pc 0000000000227098  /apex/com.android.art/lib64/libart.so (art_quick_to_interpreter_bridge+88) (BuildId: 7e0f54c1a3af240ecab90a8dbd11f478)
03-23 18:43:45.445 20552 20552 F DEBUG   :       #46 pc 00000000020a24ec  /memfd:jit-cache (deleted) (offset 0x2000000) (android.os.Handler.handleCallback+140)
03-23 18:43:45.445 20552 20552 F DEBUG   :       #47 pc 0000000002078538  /memfd:jit-cache (deleted) (offset 0x2000000) (android.os.Handler.dispatchMessage+136)
03-23 18:43:45.445 20552 20552 F DEBUG   :       #48 pc 0000000002076984  /memfd:jit-cache (deleted) (offset 0x2000000) (android.os.Looper.loopOnce+1268)
03-23 18:43:45.445 20552 20552 F DEBUG   :       #49 pc 0000000000210a40  /apex/com.android.art/lib64/libart.so (art_quick_invoke_static_stub+640) (BuildId: 7e0f54c1a3af240ecab90a8dbd11f478)
03-23 18:43:45.445 20552 20552 F DEBUG   :       #50 pc 0000000000472060  /apex/com.android.art/lib64/libart.so (art::ArtMethod::Invoke(art::Thread*, unsigned int*, unsigned int, art::JValue*, char const*)+216) (BuildId: 7e0f54c1a3af240ecab90a8dbd11f478)
03-23 18:43:45.445 20552 20552 F DEBUG   :       #51 pc 00000000005dffe0  /apex/com.android.art/lib64/libart.so (bool art::interpreter::DoCall<false>(art::ArtMethod*, art::Thread*, art::ShadowFrame&, art::Instruction const*, unsigned short, bool, art::JValue*)+1920) (BuildId: 7e0f54c1a3af240ecab90a8dbd11f478)
03-23 18:43:45.445 20552 20552 F DEBUG   :       #52 pc 000000000022f5c0  /apex/com.android.art/lib64/libart.so (void art::interpreter::ExecuteSwitchImplCpp<false>(art::interpreter::SwitchImplContext*)+14392) (BuildId: 7e0f54c1a3af240ecab90a8dbd11f478)
03-23 18:43:45.445 20552 20552 F DEBUG   :       #53 pc 00000000002295d8  /apex/com.android.art/lib64/libart.so (ExecuteSwitchImplAsm+8) (BuildId: 7e0f54c1a3af240ecab90a8dbd11f478)
03-23 18:43:45.445 20552 20552 F DEBUG   :       #54 pc 000000000025f028  /system/framework/framework.jar (android.os.Looper.loop+0)
03-23 18:43:45.445 20552 20552 F DEBUG   :       #55 pc 00000000005d8d70  /apex/com.android.art/lib64/libart.so (art::interpreter::Execute(art::Thread*, art::CodeItemDataAccessor const&, art::ShadowFrame&, art::JValue, bool, bool) (.__uniq.112435418011751916792819755956732575238)+444) (BuildId: 7e0f54c1a3af240ecab90a8dbd11f478)
03-23 18:43:45.445 20552 20552 F DEBUG   :       #56 pc 00000000005df4a4  /apex/com.android.art/lib64/libart.so (art::interpreter::ArtInterpreterToInterpreterBridge(art::Thread*, art::CodeItemDataAccessor const&, art::ShadowFrame*, art::JValue*)+104) (BuildId: 7e0f54c1a3af240ecab90a8dbd11f478)
03-23 18:43:45.445 20552 20552 F DEBUG   :       #57 pc 00000000005dffc4  /apex/com.android.art/lib64/libart.so (bool art::interpreter::DoCall<false>(art::ArtMethod*, art::Thread*, art::ShadowFrame&, art::Instruction const*, unsigned short, bool, art::JValue*)+1892) (BuildId: 7e0f54c1a3af240ecab90a8dbd11f478)
03-23 18:43:45.445 20552 20552 F DEBUG   :       #58 pc 000000000022f5c0  /apex/com.android.art/lib64/libart.so (void art::interpreter::ExecuteSwitchImplCpp<false>(art::interpreter::SwitchImplContext*)+14392) (BuildId: 7e0f54c1a3af240ecab90a8dbd11f478)
03-23 18:43:45.445 20552 20552 F DEBUG   :       #59 pc 00000000002295d8  /apex/com.android.art/lib64/libart.so (ExecuteSwitchImplAsm+8) (BuildId: 7e0f54c1a3af240ecab90a8dbd11f478)
03-23 18:43:45.445 20552 20552 F DEBUG   :       #60 pc 00000000001f0068  /system/framework/framework.jar (android.app.ActivityThread.main+0)
03-23 18:43:45.445 20552 20552 F DEBUG   :       #61 pc 00000000005d8d70  /apex/com.android.art/lib64/libart.so (art::interpreter::Execute(art::Thread*, art::CodeItemDataAccessor const&, art::ShadowFrame&, art::JValue, bool, bool) (.__uniq.112435418011751916792819755956732575238)+444) (BuildId: 7e0f54c1a3af240ecab90a8dbd11f478)
03-23 18:43:45.445 20552 20552 F DEBUG   :       #62 pc 000000000093c99c  /apex/com.android.art/lib64/libart.so (artQuickToInterpreterBridge+672) (BuildId: 7e0f54c1a3af240ecab90a8dbd11f478)
03-23 18:43:45.445 20552 20552 F DEBUG   :       #63 pc 0000000000227098  /apex/com.android.art/lib64/libart.so (art_quick_to_interpreter_bridge+88) (BuildId: 7e0f54c1a3af240ecab90a8dbd11f478)
03-23 18:43:45.445 20552 20552 F DEBUG   :       #64 pc 0000000000210a40  /apex/com.android.art/lib64/libart.so (art_quick_invoke_static_stub+640) (BuildId: 7e0f54c1a3af240ecab90a8dbd11f478)
03-23 18:43:45.445 20552 20552 F DEBUG   :       #65 pc 0000000000472060  /apex/com.android.art/lib64/libart.so (art::ArtMethod::Invoke(art::Thread*, unsigned int*, unsigned int, art::JValue*, char const*)+216) (BuildId: 7e0f54c1a3af240ecab90a8dbd11f478)
03-23 18:43:45.445 20552 20552 F DEBUG   :       #66 pc 000000000083ab44  /apex/com.android.art/lib64/libart.so (_jobject* art::InvokeMethod<(art::PointerSize)8>(art::ScopedObjectAccessAlreadyRunnable const&, _jobject*, _jobject*, _jobject*, unsigned long)+2108) (BuildId: 7e0f54c1a3af240ecab90a8dbd11f478)
03-23 18:43:45.445 20552 20552 F DEBUG   :       #67 pc 00000000007a596c  /apex/com.android.art/lib64/libart.so (art::Method_invoke(_JNIEnv*, _jobject*, _jobject*, _jobjectArray*) (.__uniq.165753521025965369065708152063621506277)+36) (BuildId: 7e0f54c1a3af240ecab90a8dbd11f478)
03-23 18:43:45.445 20552 20552 F DEBUG   :       #68 pc 0000000000226f70  /apex/com.android.art/lib64/libart.so (art_quick_generic_jni_trampoline+144) (BuildId: 7e0f54c1a3af240ecab90a8dbd11f478)
03-23 18:43:45.445 20552 20552 F DEBUG   :       #69 pc 0000000000210774  /apex/com.android.art/lib64/libart.so (art_quick_invoke_stub+612) (BuildId: 7e0f54c1a3af240ecab90a8dbd11f478)
03-23 18:43:45.445 20552 20552 F DEBUG   :       #70 pc 0000000000472028  /apex/com.android.art/lib64/libart.so (art::ArtMethod::Invoke(art::Thread*, unsigned int*, unsigned int, art::JValue*, char const*)+160) (BuildId: 7e0f54c1a3af240ecab90a8dbd11f478)
03-23 18:43:45.445 20552 20552 F DEBUG   :       #71 pc 00000000005dffe0  /apex/com.android.art/lib64/libart.so (bool art::interpreter::DoCall<false>(art::ArtMethod*, art::Thread*, art::ShadowFrame&, art::Instruction const*, unsigned short, bool, art::JValue*)+1920) (BuildId: 7e0f54c1a3af240ecab90a8dbd11f478)
03-23 18:43:45.445 20552 20552 F DEBUG   :       #72 pc 000000000022f248  /apex/com.android.art/lib64/libart.so (void art::interpreter::ExecuteSwitchImplCpp<false>(art::interpreter::SwitchImplContext*)+13504) (BuildId: 7e0f54c1a3af240ecab90a8dbd11f478)
03-23 18:43:45.445 20552 20552 F DEBUG   :       #73 pc 00000000002295d8  /apex/com.android.art/lib64/libart.so (ExecuteSwitchImplAsm+8) (BuildId: 7e0f54c1a3af240ecab90a8dbd11f478)
03-23 18:43:45.445 20552 20552 F DEBUG   :       #74 pc 00000000001e1264  /system/framework/framework.jar (com.android.internal.os.RuntimeInit$MethodAndArgsCaller.run+0)
03-23 18:43:45.445 20552 20552 F DEBUG   :       #75 pc 00000000005d8d70  /apex/com.android.art/lib64/libart.so (art::interpreter::Execute(art::Thread*, art::CodeItemDataAccessor const&, art::ShadowFrame&, art::JValue, bool, bool) (.__uniq.112435418011751916792819755956732575238)+444) (BuildId: 7e0f54c1a3af240ecab90a8dbd11f478)
03-23 18:43:45.445 20552 20552 F DEBUG   :       #76 pc 000000000093c99c  /apex/com.android.art/lib64/libart.so (artQuickToInterpreterBridge+672) (BuildId: 7e0f54c1a3af240ecab90a8dbd11f478)
03-23 18:43:45.445 20552 20552 F DEBUG   :       #77 pc 0000000000227098  /apex/com.android.art/lib64/libart.so (art_quick_to_interpreter_bridge+88) (BuildId: 7e0f54c1a3af240ecab90a8dbd11f478)
03-23 18:43:45.445 20552 20552 F DEBUG   :       #78 pc 000000000088695c  /system/framework/arm64/boot-framework.oat (com.android.internal.os.ZygoteInit.main+3484) (BuildId: 45610623cbbcfc465c0f716deccb04fd7f1567d2)
03-23 18:43:45.445 20552 20552 F DEBUG   :       #79 pc 0000000000210a40  /apex/com.android.art/lib64/libart.so (art_quick_invoke_static_stub+640) (BuildId: 7e0f54c1a3af240ecab90a8dbd11f478)
03-23 18:43:45.445 20552 20552 F DEBUG   :       #80 pc 0000000000472060  /apex/com.android.art/lib64/libart.so (art::ArtMethod::Invoke(art::Thread*, unsigned int*, unsigned int, art::JValue*, char const*)+216) (BuildId: 7e0f54c1a3af240ecab90a8dbd11f478)
03-23 18:43:45.445 20552 20552 F DEBUG   :       #81 pc 000000000083b4dc  /apex/com.android.art/lib64/libart.so (art::JValue art::InvokeWithVarArgs<_jmethodID*>(art::ScopedObjectAccessAlreadyRunnable const&, _jobject*, _jmethodID*, std::__va_list)+472) (BuildId: 7e0f54c1a3af240ecab90a8dbd11f478)
03-23 18:43:45.445 20552 20552 F DEBUG   :       #82 pc 0000000000702200  /apex/com.android.art/lib64/libart.so (art::JNI<true>::CallStaticVoidMethodV(_JNIEnv*, _jclass*, _jmethodID*, std::__va_list)+560) (BuildId: 7e0f54c1a3af240ecab90a8dbd11f478)
03-23 18:43:45.445 20552 20552 F DEBUG   :       #83 pc 00000000000e8450  /system/lib64/libandroid_runtime.so (_JNIEnv::CallStaticVoidMethod(_jclass*, _jmethodID*, ...)+108) (BuildId: 906365f69926e0701c8300d8eae85c9d)
03-23 18:43:45.445 20552 20552 F DEBUG   :       #84 pc 0000000000100014  /system/lib64/libandroid_runtime.so (android::AndroidRuntime::start(char const*, android::Vector<android::String8> const&, bool)+1032) (BuildId: 906365f69926e0701c8300d8eae85c9d)
03-23 18:43:45.445 20552 20552 F DEBUG   :       #85 pc 0000000000002748  /system/bin/app_process64 (main+1672) (BuildId: dc603807f76573d3f4e529454618c2d5)
03-23 18:43:45.445 20552 20552 F DEBUG   :       #86 pc 0000000000058164  /apex/com.android.runtime/lib64/bionic/libc.so (__libc_init+120) (BuildId: 8db058ad276c2076beda792e0a15f378)
03-23 18:43:45.464  2646  3353 I MiSensorServiceImpl: user found in check list, getPackageName  android.view.OrientationEventListener
03-23 18:43:45.464  2646  3353 I MiSensorServiceImpl: user found in check list, getPackageName  android.view.OrientationEventListener
03-23 18:43:45.472 20552 20552 E MIUINDBG: miui_native_debug_process_O
03-23 18:43:45.472  1083  1083 E tombstoned: Tombstone written to: tombstone_08
03-23 18:43:45.472  1011  1037 W TombstoneMonitor: Detected creat or modify file: tombstone_08
03-23 18:43:45.473  9423  9858 I CrashInfoSocketServer: connect success
03-23 18:43:45.473 20552 20552 E MIUINDBG: crash_dump(miuindbg) client read ack success
03-23 18:43:45.473 20552 20552 E MIUINDBG: core type: 0 
03-23 18:43:45.473 20552 20552 E MIUINDBG: unable to connect to mqsas native socket
03-23 18:43:45.473  2646 20555 I ActivityManager: note: ProcessRecord{292aaf2 16757:com.visiongenieapp/u0a343} is being killed, reason: 5, sub-reason: 0, message: crash
03-23 18:43:45.474  2646  2685 W RescuePartyPlus: This device support and enable RescuePartyPlus! (Via cloud control)
03-23 18:43:45.474  2646 20555 W ActivityTaskManager:   Force finishing activity com.visiongenieapp/.MainActivity
03-23 18:43:45.475  2646 20555 I TransitionController: requestStartTransition, transition: TransitionRecord{c8ea006 id=842 type=CLOSE flags=0x10}, call stack: com.android.server.wm.TransitionController.requestTransitionIfNeeded:938 com.android.server.wm.DisplayContent.requestTransitionAndLegacyPrepare:6558 com.android.server.wm.Task.finishTopCrashedActivityLocked:6762 com.android.server.wm.RootWindowContainer.lambda$finishTopCrashedActivities$18:2979 com.android.server.wm.RootWindowContainer$$ExternalSyntheticLambda0.accept:0 com.android.server.wm.Task.forAllLeafTasks:4018 com.android.server.wm.WindowContainer.forAllLeafTasks:2385 com.android.server.wm.DisplayArea.forAllLeafTasks:516 com.android.server.wm.WindowContainer.forAllLeafTasks:2385 com.android.server.wm.DisplayArea.forAllLeafTasks:516 
03-23 18:43:45.476  2646 20555 D MiuiSoScManager: supportSoScMinimizedMode:true
03-23 18:43:45.476  2646 20555 D MiuiSoScManager: taskInSoScFullMode:false
03-23 18:43:45.476  2646 20555 I ActivityTaskManager: moveTaskToFront: Task{1e04959 #2 type=home I=com.miui.home/.launcher.Launcher} caller trace:com.android.server.wm.Task.updateTaskMovement:1728 com.android.server.wm.Task.positionChildAt:3472 com.android.server.wm.Task.moveToFront:6080 com.android.server.wm.Task.moveToFront:6050 com.android.server.wm.ActivityRecord.moveFocusableActivityToTop:4523 com.android.server.wm.TaskDisplayArea.moveHomeActivityToTop:1859 com.android.server.wm.Task.adjustFocusToNextFocusableTask:3356 com.android.server.wm.ActivityRecord.finishIfPossible:4747 com.android.server.wm.ActivityRecord.finishIfPossible:4652 com.android.server.wm.Task.finishTopCrashedActivityLocked:6763 
03-23 18:43:45.477  5858  6078 I SoScStageCoordinator: Transition requested:TransitionRequestInfo { type = CLOSE, triggerTask = null, pipTask = null, remoteTransition = null, displayChange = null, flags = 16, debugId = 842 } isSoScActive:false triggerTask:null
03-23 18:43:45.477  2646 20555 D MiuiFreeFormGestureController: deliverResultForFinishActivity resultTo: null resultFrom: ActivityRecord{e2c1b8e u0 com.visiongenieapp/.MainActivity t156 f}} isInVideoOrGameScene: false intent: Intent { flg=0x10000000 cmp=com.visiongenieapp/.MainActivity }
03-23 18:43:45.477  2646 20555 D WindowManager: Collecting in transition 842: Task{862cfbc #156 type=standard A=10343:com.visiongenieapp} init visibleRequested:true
03-23 18:43:45.477  2646 20555 D WindowManager: Collecting in transition 842: ActivityRecord{e2c1b8e u0 com.visiongenieapp/.MainActivity t156 f}} init visibleRequested:true
03-23 18:43:45.477  2646 20555 D ActivityTrigger: ActivityTrigger activityPauseTrigger 
03-23 18:43:45.477  2646 20556 I DropBoxManagerService: add tag=data_app_native_crash isTagEnabled=true flags=0x6
03-23 18:43:45.478  2646  3547 I DropBoxManagerService: add tag=SYSTEM_TOMBSTONE_PROTO_WITH_HEADERS isTagEnabled=true flags=0x4
03-23 18:43:45.480  2646 20555 D Transition: setReady 842 wc=Task{862cfbc #156 type=standard A=10343:com.visiongenieapp} ready=false
03-23 18:43:45.481  2646 20555 D WindowManager: Collecting in transition 842: ActivityRecord{75421d2 u0 com.miui.home/.launcher.Launcher t2} init visibleRequested:false
03-23 18:43:45.481  5652  5790 I DynamicDDSService: handleMessage(ACTIVITY_INVOKE{appInfo=com.miui.home isFullScreen=}true)
03-23 18:43:45.482  2646 20555 D MiuiRefreshRatePolicy: reset
03-23 18:43:45.482  9423  9856 I TombstoneParser: ParseTombstone success, for com.visiongenieappin file :/data/miuilog/stability/nativecrash/tombstones/tombstone_08
03-23 18:43:45.483  9423  9856 W MQSEventManager: neoccur
03-23 18:43:45.483  2646  2675 D WindowManager: wms.Focus not requested for window=Window{548aac2 u0 com.visiongenieapp/com.visiongenieapp.MainActivity} because it has no surface or is not focusable.
03-23 18:43:45.484  2646  2664 W BroadcastQueue: Delivery state of BroadcastRecord{862cc60 android.intent.action.DROPBOX_ENTRY_ADDED/u-1} to BroadcastFilter{e5495b4 10163/u0 ReceiverList{56f287 9960 com.xiaomi.xmsf/10163/u0 remote:4f642c6}} via null changed from PENDING to SKIPPED because skipped by policy at enqueue: Compat change filtered: broadcasting Intent { act=android.intent.action.DROPBOX_ENTRY_ADDED flg=0x10 (has extras) } to uid 10163 due to compat change 296060945
03-23 18:43:45.484  2646  2664 W BroadcastQueue: Delivery state of BroadcastRecord{862cc60 android.intent.action.DROPBOX_ENTRY_ADDED/u-1} to BroadcastFilter{32ccfe1 10163/u0 ReceiverList{7923548 10383 com.xiaomi.xmsf:services/10163/u0 remote:117c3eb}} via null changed from PENDING to SKIPPED because skipped by policy at enqueue: Compat change filtered: broadcasting Intent { act=android.intent.action.DROPBOX_ENTRY_ADDED flg=0x10 (has extras) } to uid 10163 due to compat change 296060945
03-23 18:43:45.485  2646  5952 D WindowManager: Set transition=TransitionRecord{c8ea006 id=842 type=CLOSE flags=0x10}, ready=false, SyncId=842 info=used=true, override=false, defer=0, states=Display{#0 state=ON size=1800x2880 ROTATION_180}:false reason=com.android.server.wm.Transition.start:874 com.android.server.wm.WindowOrganizerController.startTransition:492 com.android.server.wm.WindowOrganizerController.startTransition:376 android.window.IWindowOrganizerController$Stub.onTransact:304 com.android.server.wm.WindowOrganizerController.onTransact:245 android.os.Binder.execTransactInternal:1512 android.os.Binder.execTransact:1451 <bottom of call stack> 
03-23 18:43:45.485  2646  2672 I ActivityManager: Showing crash dialog for package com.visiongenieapp u0
03-23 18:43:45.486  2646  4943 I DisplayModeDirectorImpl: setSmartDisplayUpRefreshRatePolicy [0.0,144.0]
03-23 18:43:45.486  1615  8143 D MI-SF   : updateScene: module = 268 (Animation), value = 1, pkg = perf_interaction, Vrr = 1, mSetTpIdleFlag = 0
03-23 18:43:45.486  1615  8143 D MI-SF   : isIdleTimerSkip is 1,mSetIdleForceFlag = 0
03-23 18:43:45.486  1615  8143 D MI-SF   : updateScene mSetAnimationFlag status 1, vsync 120
03-23 18:43:45.486  2646  2674 D DisplayModeDirectorImpl: use smart display refresh rate policy
03-23 18:43:45.487  5858  6078 D OneHandedController: stopOneHanded state is 0
03-23 18:43:45.487  2646  2664 W BroadcastQueue: Delivery state of BroadcastRecord{862cc60 android.intent.action.DROPBOX_ENTRY_ADDED/u-1} to BroadcastFilter{a9af8b5 10163/u0 ReceiverList{eb6ecec 10816 com.xiaomi.xmsf:kit7/10163/u0 remote:4abc39f}} via null changed from PENDING to SKIPPED because skipped by policy at enqueue: Compat change filtered: broadcasting Intent { act=android.intent.action.DROPBOX_ENTRY_ADDED flg=0x10 (has extras) } to uid 10163 due to compat change 296060945
03-23 18:43:45.487  2646  2664 W BroadcastQueue: Delivery state of BroadcastRecord{862cc60 android.intent.action.DROPBOX_ENTRY_ADDED/u-1} to BroadcastFilter{77e08c6 10163/u0 ReceiverList{e54dea1 19947 com.xiaomi.xmsf:persistent/10163/u0 remote:caa4708}} via null changed from PENDING to SKIPPED because skipped by policy at enqueue: Compat change filtered: broadcasting Intent { act=android.intent.action.DROPBOX_ENTRY_ADDED flg=0x10 (has extras) } to uid 10163 due to compat change 296060945
03-23 18:43:45.487  2646  2664 W BroadcastQueue: Delivery state of BroadcastRecord{862cc60 android.intent.action.DROPBOX_ENTRY_ADDED/u-1} to BroadcastFilter{199c79b 10163/u0 ReceiverList{161afaa 22266 com.xiaomi.xmsf:kit6/10163/u0 remote:21d0295}} via null changed from PENDING to SKIPPED because skipped by policy at enqueue: Compat change filtered: broadcasting Intent { act=android.intent.action.DROPBOX_ENTRY_ADDED flg=0x10 (has extras) } to uid 10163 due to compat change 296060945
03-23 18:43:45.488  5378 25858 D SystemUiProxyWrapper: SystemUiProxyWrapper onRecentTasksChanged
03-23 18:43:45.488  2646  2664 W BroadcastQueue: Delivery state of BroadcastRecord{862cc60 android.intent.action.DROPBOX_ENTRY_ADDED/u-1} to ResolveInfo{e967519 com.google.android.gms/.stats.service.DropBoxEntryAddedReceiver m=0x108000 userHandle=UserHandle{0}} via null changed from PENDING to SKIPPED because skipped by policy at enqueue: Background execution not allowed: receiving Intent { act=android.intent.action.DROPBOX_ENTRY_ADDED flg=0x10 (has extras) } to com.google.android.gms/.stats.service.DropBoxEntryAddedReceiver
03-23 18:43:45.488  5378 25858 D RecentsModel: checkBoostLoadPlanThread dock bindcore info : 6098
03-23 18:43:45.488  5378 25858 I MiBridge: requestThreadLevelPro ret: 500066
03-23 18:43:45.488  2220  2236 W MiuiBooster: "MiuiBoosterService requestThreadPriority: 10120, 2, 2000, 500066"
03-23 18:43:45.489  5858  5858 D KeyguardEditorHelper: onTopActivityMayChanged, topActivity=ComponentInfo{com.miui.home/com.miui.home.launcher.Launcher}; mState=IDEL
03-23 18:43:45.489  5378 25858 D Launcher_CPUBooster: requestThreadLevelPriority : 500066
03-23 18:43:45.489  5378 25858 V RecentsModel: checkBoostLoadPlanThread boost load plan success
03-23 18:43:45.489  5378 25858 D Launcher.Boost: setTurboSchedActionWithPriority::threadIds = [6098]
03-23 18:43:45.489  5378 25858 V RecentsModel: setDynamicVIPTaskIfNeeded success
03-23 18:43:45.489  2646  2664 W BroadcastQueue: Delivery state of BroadcastRecord{813a9de android.intent.action.DROPBOX_ENTRY_ADDED/u-1} to BroadcastFilter{3675bbf 10113/u0 ReceiverList{d80b060 16443 com.google.android.gms.persistent/10113/u0 remote:7855c63}} via null changed from PENDING to SKIPPED because skipped by policy at enqueue: Compat change filtered: broadcasting Intent { act=android.intent.action.DROPBOX_ENTRY_ADDED flg=0x10 (has extras) } to uid 10113 due to compat change 296060945
03-23 18:43:45.490  5378 25858 D RecentsTaskManager: onTaskStackChangedBackground
03-23 18:43:45.490  2646  2664 W BroadcastQueue: Delivery state of BroadcastRecord{813a9de android.intent.action.DROPBOX_ENTRY_ADDED/u-1} to ResolveInfo{dd527bf com.google.android.gms/.stats.service.DropBoxEntryAddedReceiver m=0x108000 userHandle=UserHandle{0}} via null changed from PENDING to SKIPPED because skipped by policy at enqueue: Compat change filtered: broadcasting Intent { act=android.intent.action.DROPBOX_ENTRY_ADDED flg=0x10 (has extras) } from android (pid=2646, uid=1000) to com.google.android.gms/.stats.service.DropBoxEntryAddedReceiver to uid 10113 due to compat change 296060945
03-23 18:43:45.490  2646  2675 I WindowManager: wms.showSurfaceRobustly mWin:Window{23164d1 u0 com.miui.miwallpaper.wallpaperservice.ImageWallpaper}
03-23 18:43:45.490  5378  5378 D HotSeatsListRecentsAppProvider: onTaskStackChangedBackground called from RecentTasksChangedEvent true
03-23 18:43:45.494  5378  6098 W RecentsModel: getRunningTask   taskInfo=TaskInfo{userId=0 taskId=2 displayId=0 isRunning=true baseIntent=Intent { act=android.intent.action.MAIN cat=[android.intent.category.HOME] flg=0x10000100 cmp=com.miui.home/.launcher.Launcher } baseActivity=ComponentInfo{com.miui.home/com.miui.home.launcher.Launcher} topActivity=ComponentInfo{com.miui.home/com.miui.home.launcher.Launcher} origActivity=null realActivity=ComponentInfo{com.miui.home/com.miui.home.launcher.Launcher} numActivities=1 lastActiveTime=988691648 supportsSplitScreenMultiWindow=true mSoScDisplayMode=-1 supportsMultiWindow=true resizeMode=2 isResizeable=true minWidth=-1 minHeight=-1 defaultMinSize=200 token=WCT{android.window.IWindowContainerToken$Stub$Proxy@970e054} topActivityType=2 pictureInPictureParams=null shouldDockBigOverlays=false launchIntoPipHostTaskId=-1 lastParentTaskIdBeforePip=-1 displayCutoutSafeInsets=null topActivityInfo=ActivityInfo{e614bfd com.miui.home.launcher.Launcher} launchCookies=[] positionInParent=Point(0, 0) parentTaskId=-1 isFocused=false isVisible=false isVisibleRequested=true isSleeping=false locusId=null displayAreaFeatureId=1 isTopActivityTransparent=false appCompatTaskInfo=AppCompatTaskInfo { topActivityInSizeCompat=false topActivityInMiuiSizeCompat=false topActivityEligibleForLetterboxEducation= falseisLetterboxEducationEnabled= false isLetterboxDoubleTapEnabled= false topActivityEligibleForUserAspectRatioButton= false topActivityBoundsLetterboxed= false isFromLetterboxDoubleTap= false topActivityLetterboxVerticalPosition= -1 topActivityLetterboxHorizontalPosition= -1 topActivityLetterboxWidth=1800 topActivityLetterboxHeight=2880 isUserFullscreenOverrideEnabled=false isSystemFullscreenOverrideEnabled=false cameraCompatTaskInfo=CameraCompatTaskInfo { cameraCompatControlState=hidden freeformCameraCompatMode=inactive}} isImmersive=false mTopActivityRequestOrientation=-1 mBehindAppLockPkg=null mOriginatingUid=0 isEmbedded=false shouldBeVisible=true isCreatedByOrganizer=false mIsCastMode=false mTopActivityMediaSize=Rect(0, 0 - 0, 0) mTopActivityRecordName=ActivityRecord{75421d2 u0 com.miui.home/.launcher.Launcher t2} mTopActivityOrientation=-1}
03-23 18:43:45.494  5378  6098 D RuntimeMeasurement: getRunningTaskId: 2: cost 4ms
03-23 18:43:45.495  5378  6098 E MiuiPadHome_ActivityManagerWrapper: get all recent tasks force including 2
03-23 18:43:45.495  2646  2664 W BroadcastQueue: Delivery state of BroadcastRecord{2c85ea android.intent.action.DROPBOX_ENTRY_ADDED/u-1} to BroadcastFilter{e5495b4 10163/u0 ReceiverList{56f287 9960 com.xiaomi.xmsf/10163/u0 remote:4f642c6}} via null changed from PENDING to SKIPPED because skipped by policy at enqueue: Compat change filtered: broadcasting Intent { act=android.intent.action.DROPBOX_ENTRY_ADDED flg=0x10 (has extras) } to uid 10163 due to compat change 296060945
03-23 18:43:45.496  2646  2664 W BroadcastQueue: Delivery state of BroadcastRecord{2c85ea android.intent.action.DROPBOX_ENTRY_ADDED/u-1} to BroadcastFilter{32ccfe1 10163/u0 ReceiverList{7923548 10383 com.xiaomi.xmsf:services/10163/u0 remote:117c3eb}} via null changed from PENDING to SKIPPED because skipped by policy at enqueue: Compat change filtered: broadcasting Intent { act=android.intent.action.DROPBOX_ENTRY_ADDED flg=0x10 (has extras) } to uid 10163 due to compat change 296060945
03-23 18:43:45.496  2646  2664 W BroadcastQueue: Delivery state of BroadcastRecord{2c85ea android.intent.action.DROPBOX_ENTRY_ADDED/u-1} to BroadcastFilter{a9af8b5 10163/u0 ReceiverList{eb6ecec 10816 com.xiaomi.xmsf:kit7/10163/u0 remote:4abc39f}} via null changed from PENDING to SKIPPED because skipped by policy at enqueue: Compat change filtered: broadcasting Intent { act=android.intent.action.DROPBOX_ENTRY_ADDED flg=0x10 (has extras) } to uid 10163 due to compat change 296060945
03-23 18:43:45.496  2646  2664 W BroadcastQueue: Delivery state of BroadcastRecord{2c85ea android.intent.action.DROPBOX_ENTRY_ADDED/u-1} to BroadcastFilter{77e08c6 10163/u0 ReceiverList{e54dea1 19947 com.xiaomi.xmsf:persistent/10163/u0 remote:caa4708}} via null changed from PENDING to SKIPPED because skipped by policy at enqueue: Compat change filtered: broadcasting Intent { act=android.intent.action.DROPBOX_ENTRY_ADDED flg=0x10 (has extras) } to uid 10163 due to compat change 296060945
03-23 18:43:45.496  2646  2664 W BroadcastQueue: Delivery state of BroadcastRecord{2c85ea android.intent.action.DROPBOX_ENTRY_ADDED/u-1} to BroadcastFilter{199c79b 10163/u0 ReceiverList{161afaa 22266 com.xiaomi.xmsf:kit6/10163/u0 remote:21d0295}} via null changed from PENDING to SKIPPED because skipped by policy at enqueue: Compat change filtered: broadcasting Intent { act=android.intent.action.DROPBOX_ENTRY_ADDED flg=0x10 (has extras) } to uid 10163 due to compat change 296060945
03-23 18:43:45.497  9423  9727 W PknAttribUtils: targetFile does not exist do nothing
03-23 18:43:45.498  1615  1615 I BpBinder: onLastStrongRef automatically unlinking death recipients: 
03-23 18:43:45.499  2646  2664 W BroadcastQueue: Delivery state of BroadcastRecord{2c85ea android.intent.action.DROPBOX_ENTRY_ADDED/u-1} to ResolveInfo{f4516b6 com.google.android.gms/.stats.service.DropBoxEntryAddedReceiver m=0x108000 userHandle=UserHandle{0}} via null changed from PENDING to SKIPPED because skipped by policy at enqueue: Background execution not allowed: receiving Intent { act=android.intent.action.DROPBOX_ENTRY_ADDED flg=0x10 (has extras) } to com.google.android.gms/.stats.service.DropBoxEntryAddedReceiver
03-23 18:43:45.499  5378  6098 E MiuiPadHome_ActivityManagerWrapper: getRecentTasksForceIncludingTaskIdIfValid: getRecentTasks: size=7
03-23 18:43:45.499  5378  6098 E MiuiPadHome_ActivityManagerWrapper:  mainTaskId=156   userId=0   windowMode=1   baseIntent=Intent { act=null flag=268435456 cmp=ComponentInfo{com.visiongenieapp/com.visiongenieapp.MainActivity} }
03-23 18:43:45.499  5378  6098 E MiuiPadHome_ActivityManagerWrapper:  mainTaskId=148   userId=0   windowMode=1   baseIntent=Intent { act=android.intent.action.MAIN flag=270532608 cmp=ComponentInfo{com.tencent.mm/com.tencent.mm.ui.LauncherUI} }
03-23 18:43:45.499  5378  6098 E MiuiPadHome_ActivityManagerWrapper:  mainTaskId=140   userId=0   windowMode=1   baseIntent=Intent { act=android.intent.action.MAIN flag=270532608 cmp=ComponentInfo{com.ss.android.ugc.aweme/com.ss.android.ugc.aweme.splash.SplashActivity} }
03-23 18:43:45.499  5378  6098 E MiuiPadHome_ActivityManagerWrapper:  mainTaskId=131   userId=0   windowMode=1   baseIntent=Intent { act=android.intent.action.MAIN flag=270532608 cmp=ComponentInfo{com.tencent.tmgp.sgame/com.tencent.tmgp.sgame.SGameActivity} }
03-23 18:43:45.499  5378  6098 E MiuiPadHome_ActivityManagerWrapper:  mainTaskId=134   userId=0   windowMode=1   baseIntent=Intent { act=com.android.browser.HYPER_CAPTIVE_PORTAL flag=272629760 cmp=ComponentInfo{com.android.browser/com.android.captiveportallogin.CaptivePortalLoginActivity} }
03-23 18:43:45.499  5378  6098 E MiuiPadHome_ActivityManagerWrapper:  mainTaskId=133   userId=0   windowMode=1   baseIntent=Intent { act=android.settings.WIFI_SETTINGS flag=335544320 cmp=ComponentInfo{com.android.settings/com.android.settings.Settings$WifiSettingsActivity} }
03-23 18:43:45.499  5378  6098 E MiuiPadHome_ActivityManagerWrapper:  mainTaskId=132   userId=0   windowMode=0   baseIntent=Intent { act=null flag=0 cmp=ComponentInfo{com.tencent.mobileqq/com.tencent.open.agent.AgentActivity} }
03-23 18:43:45.499  5378  6098 D RuntimeMeasurement: loadRecentTasks: cost 4ms
03-23 18:43:45.500  1413  1882 W SDM-histogram: Discarding event blob-id: B6
03-23 18:43:45.501  5378  6098 D RuntimeMeasurement: updateTaskKey: cost 2ms
03-23 18:43:45.501  5378  6098 D RecentsTaskManager: diffTasks onUpdate: [TaskKey{id=156, stackId=0, baseIntent=Intent { flg=0x10000000 cmp=com.visiongenieapp/.MainActivity }, userId=0, lastActiveTime=988691628, windowingMode=1, isThumbnailBlur=false, isScreening=false, topActivity=null, mHashCode=5570948}, title=VisionGenieApp, titleDescription=VisionGenieApp, bounds=null, isLaunchTarget=false, isStackTask=true, isSystemApp=false, isDockable=true, isLocked=false, isAccessLocked=false, mNeedHide=false, hasMultipleTasks=false, cti1Key=, cti2Key=] 
03-23 18:43:45.501  5378  6098 D RuntimeMeasurement: updateTaskKey: cost 0ms
03-23 18:43:45.501  5378  6098 D RecentsTaskManager: diffTasks onUpdate: [TaskKey{id=148, stackId=0, baseIntent=Intent { act=android.intent.action.MAIN cat=[android.intent.category.LAUNCHER] flg=0x10200000 cmp=com.tencent.mm/.ui.LauncherUI }, userId=0, lastActiveTime=987023436, windowingMode=1, isThumbnailBlur=false, isScreening=false, topActivity=ComponentInfo{com.tencent.mm/com.tencent.mm.ui.chatting.ChattingUI}, mHashCode=5332620}, title=微信, titleDescription=微信, bounds=null, isLaunchTarget=false, isStackTask=true, isSystemApp=false, isDockable=true, isLocked=false, isAccessLocked=false, mNeedHide=false, hasMultipleTasks=false, cti1Key=, cti2Key=] 
03-23 18:43:45.501  2646  2664 W BroadcastQueue: Delivery state of BroadcastRecord{c83e842 android.intent.action.DROPBOX_ENTRY_ADDED/u-1} to BroadcastFilter{3675bbf 10113/u0 ReceiverList{d80b060 16443 com.google.android.gms.persistent/10113/u0 remote:7855c63}} via null changed from PENDING to SKIPPED because skipped by policy at enqueue: Compat change filtered: broadcasting Intent { act=android.intent.action.DROPBOX_ENTRY_ADDED flg=0x10 (has extras) } to uid 10113 due to compat change 296060945
03-23 18:43:45.501  5378  6098 D RuntimeMeasurement: updateTaskKey: cost 0ms
03-23 18:43:45.501  5378  6098 D RecentsTaskManager: diffTasks onUpdate: [TaskKey{id=140, stackId=0, baseIntent=Intent { act=android.intent.action.MAIN cat=[android.intent.category.LAUNCHER] flg=0x10200000 cmp=com.ss.android.ugc.aweme/.splash.SplashActivity }, userId=0, lastActiveTime=984630192, windowingMode=1, isThumbnailBlur=false, isScreening=false, topActivity=ComponentInfo{com.ss.android.ugc.aweme/com.ss.android.ugc.aweme.main.MainActivity}, mHashCode=5094292}, title=抖音, titleDescription=抖音, bounds=null, isLaunchTarget=false, isStackTask=true, isSystemApp=false, isDockable=true, isLocked=false, isAccessLocked=false, mNeedHide=false, hasMultipleTasks=false, cti1Key=, cti2Key=] 
03-23 18:43:45.502  2646  2664 W BroadcastQueue: Delivery state of BroadcastRecord{c83e842 android.intent.action.DROPBOX_ENTRY_ADDED/u-1} to ResolveInfo{9fa3053 com.google.android.gms/.stats.service.DropBoxEntryAddedReceiver m=0x108000 userHandle=UserHandle{0}} via null changed from PENDING to SKIPPED because skipped by policy at enqueue: Compat change filtered: broadcasting Intent { act=android.intent.action.DROPBOX_ENTRY_ADDED flg=0x10 (has extras) } from android (pid=2646, uid=1000) to com.google.android.gms/.stats.service.DropBoxEntryAddedReceiver to uid 10113 due to compat change 296060945
03-23 18:43:45.502  5378  6098 D RuntimeMeasurement: updateTaskKey: cost 1ms
03-23 18:43:45.502  5378  6098 D RecentsTaskManager: diffTasks onUpdate: [TaskKey{id=131, stackId=0, baseIntent=Intent { act=android.intent.action.MAIN cat=[android.intent.category.LAUNCHER] flg=0x10200000 cmp=com.tencent.tmgp.sgame/.SGameActivity }, userId=0, lastActiveTime=830012067, windowingMode=1, isThumbnailBlur=false, isScreening=false, topActivity=ComponentInfo{com.tencent.tmgp.sgame/com.tencent.tmgp.sgame.SGameActivity}, mHashCode=4826173}, title=王者荣耀, titleDescription=王者荣耀, bounds=null, isLaunchTarget=false, isStackTask=true, isSystemApp=false, isDockable=false, isLocked=false, isAccessLocked=false, mNeedHide=false, hasMultipleTasks=false, cti1Key=, cti2Key=] 
03-23 18:43:45.502  1413  1888 I SDM     : HWEventsDRM::SetEventState: Setup vsync event for CRTC 156, Connector 57
03-23 18:43:45.502  5378  6098 D RuntimeMeasurement: updateTaskKey: cost 0ms
03-23 18:43:45.502  5378  6098 D RecentsTaskManager: diffTasks onUpdate: [TaskKey{id=134, stackId=0, baseIntent=Intent { act=com.android.browser.HYPER_CAPTIVE_PORTAL flg=0x10400000 cmp=com.android.browser/com.android.captiveportallogin.CaptivePortalLoginActivity }, userId=0, lastActiveTime=829328956, windowingMode=1, isThumbnailBlur=false, isScreening=false, topActivity=null, mHashCode=4915546}, title=浏览器, titleDescription=浏览器, bounds=null, isLaunchTarget=false, isStackTask=true, isSystemApp=true, isDockable=true, isLocked=false, isAccessLocked=false, mNeedHide=false, hasMultipleTasks=false, cti1Key=, cti2Key=] 
03-23 18:43:45.502  5378  6098 D RuntimeMeasurement: updateTaskKey: cost 0ms
03-23 18:43:45.502  5378  6098 D RecentsTaskManager: diffTasks onUpdate: [TaskKey{id=133, stackId=0, baseIntent=Intent { act=android.settings.WIFI_SETTINGS flg=0x14000000 cmp=com.android.settings/.Settings$WifiSettingsActivity }, userId=0, lastActiveTime=829316073, windowingMode=1, isThumbnailBlur=false, isScreening=false, topActivity=ComponentInfo{com.android.settings/com.android.settings.Settings$WifiSettingsActivity}, mHashCode=4885755}, title=WLAN, titleDescription=设置 WLAN, bounds=null, isLaunchTarget=false, isStackTask=true, isSystemApp=true, isDockable=false, isLocked=false, isAccessLocked=false, mNeedHide=false, hasMultipleTasks=false, cti1Key=, cti2Key=] 
03-23 18:43:45.503  5378  6098 D RuntimeMeasurement: updateTaskKey: cost 1ms
03-23 18:43:45.503  5378  6098 D RecentsTaskManager: diffTasks onUpdate: [TaskKey{id=132, stackId=0, baseIntent=Intent { cmp=com.tencent.mobileqq/com.tencent.open.agent.AgentActivity }, userId=0, lastActiveTime=821622466, windowingMode=0, isThumbnailBlur=false, isScreening=false, topActivity=null, mHashCode=4855933}, title=QQ, titleDescription=QQ, bounds=null, isLaunchTarget=false, isStackTask=true, isSystemApp=false, isDockable=true, isLocked=false, isAccessLocked=false, mNeedHide=false, hasMultipleTasks=false, cti1Key=, cti2Key=] 
03-23 18:43:45.503  5378  6098 D RuntimeMeasurement: RecentsTaskManager.reloadTaskStack: cost 13ms
03-23 18:43:45.503  2646  6435 W MiInputDispatcher: 548aac2 com.visiongenieapp/com.visiongenieapp.MainActivity window was removed, remove device state for device -1#0
03-23 18:43:45.503  5378  6098 E TaskSnapshotCompatVS: new TaskSnapshotCompatVS failed, taskSnapshot is null
03-23 18:43:45.503  5378  6098 E TaskSnapshotCompatVS: getTaskThumbnailInfo failed, mTaskSnapshot: null, mHardwareBuffer: null
03-23 18:43:45.503  5378  6098 E TaskSnapshotCompatVS: getBitmap failed, mHardwareBuffer is null
03-23 18:43:45.503  5378  6098 D RuntimeMeasurement: RecentsTaskLoader.refreshResourceCache: cost 0ms
03-23 18:43:45.504  2646  6435 I MIUIInput: [MotionEvent] publisher action=0x3, deviceId=-1, 445322977, channel '548aac2 com.visiongenieapp/com.visiongenieapp.MainActivity (server)'
03-23 18:43:45.504  9423  9856 I TombstoneRecord: finish put file: tombstone_08, created at: 1774262625470
03-23 18:43:45.504  2646  3547 I BootReceiver: Copying /data/tombstones/tombstone_08 to DropBox (SYSTEM_TOMBSTONE)
03-23 18:43:45.504  2646  3547 I DropBoxManagerService: add tag=SYSTEM_TOMBSTONE isTagEnabled=true flags=0x6
03-23 18:43:45.506  2646  2664 W BroadcastQueue: Delivery state of BroadcastRecord{9ed7eaf android.intent.action.DROPBOX_ENTRY_ADDED/u-1} to BroadcastFilter{e5495b4 10163/u0 ReceiverList{56f287 9960 com.xiaomi.xmsf/10163/u0 remote:4f642c6}} via null changed from PENDING to SKIPPED because skipped by policy at enqueue: Compat change filtered: broadcasting Intent { act=android.intent.action.DROPBOX_ENTRY_ADDED flg=0x10 (has extras) } to uid 10163 due to compat change 296060945
03-23 18:43:45.506  2646  2664 W BroadcastQueue: Delivery state of BroadcastRecord{9ed7eaf android.intent.action.DROPBOX_ENTRY_ADDED/u-1} to BroadcastFilter{32ccfe1 10163/u0 ReceiverList{7923548 10383 com.xiaomi.xmsf:services/10163/u0 remote:117c3eb}} via null changed from PENDING to SKIPPED because skipped by policy at enqueue: Compat change filtered: broadcasting Intent { act=android.intent.action.DROPBOX_ENTRY_ADDED flg=0x10 (has extras) } to uid 10163 due to compat change 296060945
03-23 18:43:45.506  2646  2664 W BroadcastQueue: Delivery state of BroadcastRecord{9ed7eaf android.intent.action.DROPBOX_ENTRY_ADDED/u-1} to BroadcastFilter{a9af8b5 10163/u0 ReceiverList{eb6ecec 10816 com.xiaomi.xmsf:kit7/10163/u0 remote:4abc39f}} via null changed from PENDING to SKIPPED because skipped by policy at enqueue: Compat change filtered: broadcasting Intent { act=android.intent.action.DROPBOX_ENTRY_ADDED flg=0x10 (has extras) } to uid 10163 due to compat change 296060945
03-23 18:43:45.506  2646  2664 W BroadcastQueue: Delivery state of BroadcastRecord{9ed7eaf android.intent.action.DROPBOX_ENTRY_ADDED/u-1} to BroadcastFilter{77e08c6 10163/u0 ReceiverList{e54dea1 19947 com.xiaomi.xmsf:persistent/10163/u0 remote:caa4708}} via null changed from PENDING to SKIPPED because skipped by policy at enqueue: Compat change filtered: broadcasting Intent { act=android.intent.action.DROPBOX_ENTRY_ADDED flg=0x10 (has extras) } to uid 10163 due to compat change 296060945
03-23 18:43:45.506  2646  2664 W BroadcastQueue: Delivery state of BroadcastRecord{9ed7eaf android.intent.action.DROPBOX_ENTRY_ADDED/u-1} to BroadcastFilter{199c79b 10163/u0 ReceiverList{161afaa 22266 com.xiaomi.xmsf:kit6/10163/u0 remote:21d0295}} via null changed from PENDING to SKIPPED because skipped by policy at enqueue: Compat change filtered: broadcasting Intent { act=android.intent.action.DROPBOX_ENTRY_ADDED flg=0x10 (has extras) } to uid 10163 due to compat change 296060945
03-23 18:43:45.506  2646  2664 W BroadcastQueue: Delivery state of BroadcastRecord{9ed7eaf android.intent.action.DROPBOX_ENTRY_ADDED/u-1} to ResolveInfo{11272bc com.google.android.gms/.stats.service.DropBoxEntryAddedReceiver m=0x108000 userHandle=UserHandle{0}} via null changed from PENDING to SKIPPED because skipped by policy at enqueue: Background execution not allowed: receiving Intent { act=android.intent.action.DROPBOX_ENTRY_ADDED flg=0x10 (has extras) } to com.google.android.gms/.stats.service.DropBoxEntryAddedReceiver
03-23 18:43:45.506  1413  1882 W SDM-histogram: Discarding event blob-id: B6
03-23 18:43:45.507  2646  2664 W BroadcastQueue: Delivery state of BroadcastRecord{d385245 android.intent.action.DROPBOX_ENTRY_ADDED/u-1} to BroadcastFilter{3675bbf 10113/u0 ReceiverList{d80b060 16443 com.google.android.gms.persistent/10113/u0 remote:7855c63}} via null changed from PENDING to SKIPPED because skipped by policy at enqueue: Compat change filtered: broadcasting Intent { act=android.intent.action.DROPBOX_ENTRY_ADDED flg=0x10 (has extras) } to uid 10113 due to compat change 296060945
03-23 18:43:45.507  2646  2664 W BroadcastQueue: Delivery state of BroadcastRecord{d385245 android.intent.action.DROPBOX_ENTRY_ADDED/u-1} to ResolveInfo{6a3d9a com.google.android.gms/.stats.service.DropBoxEntryAddedReceiver m=0x108000 userHandle=UserHandle{0}} via null changed from PENDING to SKIPPED because skipped by policy at enqueue: Compat change filtered: broadcasting Intent { act=android.intent.action.DROPBOX_ENTRY_ADDED flg=0x10 (has extras) } from android (pid=2646, uid=1000) to com.google.android.gms/.stats.service.DropBoxEntryAddedReceiver to uid 10113 due to compat change 296060945
03-23 18:43:45.510  9423  9727 D DigestGenerator: digest=============com.visiongenieappAbort message: 'terminating due to uncaught exception of type Ort::Exception: Failed to load model because protobuf parsing failed.'
03-23 18:43:45.510  9423  9727 D DigestGenerator:  /apex/com.android.runtime/lib/bionic/libc.so (abort+) ()
03-23 18:43:45.510  9423  9727 D DigestGenerator:  XXbase.apk!libsherpa-onnx-jni.so (offset XX) ()
03-23 18:43:45.510  9423  9727 D DigestGenerator:  XXbase.apk!libsherpa-onnx-jni.so (offset XX) ()
03-23 18:43:45.510  9423  9727 D DigestGenerator:  XXbase.apk!libsherpa-onnx-jni.so (offset XX) ()
03-23 18:43:45.510  9423  9727 D DigestGenerator:  XXbase.apk!libsherpa-onnx-jni.so (offset XX) ()
03-23 18:43:45.510  9423  9727 D DigestGenerator:  XXbase.apk!libsherpa-onnx-jni.so (offset XX) ()
03-23 18:43:45.510  9423  9727 D DigestGenerator:  XXbase.apk!libsherpa-onnx-jni.so (offset XX) ()
03-23 18:43:45.510  9423  9727 D DigestGenerator:  XXbase.apk!libsherpa-onnx-jni.so (offset XX) ()
03-23 18:43:45.510  9423  9727 D DigestGenerator:  XXbase.apk!libsherpa-onnx-jni.so (offset XX) ()
03-23 18:43:45.510  9423  9727 D DigestGenerator:  XXbase.apk!libsherpa-onnx-jni.so (offset XX) ()
03-23 18:43:45.510  9423  9727 D DigestGenerator:  XXbase.apk!libsherpa-onnx-jni.so (offset XX) ()
03-23 18:43:45.510  9423  9727 D DigestGenerator:  XXbase.apk!libsherpa-onnx-jni.so (offset XX) (Java_com_kfsa_sherpa_onnx_OnlineRecognizer_newFromAsset+) ()
03-23 18:43:45.510  9423  9727 D DigestGenerator:  /apex/com.android.art/lib/libart.so (art_quick_generic_jni_trampoline+) ()
03-23 18:43:45.510  9423  9727 D DigestGenerator:  /apex/com.android.art/lib/libart.so (art_quick_invoke_stub+) ()
03-23 18:43:45.510  9423  9727 D DigestGenerator:  /apex/com.android.art/lib/libart.so (art::ArtMethod::Invoke(art::Thread*, unsigned int*, unsigned int, art::JValue*, char const*)+) ()
03-23 18:43:45.510  9423  9727 D DigestGenerator:  /apex/com.android.art/lib/libart.so (bool art::interpreter::DoCall<false>(art::ArtMethod*, art::Thread*, art::ShadowFrame&, art::Instruction const*, unsigned short, bool, art::JValue*)+) ()
03-23 18:43:45.510  9423  9727 D DigestGenerator:  /apex/com.android.art/lib/libart.so (void art::interpreter::ExecuteSwitchImplCpp<false>(art::interpreter::SwitchImplContext*)+) ()
03-23 18:43:45.510  9423  9727 D DigestGenerator:  /apex/com.android.art/lib/libart.so (ExecuteSwitchImplAsm+) ()
03-23 18:43:45.510  9423  9727 D DigestGenerator:  [anon:dalvik-classes.dex extracted in memory from XXbase.apk]
03-23 18:43:45.510  9423  9727 D DigestGenerator:  /apex/com.android.art/lib/libart.so (art::interpreter::Execute(art::Thread*, art::CodeItemDataAccessor const&, art::ShadowFrame&, art::JValue, bool, bool) (.__uniq.)+) ()
03-23 18:43:45.510  9423  9727 D DigestGenerator:  /apex/com.android.art/lib/libart.so (art::interpreter::ArtInterpreterToInterpreterBridge(art::Thread*, art::CodeItemDataAccessor const&, art::ShadowFrame*, art::JValue*)+) ()
03-23 18:43:45.510  9423  9727 D DigestGenerator:  /apex/com.android.art/lib/libart.so (bool art::interpreter::DoCall<false>(art::ArtMethod*, art::Thread*, art::ShadowFrame&, art::Instruction const*, unsigned short, bool, art::JValue*)+) ()
03-23 18:43:45.510  9423  9727 D DigestGenerator:  /apex/com.android.art/lib/libart.so (void art::interpreter::ExecuteSwitchImplCpp<false>(art::interpreter::SwitchImplContext*)+) ()
03-23 18:43:45.510  9423  9727 D DigestGenerator:  /apex/com.android.art/lib/libart.so (ExecuteSwitchImplAsm+) ()
03-23 18:43:45.510  9423  9727 D DigestGenerator:  [anon:dalvik-classes.dex extracted in memory from XXbase.apk] (com.visiongenieapp.voice.VoiceRecognitionModule.ensureRecognizer+)
03-23 18:43:45.510  9423  9727 D DigestGenerator:  /apex/com.android.art/lib/libart.so (art::interpreter::Execute(art::Thread*, art::CodeItemDataAccessor const&, art::ShadowFrame&, art::JValue, bool, bool) (.__uniq.)+) ()
03-23 18:43:45.510  9423  9727 D DigestGenerator:  /apex/com.android.art/lib/libart.so (art::interpreter::ArtInterpreterToInterpreterBridge(art::Thread*, art::CodeItemDataAccessor const&, art::ShadowFrame*, art::JValue*)+) ()
03-23 18:43:45.510  9423  9727 D DigestGenerator:  /apex/com.android.art/lib/libart.so (bool art::interpreter::DoCall<false>(art::ArtMethod*, art::Thread*, art::ShadowFrame&, art::Instruction const*, unsigned short, bool, art::JValue*)+) ()
03-23 18:43:45.510  9423  9727 D DigestGenerator:  /apex/com.android.art/lib/libart.so (void art::interpreter::ExecuteSwitchImplCpp<false>(art::interpreter::SwitchImplContext*)+) ()
03-23 18:43:45.510  9423  9727 D DigestGenerator:  /apex/com.android.art/lib/libart.so (ExecuteSwitchImplAsm+) ()
03-23 18:43:45.510  9423  9727 D DigestGenerator:  [anon:dalvik-classes.dex extracted in memory from XXbase.apk] (com.visiongenieapp.voice.VoiceRecognitionModule.start$lambda$+)
03-23 18:43:45.510  9423  9727 D DigestGenerator:  /apex/com.android.art/lib/libart.so (art::interpreter::Execute(art::Thread*, art::CodeItemDataAccessor const&, art::ShadowFrame&, art::JValue, bool, bool) (.__uniq.)+) ()
03-23 18:43:45.510  9423  9727 D DigestGenerator:  /apex/com.android.art/lib/libart.so (art::interpreter::ArtInterpreterToInterpreterBridge(art::Thread*, art::CodeItemDataAccessor const&, art::ShadowFrame*, art::JValue*)+) ()
03-23 18:43:45.510  9423  9727 D DigestGenerator:  /apex/com.android.art/lib/libart.so (bool art::interpreter::DoCall<false>(art::ArtMethod*, art::Thread*, art::ShadowFrame&, art::Instruction const*, unsigned short, bool, art::JValue*)+) ()
03-23 18:43:45.510  9423  9727 D DigestGenerator:  /apex/com.android.art/lib/libart.so (void art::interpreter::ExecuteSwitchImplCpp<false>(art::interpreter::SwitchImplContext*)+) ()
03-23 18:43:45.510  9423  9727 D DigestGenerator:  /apex/com.android.art/lib/libart.so (ExecuteSwitchImplAsm+) ()
03-23 18:43:45.510  9423  9727 D DigestGenerator:  [anon:dalvik-classes.dex extracted in memory from XXbase.apk] (com.visiongenieapp.voice.VoiceRecognitionModule.$r$lambda$-PubGVaDq-kRLXLHPlfaZ+)
03-23 18:43:45.510  9423  9727 D DigestGenerator:  /apex/com.android.art/lib/libart.so (art::interpreter::Execute(art::Thread*, art::CodeItemDataAccessor const&, art::ShadowFrame&, art::JValue, bool, bool) (.__uniq.)+) ()
03-23 18:43:45.510  9423  9727 D DigestGenerator:  /apex/com.android.art/lib/libart.so (art::interpreter::ArtInterpreterToInterpreterBridge(art::Thread*, art::CodeItemDataAccessor const&, art::ShadowFrame*, art::JValue*)+) ()
03-23 18:43:45.510  9423  9727 D DigestGenerator:  /apex/com.android.art/lib/libart.so (bool art::interpreter::DoCall<false>(art::ArtMethod*, art::Thread*, art::ShadowFrame&, art::Instruction const*, unsigned short, bool, art::JValue*)+) ()
03-23 18:43:45.510  9423  9727 D DigestGenerator:  /apex/com.android.art/lib/libart.so (void art::interpreter::ExecuteSwitchImplCpp<false>(art::interpreter::SwitchImplContext*)+) ()
03-23 18:43:45.510  9423  9727 D DigestGenerator:  /apex/com.android.art/lib/libart.so (ExecuteSwitchImplAsm+) ()
03-23 18:43:45.510  9423  9727 D DigestGenerator:  [anon:dalvik-classes.dex extracted in memory from XXbase.apk] (com.visiongenieapp.voice.VoiceRecognitionModule$$ExternalSyntheticLambda.run+)
03-23 18:43:45.510  9423  9727 D DigestGenerator:  /apex/com.android.art/lib/libart.so (art::interpreter::Execute(art::Thread*, art::CodeItemDataAccessor const&, art::ShadowFrame&, art::JValue, bool, bool) (.__uniq.)+) ()
03-23 18:43:45.510  9423  9727 D DigestGenerator:  /apex/com.android.art/lib/libart.so (artQuickToInterpreterBridge+) ()
03-23 18:43:45.510  9423  9727 D DigestGenerator:  /apex/com.android.art/lib/libart.so (art_quick_to_interpreter_bridge+) ()
03-23 18:43:45.510  9423  9727 D DigestGenerator:  /memfd:jit-cache (deleted) (offset XX) (android.os.Handler.handleCallback+)
03-23 18:43:45.510  9423  9727 D DigestGenerator:  /memfd:jit-cache (deleted) (offset XX) (android.os.Handler.dispatchMessage+)
03-23 18:43:45.510  9423  9727 D DigestGenerator:  /memfd:jit-cache (deleted) (offset XX) (android.os.Looper.loopOnce+)
03-23 18:43:45.510  9423  9727 D DigestGenerator:  /apex/com.android.art/lib/libart.so (art_quick_invoke_static_stub+) ()
03-23 18:43:45.510  9423  9727 D DigestGenerator:  /apex/com.android.art/lib/libart.so (art::ArtMethod::Invoke(art::Thread*, unsigned int*, unsigned int, art::JValue*, char const*)+) ()
03-23 18:43:45.510  9423  9727 D DigestGenerator:  /apex/com.android.art/lib/libart.so (bool art::interpreter::DoCall<false>(art::ArtMethod*, art::Thread*, art::ShadowFrame&, art::Instruction const*, unsigned short, bool, art::JValue*)+) ()
